Component: ARM Compiler 5.06 update 1 (build 61) Tool: armlink [4d35a8]

==============================================================================

Section Cross References

    main.o(i.advertising_init) refers to memseta.o(.text) for __aeabi_memclr4
    main.o(i.advertising_init) refers to ble_advertising.o(i.ble_advertising_init) for ble_advertising_init
    main.o(i.advertising_init) refers to app_error_handler_keil.o(.emb_text) for app_error_handler
    main.o(i.advertising_init) refers to ble_advertising.o(i.ble_advertising_conn_cfg_tag_set) for ble_advertising_conn_cfg_tag_set
    main.o(i.advertising_init) refers to main.o(.data) for m_adv_uuids
    main.o(i.advertising_init) refers to main.o(i.on_adv_evt) for on_adv_evt
    main.o(i.advertising_init) refers to main.o(.bss) for m_advertising
    main.o(i.advertising_start) refers to ble_advertising.o(i.ble_advertising_start) for ble_advertising_start
    main.o(i.advertising_start) refers to app_error_handler_keil.o(.emb_text) for app_error_handler
    main.o(i.advertising_start) refers to main.o(.bss) for m_advertising
    main.o(i.assert_nrf_callback) refers to app_error_handler_keil.o(.emb_text) for app_error_handler
    main.o(i.ble_evt_handler) refers to nrf_log_frontend.o(i.nrf_log_frontend_std_0) for nrf_log_frontend_std_0
    main.o(i.ble_evt_handler) refers to bsp.o(i.bsp_indication_set) for bsp_indication_set
    main.o(i.ble_evt_handler) refers to app_error_handler_keil.o(.emb_text) for app_error_handler
    main.o(i.ble_evt_handler) refers to nrf_ble_qwr.o(i.nrf_ble_qwr_conn_handle_assign) for nrf_ble_qwr_conn_handle_assign
    main.o(i.ble_evt_handler) refers to nrf_log_frontend.o(log_dynamic_data) for m_nrf_log_app_logs_data_dynamic
    main.o(i.ble_evt_handler) refers to main.o(.data) for m_conn_handle
    main.o(i.ble_evt_handler) refers to main.o(.bss) for m_qwr
    main.o(i.ble_stack_init) refers to nrf_sdh.o(i.nrf_sdh_enable_request) for nrf_sdh_enable_request
    main.o(i.ble_stack_init) refers to app_error_handler_keil.o(.emb_text) for app_error_handler
    main.o(i.ble_stack_init) refers to nrf_sdh_ble.o(i.nrf_sdh_ble_default_cfg_set) for nrf_sdh_ble_default_cfg_set
    main.o(i.ble_stack_init) refers to nrf_sdh_ble.o(i.nrf_sdh_ble_enable) for nrf_sdh_ble_enable
    main.o(i.bsp_event_handler) refers to main.o(i.sleep_mode_enter) for sleep_mode_enter
    main.o(i.bsp_event_handler) refers to app_error_handler_keil.o(.emb_text) for app_error_handler
    main.o(i.bsp_event_handler) refers to ble_advertising.o(i.ble_advertising_restart_without_whitelist) for ble_advertising_restart_without_whitelist
    main.o(i.bsp_event_handler) refers to main.o(.data) for m_conn_handle
    main.o(i.bsp_event_handler) refers to main.o(.bss) for m_advertising
    main.o(i.buttons_leds_init) refers to bsp.o(i.bsp_init) for bsp_init
    main.o(i.buttons_leds_init) refers to app_error_handler_keil.o(.emb_text) for app_error_handler
    main.o(i.buttons_leds_init) refers to bsp_btn_ble.o(i.bsp_btn_ble_init) for bsp_btn_ble_init
    main.o(i.buttons_leds_init) refers to main.o(i.bsp_event_handler) for bsp_event_handler
    main.o(i.calendar_updated) refers to main.o(i.print_current_time) for print_current_time
    main.o(i.calendar_updated) refers to main.o(.data) for run_time_updates
    main.o(i.conn_params_error_handler) refers to app_error_handler_keil.o(.emb_text) for app_error_handler
    main.o(i.conn_params_init) refers to memseta.o(.text) for __aeabi_memclr4
    main.o(i.conn_params_init) refers to ble_conn_params.o(i.ble_conn_params_init) for ble_conn_params_init
    main.o(i.conn_params_init) refers to app_error_handler_keil.o(.emb_text) for app_error_handler
    main.o(i.conn_params_init) refers to main.o(i.on_conn_params_evt) for on_conn_params_evt
    main.o(i.conn_params_init) refers to main.o(i.conn_params_error_handler) for conn_params_error_handler
    main.o(i.gap_params_init) refers to app_error_handler_keil.o(.emb_text) for app_error_handler
    main.o(i.gatt_evt_handler) refers to nrf_log_frontend.o(i.nrf_log_frontend_std_2) for nrf_log_frontend_std_2
    main.o(i.gatt_evt_handler) refers to main.o(.data) for m_conn_handle
    main.o(i.gatt_evt_handler) refers to nrf_log_frontend.o(log_dynamic_data) for m_nrf_log_app_logs_data_dynamic
    main.o(i.gatt_init) refers to nrf_ble_gatt.o(i.nrf_ble_gatt_init) for nrf_ble_gatt_init
    main.o(i.gatt_init) refers to app_error_handler_keil.o(.emb_text) for app_error_handler
    main.o(i.gatt_init) refers to nrf_ble_gatt.o(i.nrf_ble_gatt_att_mtu_periph_set) for nrf_ble_gatt_att_mtu_periph_set
    main.o(i.gatt_init) refers to main.o(i.gatt_evt_handler) for gatt_evt_handler
    main.o(i.gatt_init) refers to main.o(.bss) for m_gatt
    main.o(i.idle_state_handle) refers to nrf_log_frontend.o(i.nrf_log_frontend_dequeue) for nrf_log_frontend_dequeue
    main.o(i.idle_state_handle) refers to nrf_pwr_mgmt.o(i.nrf_pwr_mgmt_run) for nrf_pwr_mgmt_run
[...]
    __scatterload_null                       0x000272b3   Thumb Code     2  handlers.o(i.__scatterload_null)
    __scatterload_zeroinit                   0x000272b5   Thumb Code    14  handlers.o(i.__scatterload_zeroinit)
    app_button_enable                        0x00027685   Thumb Code    34  app_button.o(i.app_button_enable)
    app_button_init                          0x000276b1   Thumb Code   138  app_button.o(i.app_button_init)
    app_error_fault_handler                  0x00027761   Thumb Code   234  app_error_weak.o(i.app_error_fault_handler)
    app_error_save_and_stop                  0x00027909   Thumb Code   132  app_error.o(i.app_error_save_and_stop)
    app_fifo_get                             0x00027991   Thumb Code    30  app_fifo.o(i.app_fifo_get)
    app_fifo_init                            0x000279af   Thumb Code    36  app_fifo.o(i.app_fifo_init)
    app_fifo_put                             0x000279d3   Thumb Code    34  app_fifo.o(i.app_fifo_put)
    app_timer_create                         0x000279f5   Thumb Code    56  app_timer.o(i.app_timer_create)
    app_timer_init                           0x00027a31   Thumb Code    70  app_timer.o(i.app_timer_init)
    app_timer_start                          0x00027a8d   Thumb Code    78  app_timer.o(i.app_timer_start)
    app_timer_stop                           0x00027ae1   Thumb Code    44  app_timer.o(i.app_timer_stop)
    app_uart_get                             0x00027b11   Thumb Code    70  app_uart_fifo.o(i.app_uart_get)
    app_uart_init                            0x00027ba5   Thumb Code   188  app_uart_fifo.o(i.app_uart_init)
    app_uart_put                             0x00027c81   Thumb Code    90  app_uart_fifo.o(i.app_uart_put)
    app_util_critical_region_enter           0x00027ced   Thumb Code    12  app_util_platform.o(i.app_util_critical_region_enter)
    app_util_critical_region_exit            0x00027cf9   Thumb Code    62  app_util_platform.o(i.app_util_critical_region_exit)
    blcm_link_ctx_get                        0x00027ec5   Thumb Code   108  ble_link_ctx_manager.o(i.blcm_link_ctx_get)
    ble_advdata_encode                       0x00027f31   Thumb Code   364  ble_advdata.o(i.ble_advdata_encode)
    ble_advdata_parse                        0x0002809d   Thumb Code    40  ble_advdata.o(i.ble_advdata_parse)
    ble_advdata_search                       0x000280c5   Thumb Code    64  ble_advdata.o(i.ble_advdata_search)
    ble_advertising_conn_cfg_tag_set         0x00028105   Thumb Code     6  ble_advertising.o(i.ble_advertising_conn_cfg_tag_set)
    ble_advertising_init                     0x0002810b   Thumb Code   264  ble_advertising.o(i.ble_advertising_init)
    ble_advertising_on_ble_evt               0x00028213   Thumb Code    60  ble_advertising.o(i.ble_advertising_on_ble_evt)
    ble_advertising_on_sys_evt               0x0002824f   Thumb Code    64  ble_advertising.o(i.ble_advertising_on_sys_evt)
    ble_advertising_restart_without_whitelist 0x0002828f   Thumb Code    74  ble_advertising.o(i.ble_advertising_restart_without_whitelist)
    ble_advertising_start                    0x000282d9   Thumb Code   384  ble_advertising.o(i.ble_advertising_start)
    ble_conn_params_init                     0x00028459   Thumb Code   136  ble_conn_params.o(i.ble_conn_params_init)
    ble_conn_state_conn_idx                  0x000284f5   Thumb Code    20  ble_conn_state.o(i.ble_conn_state_conn_idx)
    ble_conn_state_valid                     0x00028509   Thumb Code    22  ble_conn_state.o(i.ble_conn_state_valid)
    ble_nus_data_send                        0x0002890d   Thumb Code   122  ble_nus.o(i.ble_nus_data_send)
    ble_nus_init                             0x00028989   Thumb Code   134  ble_nus.o(i.ble_nus_init)
    ble_nus_on_ble_evt                       0x00028a15   Thumb Code    68  ble_nus.o(i.ble_nus_on_ble_evt)
    ble_srv_is_notification_enabled          0x00028a59   Thumb Code    18  ble_srv_common.o(i.ble_srv_is_notification_enabled)
    bsp_board_button_idx_to_pin              0x00028ae5   Thumb Code     8  boards.o(i.bsp_board_button_idx_to_pin)
    bsp_board_button_state_get               0x00028af1   Thumb Code    44  boards.o(i.bsp_board_button_state_get)
    bsp_board_init                           0x00028b4d   Thumb Code    26  boards.o(i.bsp_board_init)
    bsp_board_led_invert                     0x00028b69   Thumb Code    44  boards.o(i.bsp_board_led_invert)
    bsp_board_led_off                        0x00028b99   Thumb Code    16  boards.o(i.bsp_board_led_off)
    bsp_board_led_on                         0x00028bad   Thumb Code    16  boards.o(i.bsp_board_led_on)
    bsp_board_led_state_get                  0x00028bc1   Thumb Code    44  boards.o(i.bsp_board_led_state_get)
    bsp_board_leds_off                       0x00028c21   Thumb Code    20  boards.o(i.bsp_board_leds_off)
    bsp_board_leds_on                        0x00028c35   Thumb Code    20  boards.o(i.bsp_board_leds_on)
    bsp_board_pin_to_button_idx              0x00028c49   Thumb Code    32  boards.o(i.bsp_board_pin_to_button_idx)
    bsp_btn_ble_init                         0x00028c6d   Thumb Code    36  bsp_btn_ble.o(i.bsp_btn_ble_init)
    bsp_btn_ble_sleep_mode_prepare           0x00028c99   Thumb Code    50  bsp_btn_ble.o(i.bsp_btn_ble_sleep_mode_prepare)
    bsp_button_is_pressed                    0x00028d91   Thumb Code    20  bsp.o(i.bsp_button_is_pressed)
    bsp_event_handler                        0x00028da5   Thumb Code   118  main.o(i.bsp_event_handler)
    bsp_event_to_button_action_assign        0x00028e35   Thumb Code    86  bsp.o(i.bsp_event_to_button_action_assign)
    bsp_indication_set                       0x00028e91   Thumb Code    28  bsp.o(i.bsp_indication_set)
    bsp_init                                 0x00028eb1   Thumb Code   136  bsp.o(i.bsp_init)
    bsp_wakeup_button_enable                 0x000292d9   Thumb Code    14  bsp.o(i.bsp_wakeup_button_enable)
    buffer_is_empty                          0x000293ed   Thumb Code    20  nrf_log_frontend.o(i.buffer_is_empty)
    calendar_updated                         0x00029485   Thumb Code    14  main.o(i.calendar_updated)
    conn_handle_list_get                     0x00029665   Thumb Code    60  ble_conn_state.o(i.conn_handle_list_get)
    fputc                                    0x00029fb7   Thumb Code    16  retarget.o(i.fputc)
    gatt_evt_handler                         0x0002a061   Thumb Code    78  main.o(i.gatt_evt_handler)
    gatt_init                                0x0002a115   Thumb Code    72  main.o(i.gatt_init)
    main                                     0x0002a855   Thumb Code   122  main.o(i.main)
    nrf_atfifo_clear                         0x0002ab4f   Thumb Code    22  nrf_atfifo.o(i.nrf_atfifo_clear)
    nrf_atfifo_init                          0x0002ab65   Thumb Code    40  nrf_atfifo.o(i.nrf_atfifo_init)
    nrf_atfifo_item_alloc                    0x0002ab8d   Thumb Code    28  nrf_atfifo.o(i.nrf_atfifo_item_alloc)
    nrf_atfifo_item_free                     0x0002aba9   Thumb Code    28  nrf_atfifo.o(i.nrf_atfifo_item_free)
    nrf_atfifo_item_get                      0x0002abc5   Thumb Code    28  nrf_atfifo.o(i.nrf_atfifo_item_get)
    nrf_atfifo_item_put                      0x0002abe1   Thumb Code    28  nrf_atfifo.o(i.nrf_atfifo_item_put)
    nrf_atflags_clear                        0x0002abfd   Thumb Code    30  nrf_atflags.o(i.nrf_atflags_clear)
    nrf_atflags_get                          0x0002ac1b   Thumb Code    30  nrf_atflags.o(i.nrf_atflags_get)
    nrf_atflags_set                          0x0002ac39   Thumb Code    30  nrf_atflags.o(i.nrf_atflags_set)
    nrf_atomic_flag_clear_fetch              0x0002ac57   Thumb Code    14  nrf_atomic.o(i.nrf_atomic_flag_clear_fetch)
    nrf_atomic_flag_set                      0x0002ac65   Thumb Code    14  nrf_atomic.o(i.nrf_atomic_flag_set)
    nrf_atomic_flag_set_fetch                0x0002ac73   Thumb Code    14  nrf_atomic.o(i.nrf_atomic_flag_set_fetch)
    nrf_atomic_u32_add                       0x0002ac81   Thumb Code    22  nrf_atomic.o(i.nrf_atomic_u32_add)
    nrf_atomic_u32_and                       0x0002ac97   Thumb Code    22  nrf_atomic.o(i.nrf_atomic_u32_and)
    nrf_atomic_u32_fetch_and                 0x0002acad   Thumb Code    22  nrf_atomic.o(i.nrf_atomic_u32_fetch_and)
    nrf_atomic_u32_fetch_or                  0x0002acc3   Thumb Code    22  nrf_atomic.o(i.nrf_atomic_u32_fetch_or)
    nrf_atomic_u32_fetch_store               0x0002acd9   Thumb Code    22  nrf_atomic.o(i.nrf_atomic_u32_fetch_store)
    nrf_atomic_u32_or                        0x0002acef   Thumb Code    22  nrf_atomic.o(i.nrf_atomic_u32_or)
    nrf_atomic_u32_sub                       0x0002ad05   Thumb Code    22  nrf_atomic.o(i.nrf_atomic_u32_sub)
    nrf_balloc_alloc                         0x0002ad1b   Thumb Code    82  nrf_balloc.o(i.nrf_balloc_alloc)
    nrf_balloc_free                          0x0002ad7d   Thumb Code    48  nrf_balloc.o(i.nrf_balloc_free)
    nrf_balloc_init                          0x0002adb9   Thumb Code    60  nrf_balloc.o(i.nrf_balloc_init)
    nrf_ble_gatt_att_mtu_periph_set          0x0002ae21   Thumb Code    30  nrf_ble_gatt.o(i.nrf_ble_gatt_att_mtu_periph_set)
    nrf_ble_gatt_init                        0x0002ae3f   Thumb Code    52  nrf_ble_gatt.o(i.nrf_ble_gatt_init)
    nrf_ble_gatt_on_ble_evt                  0x0002ae75   Thumb Code   226  nrf_ble_gatt.o(i.nrf_ble_gatt_on_ble_evt)
    nrf_ble_qwr_conn_handle_assign           0x0002af95   Thumb Code    32  nrf_ble_qwr.o(i.nrf_ble_qwr_conn_handle_assign)
    nrf_ble_qwr_init                         0x0002afb5   Thumb Code    50  nrf_ble_qwr.o(i.nrf_ble_qwr_init)
    nrf_ble_qwr_on_ble_evt                   0x0002afe7   Thumb Code   124  nrf_ble_qwr.o(i.nrf_ble_qwr_on_ble_evt)
    nrf_cal_get_time                         0x0002b065   Thumb Code    38  nrf_calendar.o(i.nrf_cal_get_time)
    nrf_cal_get_time_calibrated              0x0002b099   Thumb Code   102  nrf_calendar.o(i.nrf_cal_get_time_calibrated)
    nrf_cal_get_time_string                  0x0002b115   Thumb Code    34  nrf_calendar.o(i.nrf_cal_get_time_string)
    nrf_cal_init                             0x0002b14d   Thumb Code   130  nrf_calendar.o(i.nrf_cal_init)
    nrf_cal_set_callback                     0x0002b1f1   Thumb Code    40  nrf_calendar.o(i.nrf_cal_set_callback)
    nrf_cal_set_time                         0x0002b22d   Thumb Code   134  nrf_calendar.o(i.nrf_cal_set_time)
    nrf_drv_clock_init                       0x0002b30d   Thumb Code    54  nrf_drv_clock.o(i.nrf_drv_clock_init)
    nrf_drv_clock_lfclk_release              0x0002b34d   Thumb Code    42  nrf_drv_clock.o(i.nrf_drv_clock_lfclk_release)
    nrf_drv_uart_init                        0x0002b37d   Thumb Code   118  nrf_drv_uart.o(i.nrf_drv_uart_init)
    nrf_fprintf                              0x0002b491   Thumb Code    42  nrf_fprintf.o(i.nrf_fprintf)
    nrf_fprintf_buffer_flush                 0x0002b4bb   Thumb Code    28  nrf_fprintf.o(i.nrf_fprintf_buffer_flush)
    nrf_fprintf_fmt                          0x0002b4d7   Thumb Code   496  nrf_fprintf_format.o(i.nrf_fprintf_fmt)
    nrf_fstorage_is_busy                     0x0002b6c9   Thumb Code    74  nrf_fstorage.o(i.nrf_fstorage_is_busy)
    nrf_fstorage_sdh_req_handler             0x0002b71d   Thumb Code    22  nrf_fstorage_sd.o(i.nrf_fstorage_sdh_req_handler)
    nrf_fstorage_sdh_state_handler           0x0002b739   Thumb Code    40  nrf_fstorage_sd.o(i.nrf_fstorage_sdh_state_handler)
    nrf_fstorage_sys_evt_handler             0x0002b765   Thumb Code   130  nrf_fstorage_sd.o(i.nrf_fstorage_sys_evt_handler)
    nrf_log_backend_add                      0x0002ba19   Thumb Code    68  nrf_log_frontend.o(i.nrf_log_backend_add)
    nrf_log_backend_rtt_init                 0x0002ba63   Thumb Code     8  nrf_log_backend_rtt.o(i.nrf_log_backend_rtt_init)
    nrf_log_backend_serial_put               0x0002ba8d   Thumb Code   242  nrf_log_backend_serial.o(i.nrf_log_backend_serial_put)
    nrf_log_color_id_get                     0x0002bb81   Thumb Code    52  nrf_log_frontend.o(i.nrf_log_color_id_get)
    nrf_log_default_backends_init            0x0002bbb9   Thumb Code    32  nrf_log_default_backends.o(i.nrf_log_default_backends_init)
    nrf_log_frontend_dequeue                 0x0002bbdd   Thumb Code   734  nrf_log_frontend.o(i.nrf_log_frontend_dequeue)
    nrf_log_frontend_hexdump                 0x0002bedd   Thumb Code   230  nrf_log_frontend.o(i.nrf_log_frontend_hexdump)
    nrf_log_frontend_std_0                   0x0002bfc9   Thumb Code    20  nrf_log_frontend.o(i.nrf_log_frontend_std_0)
    nrf_log_frontend_std_1                   0x0002bfdd   Thumb Code    24  nrf_log_frontend.o(i.nrf_log_frontend_std_1)
    nrf_log_frontend_std_2                   0x0002bff5   Thumb Code    32  nrf_log_frontend.o(i.nrf_log_frontend_std_2)
    nrf_log_frontend_std_3                   0x0002c015   Thumb Code    40  nrf_log_frontend.o(i.nrf_log_frontend_std_3)
    nrf_log_frontend_std_5                   0x0002c03d   Thumb Code    56  nrf_log_frontend.o(i.nrf_log_frontend_std_5)
    nrf_log_hexdump_entry_process            0x0002c075   Thumb Code   158  nrf_log_str_formatter.o(i.nrf_log_hexdump_entry_process)
    nrf_log_init                             0x0002c12d   Thumb Code    80  nrf_log_frontend.o(i.nrf_log_init)
    nrf_log_module_cnt_get                   0x0002c191   Thumb Code    10  nrf_log_frontend.o(i.nrf_log_module_cnt_get)
    nrf_log_module_name_get                  0x0002c1a5   Thumb Code    30  nrf_log_frontend.o(i.nrf_log_module_name_get)
    nrf_log_panic                            0x0002c1c9   Thumb Code    46  nrf_log_frontend.o(i.nrf_log_panic)
    nrf_log_std_entry_process                0x0002c1fd   Thumb Code   200  nrf_log_str_formatter.o(i.nrf_log_std_entry_process)
    nrf_memobj_alloc                         0x0002c2c5   Thumb Code   122  nrf_memobj.o(i.nrf_memobj_alloc)
    nrf_memobj_free                          0x0002c33f   Thumb Code    64  nrf_memobj.o(i.nrf_memobj_free)
    nrf_memobj_get                           0x0002c37f   Thumb Code    16  nrf_memobj.o(i.nrf_memobj_get)
    nrf_memobj_pool_init                     0x0002c38f   Thumb Code    12  nrf_memobj.o(i.nrf_memobj_pool_init)
    nrf_memobj_put                           0x0002c39b   Thumb Code    30  nrf_memobj.o(i.nrf_memobj_put)
    nrf_memobj_read                          0x0002c3b9   Thumb Code    28  nrf_memobj.o(i.nrf_memobj_read)
    nrf_memobj_write                         0x0002c3d5   Thumb Code    28  nrf_memobj.o(i.nrf_memobj_write)
    nrf_pwr_mgmt_init                        0x0002c3f1   Thumb Code    46  nrf_pwr_mgmt.o(i.nrf_pwr_mgmt_init)
    nrf_pwr_mgmt_run                         0x0002c431   Thumb Code   100  nrf_pwr_mgmt.o(i.nrf_pwr_mgmt_run)
    nrf_sdh_ble_app_ram_start_get            0x0002c4bd   Thumb Code    18  nrf_sdh_ble.o(i.nrf_sdh_ble_app_ram_start_get)
    nrf_sdh_ble_default_cfg_set              0x0002c4d5   Thumb Code   356  nrf_sdh_ble.o(i.nrf_sdh_ble_default_cfg_set)
    nrf_sdh_ble_enable                       0x0002c655   Thumb Code   128  nrf_sdh_ble.o(i.nrf_sdh_ble_enable)
    nrf_sdh_disable_request                  0x0002c849   Thumb Code    90  nrf_sdh.o(i.nrf_sdh_disable_request)
    nrf_sdh_enable_request                   0x0002c8ad   Thumb Code   116  nrf_sdh.o(i.nrf_sdh_enable_request)
    nrf_sdh_evts_poll                        0x0002c935   Thumb Code    44  nrf_sdh.o(i.nrf_sdh_evts_poll)
    nrf_sdh_is_enabled                       0x0002c965   Thumb Code     6  nrf_sdh.o(i.nrf_sdh_is_enabled)
    nrf_sdh_request_continue                 0x0002c971   Thumb Code    30  nrf_sdh.o(i.nrf_sdh_request_continue)
    nrf_section_iter_init                    0x0002ca37   Thumb Code    20  nrf_section_iter.o(i.nrf_section_iter_init)
    nrf_section_iter_next                    0x0002ca79   Thumb Code    46  nrf_section_iter.o(i.nrf_section_iter_next)
    nrf_strerror_find                        0x0002caa9   Thumb Code    60  nrf_strerror.o(i.nrf_strerror_find)
    nrf_strerror_get                         0x0002cae9   Thumb Code    22  nrf_strerror.o(i.nrf_strerror_get)
    nrfx_clock_enable                        0x0002cbc5   Thumb Code    16  nrfx_clock.o(i.nrfx_clock_enable)
    nrfx_clock_init                          0x0002cbd9   Thumb Code    30  nrfx_clock.o(i.nrfx_clock_init)
    nrfx_clock_lfclk_stop                    0x0002cbfd   Thumb Code    26  nrfx_clock.o(i.nrfx_clock_lfclk_stop)
    nrfx_gpiote_in_event_enable              0x0002cc49   Thumb Code   164  nrfx_gpiote.o(i.nrfx_gpiote_in_event_enable)
    nrfx_gpiote_in_init                      0x0002ccf5   Thumb Code   232  nrfx_gpiote.o(i.nrfx_gpiote_in_init)
    nrfx_gpiote_in_is_set                    0x0002cde9   Thumb Code    20  nrfx_gpiote.o(i.nrfx_gpiote_in_is_set)
    nrfx_gpiote_init                         0x0002cdfd   Thumb Code   176  nrfx_gpiote.o(i.nrfx_gpiote_init)
    nrfx_gpiote_is_init                      0x0002cebd   Thumb Code    16  nrfx_gpiote.o(i.nrfx_gpiote_is_init)
    nrfx_prs_acquire                         0x0002cf7d   Thumb Code    78  nrfx_prs.o(i.nrfx_prs_acquire)
    nrfx_uart_0_irq_handler                  0x0002cfcd   Thumb Code    12  nrfx_uart.o(i.nrfx_uart_0_irq_handler)
    nrfx_uart_init                           0x0002cfe1   Thumb Code   128  nrfx_uart.o(i.nrfx_uart_init)
    nrfx_uart_rx                             0x0002d069   Thumb Code   286  nrfx_uart.o(i.nrfx_uart_rx)
    nrfx_uart_tx                             0x0002d18d   Thumb Code   134  nrfx_uart.o(i.nrfx_uart_tx)
    nrfx_uart_tx_in_progress                 0x0002d219   Thumb Code    30  nrfx_uart.o(i.nrfx_uart_tx_in_progress)
    nrfx_uarte_0_irq_handler                 0x0002d23d   Thumb Code    12  nrfx_uarte.o(i.nrfx_uarte_0_irq_handler)
    nrfx_uarte_init                          0x0002d251   Thumb Code   120  nrfx_uarte.o(i.nrfx_uarte_init)
    nrfx_uarte_rx                            0x0002d2d1   Thumb Code   306  nrfx_uarte.o(i.nrfx_uarte_rx)
    nrfx_uarte_tx                            0x0002d409   Thumb Code   162  nrfx_uarte.o(i.nrfx_uarte_tx)
    nrfx_uarte_tx_in_progress                0x0002d4b1   Thumb Code    26  nrfx_uarte.o(i.nrfx_uarte_tx_in_progress)
    print_current_time                       0x0002e16d   Thumb Code    36  main.o(i.print_current_time)
    test_calendar                            0x0002ee6d   Thumb Code   158  main.o(i.test_calendar)
    uart_event_handle                        0x0002f435   Thumb Code   216  main.o(i.uart_event_handle)
    nrf_fstorage_sd                          0x0002fef8   Data          32  nrf_fstorage_sd.o(.constdata)
    nrf_log_backend_rtt_api                  0x00030080   Data          12  nrf_log_backend_rtt.o(.constdata)
    m_ram_start                              0x0003011c   Data           4  nrf_sdh_ble.o(.constdata)
    __ctype_table                            0x0003013c   Data         129  ctype_o.o(.constdata)
    Region$$Table$$Base                      0x00030a40   Number         0  anon$$obj.o(Region$$Table)
    Region$$Table$$Limit                     0x00030a60   Number         0  anon$$obj.o(Region$$Table)
    log_const_data$$Base                     0x00030a60   Number         0  nrf_ble_gatt.o(log_const_data)
    m_nrf_log_nrf_ble_gatt_logs_data_const   0x00030a60   Data           8  nrf_ble_gatt.o(log_const_data)
    m_nrf_log_ble_nus_logs_data_const        0x00030a68   Data           8  ble_nus.o(log_const_data)
    m_nrf_log_clock_logs_data_const          0x00030a70   Data           8  nrf_drv_clock.o(log_const_data)
    m_nrf_log_CLOCK_logs_data_const          0x00030a78   Data           8  nrfx_clock.o(log_const_data)
    m_nrf_log_GPIOTE_logs_data_const         0x00030a80   Data           8  nrfx_gpiote.o(log_const_data)
    m_nrf_log_PRS_logs_data_const            0x00030a88   Data           8  nrfx_prs.o(log_const_data)
    m_nrf_log_UART_logs_data_const           0x00030a90   Data           8  nrfx_uart.o(log_const_data)
    m_nrf_log_UARTE_logs_data_const          0x00030a98   Data           8  nrfx_uarte.o(log_const_data)
    m_nrf_log_nrf_fstorage_logs_data_const   0x00030aa0   Data           8  nrf_fstorage.o(log_const_data)
    m_nrf_log_atfifo_m_fifo_logs_data_const  0x00030aa8   Data           8  nrf_fstorage_sd.o(log_const_data)
    m_nrf_log_pwr_mgmt_logs_data_const       0x00030ab0   Data           8  nrf_pwr_mgmt.o(log_const_data)
    m_nrf_log_balloc_log_mempool_logs_data_const 0x00030ab8   Data           8  nrf_log_frontend.o(log_const_data)
    m_nrf_log_app_logs_data_const            0x00030ac0   Data           8  nrf_log_frontend.o(log_const_data)
    m_nrf_log_nrf_sdh_logs_data_const        0x00030ac8   Data           8  nrf_sdh.o(log_const_data)
    m_nrf_log_nrf_sdh_ble_logs_data_const    0x00030ad0   Data           8  nrf_sdh_ble.o(log_const_data)
    m_nrf_log_nrf_sdh_soc_logs_data_const    0x00030ad8   Data           8  nrf_sdh_soc.o(log_const_data)
    log_const_data$$Limit                    0x00030ae0   Number         0  nrf_sdh_soc.o(log_const_data)
    log_mempool                              0x00030ae0   Data          24  nrf_log_frontend.o(nrf_balloc)
    sdh_ble_observers0$$Base                 0x00030af8   Number         0  ble_conn_state.o(sdh_ble_observers0)
    sdh_ble_observers0$$Limit                0x00030b00   Number         0  ble_conn_state.o(sdh_ble_observers0)
    sdh_ble_observers1$$Base                 0x00030b00   Number         0  main.o(sdh_ble_observers1)
    sdh_ble_observers1$$Limit                0x00030b20   Number         0  ble_conn_params.o(sdh_ble_observers1)
    sdh_ble_observers2$$Base                 0x00030b20   Number         0  main.o(sdh_ble_observers2)
    sdh_ble_observers2$$Limit                0x00030b30   Number         0  main.o(sdh_ble_observers2)
    sdh_ble_observers3$$Base                 0x00030b30   Number         0  main.o(sdh_ble_observers3)
    m_req_obs                                0x00030b38   Data           8  nrf_fstorage_sd.o(sdh_req_observers0)
    sdh_ble_observers3$$Limit                0x00030b38   Number         0  main.o(sdh_ble_observers3)
    sdh_req_observers0$$Base                 0x00030b38   Number         0  nrf_fstorage_sd.o(sdh_req_observers0)
    sdh_req_observers0$$Limit                0x00030b40   Number         0  nrf_fstorage_sd.o(sdh_req_observers0)
    sdh_soc_observers0$$Base                 0x00030b40   Number         0  nrf_drv_clock.o(sdh_soc_observers0)
    sdh_soc_observers0$$Limit                0x00030b50   Number         0  nrf_fstorage_sd.o(sdh_soc_observers0)
    sdh_soc_observers1$$Base                 0x00030b50   Number         0  main.o(sdh_soc_observers1)
    sdh_soc_observers1$$Limit                0x00030b58   Number         0  main.o(sdh_soc_observers1)
    sdh_stack_observers0$$Base               0x00030b58   Number         0  nrf_sdh_ble.o(sdh_stack_observers0)
    sdh_stack_observers0$$Limit              0x00030b68   Number         0  nrf_sdh_soc.o(sdh_stack_observers0)
    sdh_state_observers0$$Base               0x00030b68   Number         0  nrf_drv_clock.o(sdh_state_observers0)
    sdh_state_observers0$$Limit              0x00030b78   Number         0  nrf_fstorage_sd.o(sdh_state_observers0)
    Image$$RW_IRAM1$$Base                    0x20002a98   Number         0  anon$$obj.o ABSOLUTE
    cal_cmd                                  0x20002a9a   Data           2  main.o(.data)
    nrf_drv_uart_use_easy_dma                0x20002b20   Data           1  nrf_drv_uart.o(.data)
    __stdout                                 0x20002bb0   Data           4  retarget.o(.data)
    __stdin                                  0x20002bb4   Data           4  retarget.o(.data)
    SystemCoreClock                          0x20002c1c   Data           4  system_nrf52.o(.data)
    log_dynamic_data$$Base                   0x20002c20   Number         0  nrf_ble_gatt.o(log_dynamic_data)
    m_nrf_log_nrf_ble_gatt_logs_data_dynamic 0x20002c20   Data           4  nrf_ble_gatt.o(log_dynamic_data)
    m_nrf_log_ble_nus_logs_data_dynamic      0x20002c24   Data           4  ble_nus.o(log_dynamic_data)
    m_nrf_log_clock_logs_data_dynamic        0x20002c28   Data           4  nrf_drv_clock.o(log_dynamic_data)
    m_nrf_log_CLOCK_logs_data_dynamic        0x20002c2c   Data           4  nrfx_clock.o(log_dynamic_data)
    m_nrf_log_GPIOTE_logs_data_dynamic       0x20002c30   Data           4  nrfx_gpiote.o(log_dynamic_data)
    m_nrf_log_PRS_logs_data_dynamic          0x20002c34   Data           4  nrfx_prs.o(log_dynamic_data)
    m_nrf_log_UART_logs_data_dynamic         0x20002c38   Data           4  nrfx_uart.o(log_dynamic_data)
    m_nrf_log_UARTE_logs_data_dynamic        0x20002c3c   Data           4  nrfx_uarte.o(log_dynamic_data)
    m_nrf_log_nrf_fstorage_logs_data_dynamic 0x20002c40   Data           4  nrf_fstorage.o(log_dynamic_data)
    m_nrf_log_atfifo_m_fifo_logs_data_dynamic 0x20002c44   Data           4  nrf_fstorage_sd.o(log_dynamic_data)
    m_nrf_log_pwr_mgmt_logs_data_dynamic     0x20002c48   Data           4  nrf_pwr_mgmt.o(log_dynamic_data)
    m_nrf_log_balloc_log_mempool_logs_data_dynamic 0x20002c4c   Data           4  nrf_log_frontend.o(log_dynamic_data)
    m_nrf_log_app_logs_data_dynamic          0x20002c50   Data           4  nrf_log_frontend.o(log_dynamic_data)
    m_nrf_log_nrf_sdh_logs_data_dynamic      0x20002c54   Data           4  nrf_sdh.o(log_dynamic_data)
    m_nrf_log_nrf_sdh_ble_logs_data_dynamic  0x20002c58   Data           4  nrf_sdh_ble.o(log_dynamic_data)
    m_nrf_log_nrf_sdh_soc_logs_data_dynamic  0x20002c5c   Data           4  nrf_sdh_soc.o(log_dynamic_data)
    nrf_nvic_state                           0x20003434   Data          12  app_util_platform.o(.bss)
    _SEGGER_RTT                              0x20003a10   Data         120  segger_rtt.o(.bss)
    __initial_sp                             0x20005cc8   Data           0  arm_startup_nrf52.o(STACK)



==============================================================================

Memory Map of the image

  Image Entry point : 0x00026201

  Load Region LR_IROM1 (Base: 0x00026000, Size: 0x0000ad40, Max: 0x0005a000, ABSOLUTE, COMPRESSED[0x0000abd4])

    Execution Region ER_IROM1 (Base: 0x00026000, Size: 0x0000ab78, Max: 0x0005a000, ABSOLUTE)

    Base Addr    Size         Type   Attr      Idx    E Section Name        Object

    0x00026000   0x00000200   Data   RO         5537    RESET               arm_startup_nrf52.o
    0x00026200   0x00000000   Code   RO         5637  * .ARM.Collect$$$$00000000  mc_w.l(entry.o)
    0x00026200   0x00000004   Code   RO         5958    .ARM.Collect$$$$00000001  mc_w.l(entry2.o)
    0x00026204   0x00000004   Code   RO         5961    .ARM.Collect$$$$00000004  mc_w.l(entry5.o)
    0x00026208   0x00000000   Code   RO         5963    .ARM.Collect$$$$00000008  mc_w.l(entry7b.o)
    0x00026208   0x00000000   Code   RO         5965    .ARM.Collect$$$$0000000A  mc_w.l(entry8b.o)
    0x00026208   0x00000008   Code   RO         5966    .ARM.Collect$$$$0000000B  mc_w.l(entry9a.o)
    0x00026210   0x00000000   Code   RO         5968    .ARM.Collect$$$$0000000D  mc_w.l(entry10a.o)
    0x00026210   0x00000000   Code   RO         5970    .ARM.Collect$$$$0000000F  mc_w.l(entry11a.o)
    0x00026210   0x00000004   Code   RO         5959    .ARM.Collect$$$$00002712  mc_w.l(entry2.o)
    0x00026214   0x0000001a   Code   RO         3110    .emb_text           app_error_handler_keil.o
    0x0002622e   0x00000002   PAD
    0x00026230   0x000000c8   Code   RO         3749    .emb_text           nrf_atfifo.o
    0x000262f8   0x000000e2   Code   RO         3891    .emb_text           nrf_atomic.o
    0x000263da   0x00000002   PAD
    0x000263dc   0x00000024   Code   RO         5538    .text               arm_startup_nrf52.o
    0x00026400   0x00000062   Code   RO         5640    .text               mc_w.l(uldiv.o)
    0x00026462   0x0000001e   Code   RO         5642    .text               mc_w.l(llshl.o)
    0x00026480   0x00000008   Code   RO         5644    .text               mc_w.l(ctype_o.o)
    0x00026488   0x000000a8   Code   RO         5676    .text               mc_w.l(mktime.o)
    0x00026530   0x00000394   Code   RO         5679    .text               mc_w.l(strftime.o)
    0x000268c4   0x00000024   Code   RO         5685    .text               mc_w.l(memcpya.o)
    0x000268e8   0x00000024   Code   RO         5687    .text               mc_w.l(memseta.o)
    0x0002690c   0x0000000e   Code   RO         5689    .text               mc_w.l(strlen.o)
    0x0002691a   0x00000012   Code   RO         5693    .text               mc_w.l(strcpy.o)
    0x0002692c   0x0000002c   Code   RO         5972    .text               mc_w.l(uidiv.o)
    0x00026958   0x00000020   Code   RO         5974    .text               mc_w.l(llushr.o)
    0x00026978   0x0000000c   Code   RO         5976    .text               mc_w.l(localtime_w.o)
    0x00026984   0x0000008c   Code   RO         5979    .text               mc_w.l(localtime_i.o)
    0x00026a10   0x00000024   Code   RO         5993    .text               mc_w.l(init.o)
    0x00026a34   0x00000056   Code   RO         6007    .text               mc_w.l(__dczerorl2.o)
    0x00026a8a   0x00000002   PAD
    0x00026a8c   0x0000021c   Code   RO         2151    i.GPIOTE_IRQHandler  nrfx_gpiote.o
    0x00026ca8   0x00000018   Code   RO         3310    i.NVIC_ClearPendingIRQ  app_timer.o
    0x00026cc0   0x00000016   Code   RO         3311    i.NVIC_EnableIRQ    app_timer.o
    0x00026cd6   0x00000002   PAD
    0x00026cd8   0x00000018   Code   RO         3312    i.NVIC_SetPendingIRQ  app_timer.o
    0x00026cf0   0x00000028   Code   RO         3313    i.NVIC_SetPriority  app_timer.o
    0x00026d18   0x00000054   Code   RO         1994    i.POWER_CLOCK_IRQHandler  nrfx_clock.o
    0x00026d6c   0x00000034   Code   RO         3314    i.RTC1_IRQHandler   app_timer.o
    0x00026da0   0x00000044   Code   RO          483    i.RTC2_IRQHandler   nrf_calendar.o
    0x00026de4   0x00000008   Code   RO         5058    i.SEGGER_RTT_Init   segger_rtt.o
    0x00026dec   0x00000084   Code   RO         5072    i.SEGGER_RTT_WriteNoLock  segger_rtt.o
    0x00026e70   0x00000008   Code   RO         3315    i.SWI0_EGU0_IRQHandler  app_timer.o
    0x00026e78   0x00000008   Code   RO         5310    i.SWI2_EGU2_IRQHandler  nrf_sdh.o
    0x00026e80   0x00000010   Code   RO         5545    i.SystemCoreClockUpdate  system_nrf52.o
    0x00026e90   0x00000298   Code   RO         5546    i.SystemInit        system_nrf52.o
    0x00027128   0x00000010   Code   RO         2502    i.UARTE0_UART0_IRQHandler  nrfx_prs.o
    0x00027138   0x00000070   Code   RO         5076    i._DoInit           segger_rtt.o
    0x000271a8   0x0000001c   Code   RO         5077    i._GetAvailWriteSpace  segger_rtt.o
    0x000271c4   0x00000072   Code   RO         5079    i._WriteBlocking    segger_rtt.o
    0x00027236   0x0000004c   Code   RO         5080    i._WriteNoCheck     segger_rtt.o
    0x00027282   0x00000002   PAD
    0x00027284   0x00000020   Code   RO         5786    i.__0printf$3       mc_w.l(printf3.o)
    0x000272a4   0x0000000e   Code   RO         6001    i.__scatterload_copy  mc_w.l(handlers.o)
    0x000272b2   0x00000002   Code   RO         6002    i.__scatterload_null  mc_w.l(handlers.o)
    0x000272b4   0x0000000e   Code   RO         6003    i.__scatterload_zeroinit  mc_w.l(handlers.o)
    0x000272c2   0x00000002   PAD
    0x000272c4   0x00000038   Code   RO         5311    i.__sd_nvic_app_accessible_irq  nrf_sdh.o
    0x000272fc   0x0000000c   Code   RO         3626    i.__sd_nvic_irq_disable  app_util_platform.o
    0x00027308   0x0000001c   Code   RO         5312    i.__sd_nvic_is_app_accessible_priority  nrf_sdh.o
    0x00027324   0x000001b8   Code   RO         5793    i._printf_core      mc_w.l(printf3.o)
    0x000274dc   0x00000018   Code   RO         1001    i.addr_is_valid     ble_advertising.o
    0x000274f4   0x00000058   Code   RO         1002    i.adv_mode_next_avail_get  ble_advertising.o
    0x0002754c   0x00000012   Code   RO         1003    i.adv_mode_next_get  ble_advertising.o
    0x0002755e   0x00000054   Code   RO          818    i.advertising_buttons_configure  bsp_btn_ble.o
    0x000275b2   0x00000002   PAD
    0x000275b4   0x00000088   Code   RO            4    i.advertising_init  main.o
    0x0002763c   0x0000003c   Code   RO            5    i.advertising_start  main.o
    0x00027678   0x0000000c   Code   RO          698    i.alert_timer_handler  bsp.o
    0x00027684   0x0000002c   Code   RO         3008    i.app_button_enable  app_button.o
    0x000276b0   0x000000b0   Code   RO         3009    i.app_button_init   app_button.o
    0x00027760   0x000001a8   Code   RO         3132    i.app_error_fault_handler  app_error_weak.o
    0x00027908   0x00000088   Code   RO         3073    i.app_error_save_and_stop  app_error.o
    0x00027990   0x0000001e   Code   RO         3172    i.app_fifo_get      app_fifo.o
    0x000279ae   0x00000024   Code   RO         3173    i.app_fifo_init     app_fifo.o
    0x000279d2   0x00000022   Code   RO         3175    i.app_fifo_put      app_fifo.o
    0x000279f4   0x0000003c   Code   RO         3318    i.app_timer_create  app_timer.o
    0x00027a30   0x0000005c   Code   RO         3319    i.app_timer_init    app_timer.o
    0x00027a8c   0x00000054   Code   RO         3322    i.app_timer_start   app_timer.o
    0x00027ae0   0x00000030   Code   RO         3323    i.app_timer_stop    app_timer.o
    0x00027b10   0x00000094   Code   RO         3540    i.app_uart_get      app_uart_fifo.o
    0x00027ba4   0x000000dc   Code   RO         3541    i.app_uart_init     app_uart_fifo.o
    0x00027c80   0x0000006c   Code   RO         3542    i.app_uart_put      app_uart_fifo.o
    0x00027cec   0x0000000c   Code   RO         3627    i.app_util_critical_region_enter  app_util_platform.o
    0x00027cf8   0x00000048   Code   RO         3628    i.app_util_critical_region_exit  app_util_platform.o
    0x00027d40   0x00000052   Code   RO          874    i.appearance_encode  ble_advdata.o
    0x00027d92   0x0000007c   Code   RO         2553    i.apply_config      nrfx_uart.o
    0x00027e0e   0x0000007c   Code   RO         2798    i.apply_config      nrfx_uarte.o
    0x00027e8a   0x00000002   PAD
    0x00027e8c   0x00000038   Code   RO         4786    i.backend_id_assign  nrf_log_frontend.o
    0x00027ec4   0x0000006c   Code   RO         1439    i.blcm_link_ctx_get  ble_link_ctx_manager.o
    0x00027f30   0x0000016c   Code   RO          876    i.ble_advdata_encode  ble_advdata.o
    0x0002809c   0x00000028   Code   RO          878    i.ble_advdata_parse  ble_advdata.o
    0x000280c4   0x00000040   Code   RO          879    i.ble_advdata_search  ble_advdata.o
    0x00028104   0x00000006   Code   RO         1004    i.ble_advertising_conn_cfg_tag_set  ble_advertising.o
    0x0002810a   0x00000108   Code   RO         1005    i.ble_advertising_init  ble_advertising.o
    0x00028212   0x0000003c   Code   RO         1007    i.ble_advertising_on_ble_evt  ble_advertising.o
    0x0002824e   0x00000040   Code   RO         1008    i.ble_advertising_on_sys_evt  ble_advertising.o
    0x0002828e   0x0000004a   Code   RO         1010    i.ble_advertising_restart_without_whitelist  ble_advertising.o
    0x000282d8   0x00000180   Code   RO         1011    i.ble_advertising_start  ble_advertising.o
    0x00028458   0x0000009c   Code   RO         1160    i.ble_conn_params_init  ble_conn_params.o
    0x000284f4   0x00000014   Code   RO         1260    i.ble_conn_state_conn_idx  ble_conn_state.o
    0x00028508   0x0000001c   Code   RO         1273    i.ble_conn_state_valid  ble_conn_state.o
    0x00028524   0x00000076   Code   RO          882    i.ble_device_addr_encode  ble_advdata.o
    0x0002859a   0x00000002   PAD
    0x0002859c   0x000001c4   Code   RO            7    i.ble_evt_handler   main.o
    0x00028760   0x00000078   Code   RO          819    i.ble_evt_handler   bsp_btn_ble.o
    0x000287d8   0x00000040   Code   RO         1162    i.ble_evt_handler   ble_conn_params.o
    0x00028818   0x000000f4   Code   RO         1274    i.ble_evt_handler   ble_conn_state.o
    0x0002890c   0x0000007a   Code   RO         1712    i.ble_nus_data_send  ble_nus.o
    0x00028986   0x00000002   PAD
    0x00028988   0x0000008c   Code   RO         1713    i.ble_nus_init      ble_nus.o
    0x00028a14   0x00000044   Code   RO         1714    i.ble_nus_on_ble_evt  ble_nus.o
    0x00028a58   0x00000012   Code   RO         1465    i.ble_srv_is_notification_enabled  ble_srv_common.o
    0x00028a6a   0x00000002   PAD
    0x00028a6c   0x00000078   Code   RO            8    i.ble_stack_init    main.o
    0x00028ae4   0x0000000c   Code   RO          556    i.bsp_board_button_idx_to_pin  boards.o
    0x00028af0   0x00000030   Code   RO          557    i.bsp_board_button_state_get  boards.o
    0x00028b20   0x0000002c   Code   RO          558    i.bsp_board_buttons_init  boards.o
    0x00028b4c   0x0000001a   Code   RO          559    i.bsp_board_init    boards.o
    0x00028b66   0x00000002   PAD
    0x00028b68   0x00000030   Code   RO          561    i.bsp_board_led_invert  boards.o
    0x00028b98   0x00000014   Code   RO          562    i.bsp_board_led_off  boards.o
    0x00028bac   0x00000014   Code   RO          563    i.bsp_board_led_on  boards.o
    0x00028bc0   0x00000030   Code   RO          564    i.bsp_board_led_state_get  boards.o
    0x00028bf0   0x00000030   Code   RO          565    i.bsp_board_leds_init  boards.o
    0x00028c20   0x00000014   Code   RO          566    i.bsp_board_leds_off  boards.o
    0x00028c34   0x00000014   Code   RO          567    i.bsp_board_leds_on  boards.o
    0x00028c48   0x00000024   Code   RO          568    i.bsp_board_pin_to_button_idx  boards.o
    0x00028c6c   0x0000002c   Code   RO          820    i.bsp_btn_ble_init  bsp_btn_ble.o
    0x00028c98   0x00000032   Code   RO          821    i.bsp_btn_ble_sleep_mode_prepare  bsp_btn_ble.o
    0x00028cca   0x00000002   PAD
    0x00028ccc   0x000000c4   Code   RO          699    i.bsp_button_event_handler  bsp.o
    0x00028d90   0x00000014   Code   RO          700    i.bsp_button_is_pressed  bsp.o
    0x00028da4   0x00000090   Code   RO            9    i.bsp_event_handler  main.o
    0x00028e34   0x0000005c   Code   RO          703    i.bsp_event_to_button_action_assign  bsp.o
    0x00028e90   0x00000020   Code   RO          704    i.bsp_indication_set  bsp.o
    0x00028eb0   0x000000ac   Code   RO          705    i.bsp_init          bsp.o
    0x00028f5c   0x0000037c   Code   RO          706    i.bsp_led_indication  bsp.o
    0x000292d8   0x0000000e   Code   RO          709    i.bsp_wakeup_button_enable  bsp.o
    0x000292e6   0x00000002   PAD
    0x000292e8   0x000000e4   Code   RO         4787    i.buf_prealloc      nrf_log_frontend.o
    0x000293cc   0x00000020   Code   RO         4116    i.buffer_add        nrf_fprintf_format.o
    0x000293ec   0x00000018   Code   RO         4788    i.buffer_is_empty   nrf_log_frontend.o
    0x00029404   0x0000000e   Code   RO          710    i.button_timer_handler  bsp.o
    0x00029412   0x00000002   PAD
    0x00029414   0x00000070   Code   RO           10    i.buttons_leds_init  main.o
    0x00029484   0x00000014   Code   RO           11    i.calendar_updated  main.o
    0x00029498   0x00000020   Code   RO         2152    i.channel_free      nrfx_gpiote.o
    0x000294b8   0x00000010   Code   RO         2153    i.channel_handler_get  nrfx_gpiote.o
    0x000294c8   0x00000080   Code   RO         2154    i.channel_port_alloc  nrfx_gpiote.o
    0x00029548   0x0000000c   Code   RO         2155    i.channel_port_get  nrfx_gpiote.o
    0x00029554   0x00000030   Code   RO         1782    i.clock_clk_started_notify  nrf_drv_clock.o
    0x00029584   0x00000028   Code   RO         1783    i.clock_irq_handler  nrf_drv_clock.o
    0x000295ac   0x00000090   Code   RO         3325    i.compare_reg_update  app_timer.o
    0x0002963c   0x00000028   Code   RO         1013    i.config_is_valid   ble_advertising.o
    0x00029664   0x0000003c   Code   RO         1275    i.conn_handle_list_get  ble_conn_state.o
    0x000296a0   0x0000005a   Code   RO          883    i.conn_int_check    ble_advdata.o
    0x000296fa   0x00000068   Code   RO          884    i.conn_int_encode   ble_advdata.o
    0x00029762   0x00000002   PAD
    0x00029764   0x00000028   Code   RO           12    i.conn_params_error_handler  main.o
    0x0002978c   0x00000070   Code   RO           13    i.conn_params_init  main.o
    0x000297fc   0x00000054   Code   RO         1163    i.conn_params_negotiation  ble_conn_params.o
    0x00029850   0x00000054   Code   RO          822    i.connection_buttons_configure  bsp_btn_ble.o
    0x000298a4   0x0000011c   Code   RO         1534    i.data_length_update  nrf_ble_gatt.o
    0x000299c0   0x000000e4   Code   RO         3011    i.detection_delay_timeout_handler  app_button.o
    0x00029aa4   0x00000018   Code   RO         4790    i.dropped_sat16_get  nrf_log_frontend.o
    0x00029abc   0x00000064   Code   RO         3326    i.elapsed_ticks_acquire  app_timer.o
    0x00029b20   0x00000058   Code   RO         4250    i.erase             nrf_fstorage_sd.o
    0x00029b78   0x0000000e   Code   RO         4251    i.erase_execute     nrf_fstorage_sd.o
    0x00029b86   0x00000002   PAD
    0x00029b88   0x00000054   Code   RO         5547    i.errata_108        system_nrf52.o
    0x00029bdc   0x00000054   Code   RO         5548    i.errata_12         system_nrf52.o
    0x00029c30   0x00000054   Code   RO         5549    i.errata_136        system_nrf52.o
    0x00029c84   0x00000030   Code   RO         5550    i.errata_16         system_nrf52.o
    0x00029cb4   0x00000020   Code   RO         5551    i.errata_182        system_nrf52.o
    0x00029cd4   0x00000054   Code   RO         5552    i.errata_31         system_nrf52.o
    0x00029d28   0x00000030   Code   RO         5553    i.errata_32         system_nrf52.o
    0x00029d58   0x00000054   Code   RO         5554    i.errata_36         system_nrf52.o
    0x00029dac   0x00000030   Code   RO         5555    i.errata_37         system_nrf52.o
    0x00029ddc   0x00000030   Code   RO         5556    i.errata_57         system_nrf52.o
    0x00029e0c   0x00000030   Code   RO         5557    i.errata_66         system_nrf52.o
    0x00029e3c   0x00000068   Code   RO         4252    i.event_send        nrf_fstorage_sd.o
    0x00029ea4   0x00000058   Code   RO         3327    i.expired_timers_handler  app_timer.o
    0x00029efc   0x00000018   Code   RO         3178    i.fifo_get          app_fifo.o
    0x00029f14   0x0000000a   Code   RO         3179    i.fifo_length       app_fifo.o
    0x00029f1e   0x0000000a   Code   RO         3543    i.fifo_length       app_uart_fifo.o
    0x00029f28   0x00000012   Code   RO         3180    i.fifo_peek         app_fifo.o
    0x00029f3a   0x00000012   Code   RO         3181    i.fifo_put          app_fifo.o
    0x00029f4c   0x00000036   Code   RO          885    i.flags_encode      ble_advdata.o
    0x00029f82   0x0000002a   Code   RO         1014    i.flags_set         ble_advertising.o
    0x00029fac   0x0000000a   Code   RO         1015    i.flash_access_in_progress  ble_advertising.o
    0x00029fb6   0x00000010   Code   RO         4612    i.fputc             retarget.o
    0x00029fc6   0x00000002   PAD
    0x00029fc8   0x00000098   Code   RO           14    i.gap_params_init   main.o
    0x0002a060   0x000000b4   Code   RO           15    i.gatt_evt_handler  main.o
    0x0002a114   0x00000060   Code   RO           16    i.gatt_init         main.o
    0x0002a174   0x000000a4   Code   RO         3012    i.gpiote_event_handler  app_button.o
    0x0002a218   0x0000000c   Code   RO           17    i.idle_state_handle  main.o
    0x0002a224   0x0000003c   Code   RO         4253    i.init              nrf_fstorage_sd.o
    0x0002a260   0x0000002c   Code   RO         1164    i.instance_get      ble_conn_params.o
    0x0002a28c   0x000000be   Code   RO         4117    i.int_print         nrf_fprintf_format.o
    0x0002a34a   0x00000002   PAD
    0x0002a34c   0x000000a0   Code   RO         2555    i.interrupts_enable  nrfx_uart.o
    0x0002a3ec   0x000000b4   Code   RO         2800    i.interrupts_enable  nrfx_uarte.o
    0x0002a4a0   0x0000006c   Code   RO         4792    i.invalid_packets_pushed_str_omit  nrf_log_frontend.o
    0x0002a50c   0x00000014   Code   RO         4254    i.is_busy           nrf_fstorage_sd.o
    0x0002a520   0x00000072   Code   RO         1165    i.is_conn_params_ok  ble_conn_params.o
    0x0002a592   0x0000000c   Code   RO         1786    i.item_dequeue      nrf_drv_clock.o
    0x0002a59e   0x00000002   PAD
    0x0002a5a0   0x00000028   Code   RO          711    i.leds_off          bsp.o
    0x0002a5c8   0x00000020   Code   RO          712    i.leds_timer_handler  bsp.o
    0x0002a5e8   0x00000014   Code   RO         1788    i.lfclk_stop        nrf_drv_clock.o
    0x0002a5fc   0x00000018   Code   RO         1535    i.link_init         nrf_ble_gatt.o
    0x0002a614   0x0000013c   Code   RO         3328    i.list_insertions_handler  app_timer.o
    0x0002a750   0x0000003c   Code   RO           18    i.log_init          main.o
    0x0002a78c   0x000000c8   Code   RO         4793    i.log_skip          nrf_log_frontend.o
    0x0002a854   0x000000e0   Code   RO           19    i.main              main.o
    0x0002a934   0x00000076   Code   RO          886    i.manuf_specific_data_encode  ble_advdata.o
    0x0002a9aa   0x000000ae   Code   RO         4388    i.memobj_op         nrf_memobj.o
    0x0002aa58   0x00000038   Code   RO         4794    i.module_idx_get    nrf_log_frontend.o
    0x0002aa90   0x000000be   Code   RO          887    i.name_encode       ble_advdata.o
    0x0002ab4e   0x00000016   Code   RO         3751    i.nrf_atfifo_clear  nrf_atfifo.o
    0x0002ab64   0x00000028   Code   RO         3753    i.nrf_atfifo_init   nrf_atfifo.o
    0x0002ab8c   0x0000001c   Code   RO         3754    i.nrf_atfifo_item_alloc  nrf_atfifo.o
    0x0002aba8   0x0000001c   Code   RO         3755    i.nrf_atfifo_item_free  nrf_atfifo.o
    0x0002abc4   0x0000001c   Code   RO         3756    i.nrf_atfifo_item_get  nrf_atfifo.o
    0x0002abe0   0x0000001c   Code   RO         3757    i.nrf_atfifo_item_put  nrf_atfifo.o
    0x0002abfc   0x0000001e   Code   RO         3825    i.nrf_atflags_clear  nrf_atflags.o
    0x0002ac1a   0x0000001e   Code   RO         3830    i.nrf_atflags_get   nrf_atflags.o
    0x0002ac38   0x0000001e   Code   RO         3832    i.nrf_atflags_set   nrf_atflags.o
    0x0002ac56   0x0000000e   Code   RO         3893    i.nrf_atomic_flag_clear_fetch  nrf_atomic.o
    0x0002ac64   0x0000000e   Code   RO         3894    i.nrf_atomic_flag_set  nrf_atomic.o
    0x0002ac72   0x0000000e   Code   RO         3895    i.nrf_atomic_flag_set_fetch  nrf_atomic.o
    0x0002ac80   0x00000016   Code   RO         3896    i.nrf_atomic_u32_add  nrf_atomic.o
    0x0002ac96   0x00000016   Code   RO         3897    i.nrf_atomic_u32_and  nrf_atomic.o
    0x0002acac   0x00000016   Code   RO         3900    i.nrf_atomic_u32_fetch_and  nrf_atomic.o
    0x0002acc2   0x00000016   Code   RO         3901    i.nrf_atomic_u32_fetch_or  nrf_atomic.o
    0x0002acd8   0x00000016   Code   RO         3902    i.nrf_atomic_u32_fetch_store  nrf_atomic.o
    0x0002acee   0x00000016   Code   RO         3906    i.nrf_atomic_u32_or  nrf_atomic.o
    0x0002ad04   0x00000016   Code   RO         3908    i.nrf_atomic_u32_sub  nrf_atomic.o
    0x0002ad1a   0x00000052   Code   RO         4030    i.nrf_balloc_alloc  nrf_balloc.o
    0x0002ad6c   0x00000010   Code   RO         4031    i.nrf_balloc_block2idx  nrf_balloc.o
    0x0002ad7c   0x00000030   Code   RO         4032    i.nrf_balloc_free   nrf_balloc.o
    0x0002adac   0x0000000c   Code   RO         4033    i.nrf_balloc_idx2block  nrf_balloc.o
    0x0002adb8   0x0000003c   Code   RO         4034    i.nrf_balloc_init   nrf_balloc.o
    0x0002adf4   0x00000016   Code   RO         2156    i.nrf_bitmask_bit_is_set  nrfx_gpiote.o
    0x0002ae0a   0x00000016   Code   RO         2157    i.nrf_bitmask_bit_set  nrfx_gpiote.o
    0x0002ae20   0x0000001e   Code   RO         1537    i.nrf_ble_gatt_att_mtu_periph_set  nrf_ble_gatt.o
    0x0002ae3e   0x00000034   Code   RO         1541    i.nrf_ble_gatt_init  nrf_ble_gatt.o
    0x0002ae72   0x00000002   PAD
    0x0002ae74   0x00000120   Code   RO         1542    i.nrf_ble_gatt_on_ble_evt  nrf_ble_gatt.o
    0x0002af94   0x00000020   Code   RO         1656    i.nrf_ble_qwr_conn_handle_assign  nrf_ble_qwr.o
    0x0002afb4   0x00000032   Code   RO         1657    i.nrf_ble_qwr_init  nrf_ble_qwr.o
    0x0002afe6   0x0000007c   Code   RO         1658    i.nrf_ble_qwr_on_ble_evt  nrf_ble_qwr.o
    0x0002b062   0x00000002   PAD
    0x0002b064   0x00000034   Code   RO          484    i.nrf_cal_get_time  nrf_calendar.o
    0x0002b098   0x0000007c   Code   RO          485    i.nrf_cal_get_time_calibrated  nrf_calendar.o
    0x0002b114   0x00000038   Code   RO          486    i.nrf_cal_get_time_string  nrf_calendar.o
    0x0002b14c   0x000000a4   Code   RO          487    i.nrf_cal_init      nrf_calendar.o
    0x0002b1f0   0x0000003c   Code   RO          488    i.nrf_cal_set_callback  nrf_calendar.o
    0x0002b22c   0x000000a8   Code   RO          489    i.nrf_cal_set_time  nrf_calendar.o
    0x0002b2d4   0x00000012   Code   RO         1995    i.nrf_clock_event_check  nrfx_clock.o
    0x0002b2e6   0x00000012   Code   RO         1996    i.nrf_clock_event_clear  nrfx_clock.o
    0x0002b2f8   0x0000000c   Code   RO         1997    i.nrf_clock_int_disable  nrfx_clock.o
    0x0002b304   0x00000008   Code   RO         1999    i.nrf_clock_task_trigger  nrfx_clock.o
    0x0002b30c   0x00000040   Code   RO         1794    i.nrf_drv_clock_init  nrf_drv_clock.o
    0x0002b34c   0x00000030   Code   RO         1798    i.nrf_drv_clock_lfclk_release  nrf_drv_clock.o
    0x0002b37c   0x0000008c   Code   RO         1942    i.nrf_drv_uart_init  nrf_drv_uart.o
    0x0002b408   0x00000044   Code   RO         3544    i.nrf_drv_uart_rx   app_uart_fifo.o
    0x0002b44c   0x00000044   Code   RO         3545    i.nrf_drv_uart_tx   app_uart_fifo.o
    0x0002b490   0x0000002a   Code   RO         4077    i.nrf_fprintf       nrf_fprintf.o
    0x0002b4ba   0x0000001c   Code   RO         4078    i.nrf_fprintf_buffer_flush  nrf_fprintf.o
    0x0002b4d6   0x000001f0   Code   RO         4118    i.nrf_fprintf_fmt   nrf_fprintf_format.o
    0x0002b6c6   0x00000002   PAD
    0x0002b6c8   0x00000054   Code   RO         4166    i.nrf_fstorage_is_busy  nrf_fstorage.o
    0x0002b71c   0x0000001c   Code   RO         4255    i.nrf_fstorage_sdh_req_handler  nrf_fstorage_sd.o
    0x0002b738   0x0000002c   Code   RO         4256    i.nrf_fstorage_sdh_state_handler  nrf_fstorage_sd.o
    0x0002b764   0x0000008c   Code   RO         4257    i.nrf_fstorage_sys_evt_handler  nrf_fstorage_sd.o
    0x0002b7f0   0x00000028   Code   RO          570    i.nrf_gpio_cfg      boards.o
    0x0002b818   0x00000028   Code   RO         2158    i.nrf_gpio_cfg      nrfx_gpiote.o
    0x0002b840   0x00000028   Code   RO         2556    i.nrf_gpio_cfg      nrfx_uart.o
    0x0002b868   0x00000028   Code   RO         2801    i.nrf_gpio_cfg      nrfx_uarte.o
    0x0002b890   0x0000001a   Code   RO         2558    i.nrf_gpio_cfg_input  nrfx_uart.o
    0x0002b8aa   0x0000001a   Code   RO         2803    i.nrf_gpio_cfg_input  nrfx_uarte.o
    0x0002b8c4   0x00000018   Code   RO         2559    i.nrf_gpio_cfg_output  nrfx_uart.o
    0x0002b8dc   0x00000018   Code   RO         2804    i.nrf_gpio_cfg_output  nrfx_uarte.o
    0x0002b8f4   0x00000032   Code   RO         2160    i.nrf_gpio_cfg_sense_set  nrfx_gpiote.o
    0x0002b926   0x00000018   Code   RO         2162    i.nrf_gpio_pin_read  nrfx_gpiote.o
    0x0002b93e   0x00000016   Code   RO         2560    i.nrf_gpio_pin_set  nrfx_uart.o
    0x0002b954   0x00000016   Code   RO         2805    i.nrf_gpio_pin_set  nrfx_uarte.o
    0x0002b96a   0x0000003a   Code   RO          571    i.nrf_gpio_pin_write  boards.o
    0x0002b9a4   0x00000028   Code   RO         2164    i.nrf_gpio_ports_read  nrfx_gpiote.o
    0x0002b9cc   0x0000000c   Code   RO         2165    i.nrf_gpiote_event_addr_get  nrfx_gpiote.o
    0x0002b9d8   0x0000001c   Code   RO         2166    i.nrf_gpiote_event_clear  nrfx_gpiote.o
    0x0002b9f4   0x00000016   Code   RO         2167    i.nrf_gpiote_event_is_set  nrfx_gpiote.o
    0x0002ba0a   0x00000002   PAD
    0x0002ba0c   0x0000000c   Code   RO         2168    i.nrf_gpiote_int_enable  nrfx_gpiote.o
    0x0002ba18   0x00000048   Code   RO         4795    i.nrf_log_backend_add  nrf_log_frontend.o
    0x0002ba60   0x00000002   Code   RO         4648    i.nrf_log_backend_rtt_flush  nrf_log_backend_rtt.o
    0x0002ba62   0x00000008   Code   RO         4649    i.nrf_log_backend_rtt_init  nrf_log_backend_rtt.o
    0x0002ba6a   0x00000002   Code   RO         4650    i.nrf_log_backend_rtt_panic_set  nrf_log_backend_rtt.o
    0x0002ba6c   0x00000020   Code   RO         4651    i.nrf_log_backend_rtt_put  nrf_log_backend_rtt.o
    0x0002ba8c   0x000000f2   Code   RO         4719    i.nrf_log_backend_serial_put  nrf_log_backend_serial.o
    0x0002bb7e   0x00000002   PAD
    0x0002bb80   0x00000038   Code   RO         4797    i.nrf_log_color_id_get  nrf_log_frontend.o
    0x0002bbb8   0x00000024   Code   RO         4753    i.nrf_log_default_backends_init  nrf_log_default_backends.o
    0x0002bbdc   0x00000300   Code   RO         4798    i.nrf_log_frontend_dequeue  nrf_log_frontend.o
    0x0002bedc   0x000000ec   Code   RO         4799    i.nrf_log_frontend_hexdump  nrf_log_frontend.o
    0x0002bfc8   0x00000014   Code   RO         4800    i.nrf_log_frontend_std_0  nrf_log_frontend.o
    0x0002bfdc   0x00000018   Code   RO         4801    i.nrf_log_frontend_std_1  nrf_log_frontend.o
    0x0002bff4   0x00000020   Code   RO         4802    i.nrf_log_frontend_std_2  nrf_log_frontend.o
    0x0002c014   0x00000028   Code   RO         4803    i.nrf_log_frontend_std_3  nrf_log_frontend.o
    0x0002c03c   0x00000038   Code   RO         4805    i.nrf_log_frontend_std_5  nrf_log_frontend.o
    0x0002c074   0x000000b8   Code   RO         4994    i.nrf_log_hexdump_entry_process  nrf_log_str_formatter.o
    0x0002c12c   0x00000064   Code   RO         4807    i.nrf_log_init      nrf_log_frontend.o
    0x0002c190   0x00000014   Code   RO         4808    i.nrf_log_module_cnt_get  nrf_log_frontend.o
    0x0002c1a4   0x00000024   Code   RO         4812    i.nrf_log_module_name_get  nrf_log_frontend.o
    0x0002c1c8   0x00000034   Code   RO         4813    i.nrf_log_panic     nrf_log_frontend.o
    0x0002c1fc   0x000000c8   Code   RO         4995    i.nrf_log_std_entry_process  nrf_log_str_formatter.o
    0x0002c2c4   0x0000007a   Code   RO         4389    i.nrf_memobj_alloc  nrf_memobj.o
    0x0002c33e   0x00000040   Code   RO         4390    i.nrf_memobj_free   nrf_memobj.o
    0x0002c37e   0x00000010   Code   RO         4391    i.nrf_memobj_get    nrf_memobj.o
    0x0002c38e   0x0000000c   Code   RO         4392    i.nrf_memobj_pool_init  nrf_memobj.o
    0x0002c39a   0x0000001e   Code   RO         4393    i.nrf_memobj_put    nrf_memobj.o
    0x0002c3b8   0x0000001c   Code   RO         4394    i.nrf_memobj_read   nrf_memobj.o
    0x0002c3d4   0x0000001c   Code   RO         4395    i.nrf_memobj_write  nrf_memobj.o
    0x0002c3f0   0x00000040   Code   RO         4468    i.nrf_pwr_mgmt_init  nrf_pwr_mgmt.o
    0x0002c430   0x00000068   Code   RO         4469    i.nrf_pwr_mgmt_run  nrf_pwr_mgmt.o
    0x0002c498   0x00000024   Code   RO           20    i.nrf_qwr_error_handler  main.o
    0x0002c4bc   0x00000018   Code   RO         5451    i.nrf_sdh_ble_app_ram_start_get  nrf_sdh_ble.o
    0x0002c4d4   0x00000180   Code   RO         5452    i.nrf_sdh_ble_default_cfg_set  nrf_sdh_ble.o
    0x0002c654   0x00000138   Code   RO         5453    i.nrf_sdh_ble_enable  nrf_sdh_ble.o
    0x0002c78c   0x000000bc   Code   RO         5454    i.nrf_sdh_ble_evts_poll  nrf_sdh_ble.o
    0x0002c848   0x00000064   Code   RO         5313    i.nrf_sdh_disable_request  nrf_sdh.o
    0x0002c8ac   0x00000088   Code   RO         5314    i.nrf_sdh_enable_request  nrf_sdh.o
    0x0002c934   0x00000030   Code   RO         5315    i.nrf_sdh_evts_poll  nrf_sdh.o
    0x0002c964   0x0000000c   Code   RO         5316    i.nrf_sdh_is_enabled  nrf_sdh.o
    0x0002c970   0x00000028   Code   RO         5318    i.nrf_sdh_request_continue  nrf_sdh.o
    0x0002c998   0x00000098   Code   RO         5507    i.nrf_sdh_soc_evts_poll  nrf_sdh_soc.o
    0x0002ca30   0x00000006   Code   RO         5321    i.nrf_section_iter_get  nrf_sdh.o
    0x0002ca36   0x00000014   Code   RO         4543    i.nrf_section_iter_init  nrf_section_iter.o
    0x0002ca4a   0x0000002e   Code   RO         4544    i.nrf_section_iter_item_set  nrf_section_iter.o
    0x0002ca78   0x0000002e   Code   RO         4545    i.nrf_section_iter_next  nrf_section_iter.o
    0x0002caa6   0x00000002   PAD
    0x0002caa8   0x00000040   Code   RO         4578    i.nrf_strerror_find  nrf_strerror.o
    0x0002cae8   0x0000001c   Code   RO         4579    i.nrf_strerror_get  nrf_strerror.o
    0x0002cb04   0x0000000c   Code   RO         2561    i.nrf_uart_errorsrc_get_and_clear  nrfx_uart.o
    0x0002cb10   0x0000000e   Code   RO         2562    i.nrf_uart_event_check  nrfx_uart.o
    0x0002cb1e   0x0000000e   Code   RO         2563    i.nrf_uart_event_clear  nrfx_uart.o
    0x0002cb2c   0x0000000a   Code   RO         2564    i.nrf_uart_hwfc_pins_set  nrfx_uart.o
    0x0002cb36   0x00000006   Code   RO         2565    i.nrf_uart_int_disable  nrfx_uart.o
    0x0002cb3c   0x00000006   Code   RO         2566    i.nrf_uart_int_enable  nrfx_uart.o
    0x0002cb42   0x00000012   Code   RO         2567    i.nrf_uart_int_enable_check  nrfx_uart.o
    0x0002cb54   0x00000006   Code   RO         2568    i.nrf_uart_task_trigger  nrfx_uart.o
    0x0002cb5a   0x0000000a   Code   RO         2569    i.nrf_uart_txrx_pins_set  nrfx_uart.o
    0x0002cb64   0x0000000c   Code   RO         2806    i.nrf_uarte_errorsrc_get_and_clear  nrfx_uarte.o
    0x0002cb70   0x0000000e   Code   RO         2807    i.nrf_uarte_event_check  nrfx_uarte.o
    0x0002cb7e   0x0000000e   Code   RO         2808    i.nrf_uarte_event_clear  nrfx_uarte.o
    0x0002cb8c   0x0000000c   Code   RO         2809    i.nrf_uarte_hwfc_pins_set  nrfx_uarte.o
    0x0002cb98   0x00000006   Code   RO         2810    i.nrf_uarte_int_disable  nrfx_uarte.o
    0x0002cb9e   0x00000006   Code   RO         2811    i.nrf_uarte_int_enable  nrfx_uarte.o
    0x0002cba4   0x0000000a   Code   RO         2812    i.nrf_uarte_rx_amount_get  nrfx_uarte.o
    0x0002cbae   0x00000006   Code   RO         2813    i.nrf_uarte_task_trigger  nrfx_uarte.o
    0x0002cbb4   0x0000000e   Code   RO         2814    i.nrf_uarte_txrx_pins_set  nrfx_uarte.o
    0x0002cbc2   0x00000002   PAD
    0x0002cbc4   0x00000014   Code   RO         2005    i.nrfx_clock_enable  nrfx_clock.o
    0x0002cbd8   0x00000024   Code   RO         2008    i.nrfx_clock_init   nrfx_clock.o
    0x0002cbfc   0x00000020   Code   RO         2011    i.nrfx_clock_lfclk_stop  nrfx_clock.o
    0x0002cc1c   0x00000018   Code   RO         3329    i.nrfx_coredep_delay_us  app_timer.o
    0x0002cc34   0x0000000a   Code   RO         2570    i.nrfx_get_irq_number  nrfx_uart.o
    0x0002cc3e   0x0000000a   Code   RO         2815    i.nrfx_get_irq_number  nrfx_uarte.o
    0x0002cc48   0x000000ac   Code   RO         2175    i.nrfx_gpiote_in_event_enable  nrfx_gpiote.o
    0x0002ccf4   0x000000f4   Code   RO         2176    i.nrfx_gpiote_in_init  nrfx_gpiote.o
    0x0002cde8   0x00000014   Code   RO         2177    i.nrfx_gpiote_in_is_set  nrfx_gpiote.o
    0x0002cdfc   0x000000c0   Code   RO         2179    i.nrfx_gpiote_init  nrfx_gpiote.o
    0x0002cebc   0x00000014   Code   RO         2180    i.nrfx_gpiote_is_init  nrfx_gpiote.o
    0x0002ced0   0x00000014   Code   RO         2816    i.nrfx_is_in_ram    nrfx_uarte.o
    0x0002cee4   0x00000098   Code   RO         2013    i.nrfx_power_clock_irq_init  nrfx_clock.o
    0x0002cf7c   0x0000004e   Code   RO         2503    i.nrfx_prs_acquire  nrfx_prs.o
    0x0002cfca   0x00000002   PAD
    0x0002cfcc   0x00000014   Code   RO         2571    i.nrfx_uart_0_irq_handler  nrfx_uart.o
    0x0002cfe0   0x00000088   Code   RO         2573    i.nrfx_uart_init    nrfx_uart.o
    0x0002d068   0x00000124   Code   RO         2574    i.nrfx_uart_rx      nrfx_uart.o
    0x0002d18c   0x0000008c   Code   RO         2579    i.nrfx_uart_tx      nrfx_uart.o
    0x0002d218   0x00000024   Code   RO         2581    i.nrfx_uart_tx_in_progress  nrfx_uart.o
    0x0002d23c   0x00000014   Code   RO         2817    i.nrfx_uarte_0_irq_handler  nrfx_uarte.o
    0x0002d250   0x00000080   Code   RO         2819    i.nrfx_uarte_init   nrfx_uarte.o
    0x0002d2d0   0x00000138   Code   RO         2820    i.nrfx_uarte_rx     nrfx_uarte.o
    0x0002d408   0x000000a8   Code   RO         2823    i.nrfx_uarte_tx     nrfx_uarte.o
    0x0002d4b0   0x00000020   Code   RO         2825    i.nrfx_uarte_tx_in_progress  nrfx_uarte.o
    0x0002d4d0   0x00000144   Code   RO           21    i.nus_data_handler  main.o
    0x0002d614   0x00000048   Code   RO           22    i.on_adv_evt        main.o
    0x0002d65c   0x00000040   Code   RO           23    i.on_conn_params_evt  main.o
    0x0002d69c   0x00000030   Code   RO         1166    i.on_conn_params_update  ble_conn_params.o
    0x0002d6cc   0x00000070   Code   RO         1167    i.on_connect        ble_conn_params.o
    0x0002d73c   0x00000074   Code   RO         1715    i.on_connect        ble_nus.o
    0x0002d7b0   0x0000000e   Code   RO         1016    i.on_connected      ble_advertising.o
    0x0002d7be   0x00000002   PAD
    0x0002d7c0   0x00000128   Code   RO         1543    i.on_connected_evt  nrf_ble_gatt.o
    0x0002d8e8   0x00000138   Code   RO         1544    i.on_data_length_update_evt  nrf_ble_gatt.o
    0x0002da20   0x00000088   Code   RO         1545    i.on_data_length_update_request_evt  nrf_ble_gatt.o
    0x0002daa8   0x00000032   Code   RO         1168    i.on_disconnect     ble_conn_params.o
    0x0002dada   0x00000032   Code   RO         1017    i.on_disconnected   ble_advertising.o
    0x0002db0c   0x00000014   Code   RO         1546    i.on_disconnected_evt  nrf_ble_gatt.o
    0x0002db20   0x00000168   Code   RO         1547    i.on_exchange_mtu_request_evt  nrf_ble_gatt.o
    0x0002dc88   0x000000b8   Code   RO         1548    i.on_exchange_mtu_rsp_evt  nrf_ble_gatt.o
    0x0002dd40   0x00000044   Code   RO         1716    i.on_hvx_tx_complete  ble_nus.o
    0x0002dd84   0x00000024   Code   RO         4258    i.on_operation_failure  nrf_fstorage_sd.o
    0x0002dda8   0x00000060   Code   RO         4259    i.on_operation_success  nrf_fstorage_sd.o
    0x0002de08   0x0000006a   Code   RO         1659    i.on_rw_authorize_request  nrf_ble_qwr.o
    0x0002de72   0x00000040   Code   RO         1018    i.on_terminated     ble_advertising.o
    0x0002deb2   0x00000002   Code   RO         1660    i.on_user_mem_release  nrf_ble_qwr.o
    0x0002deb4   0x00000020   Code   RO         1661    i.on_user_mem_request  nrf_ble_qwr.o
    0x0002ded4   0x00000058   Code   RO         1169    i.on_write          ble_conn_params.o
    0x0002df2c   0x00000094   Code   RO         1717    i.on_write          ble_nus.o
    0x0002dfc0   0x00000016   Code   RO         1019    i.phy_is_valid      ble_advertising.o
    0x0002dfd6   0x00000002   PAD
    0x0002dfd8   0x00000014   Code   RO         2196    i.pin_configured_set  nrfx_gpiote.o
    0x0002dfec   0x0000001c   Code   RO         2197    i.pin_in_use_by_gpiote  nrfx_gpiote.o
    0x0002e008   0x00000018   Code   RO         2198    i.pin_in_use_by_port  nrfx_gpiote.o
    0x0002e020   0x00000020   Code   RO         2199    i.pin_in_use_by_te  nrfx_gpiote.o
    0x0002e040   0x0000000c   Code   RO         2200    i.pin_in_use_clear  nrfx_gpiote.o
    0x0002e04c   0x00000048   Code   RO         4997    i.postfix_process   nrf_log_str_formatter.o
    0x0002e094   0x00000034   Code   RO           24    i.power_management_init  main.o
    0x0002e0c8   0x000000a4   Code   RO         4998    i.prefix_process    nrf_log_str_formatter.o
    0x0002e16c   0x00000054   Code   RO           25    i.print_current_time  main.o
    0x0002e1c0   0x00000018   Code   RO         2505    i.prs_box_get       nrfx_prs.o
    0x0002e1d8   0x00000018   Code   RO         4260    i.queue_free        nrf_fstorage_sd.o
    0x0002e1f0   0x0000002c   Code   RO         4261    i.queue_load_next   nrf_fstorage_sd.o
    0x0002e21c   0x00000090   Code   RO         4262    i.queue_process     nrf_fstorage_sd.o
    0x0002e2ac   0x0000001c   Code   RO         4263    i.queue_start       nrf_fstorage_sd.o
    0x0002e2c8   0x00000010   Code   RO         5455    i.ram_end_address_get  nrf_sdh_ble.o
    0x0002e2d8   0x0000001c   Code   RO         4264    i.read              nrf_fstorage_sd.o
    0x0002e2f4   0x00000028   Code   RO         1277    i.record_activate   ble_conn_state.o
    0x0002e31c   0x00000020   Code   RO         1278    i.record_invalidate  ble_conn_state.o
    0x0002e33c   0x00000048   Code   RO         1279    i.record_purge_disconnected  ble_conn_state.o
    0x0002e384   0x00000014   Code   RO         1280    i.record_set_disconnected  ble_conn_state.o
    0x0002e398   0x00000006   Code   RO         4265    i.rmap              nrf_fstorage_sd.o
    0x0002e39e   0x00000002   PAD
    0x0002e3a0   0x0000000c   Code   RO         3330    i.rtc1_compare0_set  app_timer.o
    0x0002e3ac   0x0000000c   Code   RO         3331    i.rtc1_counter_get  app_timer.o
    0x0002e3b8   0x00000018   Code   RO         3332    i.rtc1_init         app_timer.o
    0x0002e3d0   0x0000003c   Code   RO         3333    i.rtc1_start        app_timer.o
    0x0002e40c   0x00000058   Code   RO         3334    i.rtc1_stop         app_timer.o
    0x0002e464   0x0000003e   Code   RO         2584    i.rx_byte           nrfx_uart.o
    0x0002e4a2   0x000000ee   Code   RO         1718    i.rx_char_add       ble_nus.o
    0x0002e590   0x0000001c   Code   RO         2585    i.rx_done_event     nrfx_uart.o
    0x0002e5ac   0x00000020   Code   RO         2828    i.rx_done_event     nrfx_uarte.o
    0x0002e5cc   0x00000022   Code   RO         2586    i.rx_enable         nrfx_uart.o
    0x0002e5ee   0x00000002   PAD
    0x0002e5f0   0x00000088   Code   RO         5322    i.sd_nvic_EnableIRQ  nrf_sdh.o
    0x0002e678   0x00000050   Code   RO         5323    i.sd_nvic_SetPriority  nrf_sdh.o
    0x0002e6c8   0x00000068   Code   RO         3633    i.sd_nvic_critical_region_enter  app_util_platform.o
    0x0002e730   0x00000068   Code   RO         1801    i.sd_state_evt_handler  nrf_drv_clock.o
    0x0002e798   0x0000003c   Code   RO         5324    i.sdh_request_observer_notify  nrf_sdh.o
    0x0002e7d4   0x00000034   Code   RO         5325    i.sdh_state_observer_notify  nrf_sdh.o
    0x0002e808   0x00000018   Code   RO         1170    i.send_error_evt    ble_conn_params.o
    0x0002e820   0x00000024   Code   RO         1171    i.send_update_request  ble_conn_params.o
    0x0002e844   0x00000084   Code   RO         4652    i.serial_tx         nrf_log_backend_rtt.o
    0x0002e8c8   0x00000096   Code   RO          888    i.service_data_encode  ble_advdata.o
    0x0002e95e   0x00000002   PAD
    0x0002e960   0x00000078   Code   RO           26    i.services_init     main.o
    0x0002e9d8   0x00000030   Code   RO         1020    i.set_adv_mode_directed  ble_advertising.o
    0x0002ea08   0x00000024   Code   RO         1021    i.set_adv_mode_directed_high_duty  ble_advertising.o
    0x0002ea2c   0x0000005c   Code   RO         1022    i.set_adv_mode_fast  ble_advertising.o
    0x0002ea88   0x0000005c   Code   RO         1023    i.set_adv_mode_slow  ble_advertising.o
    0x0002eae4   0x00000070   Code   RO           27    i.sleep_mode_enter  main.o
    0x0002eb54   0x0000001c   Code   RO         1802    i.soc_evt_handler   nrf_drv_clock.o
    0x0002eb70   0x000000ac   Code   RO         5326    i.softdevice_evt_irq_disable  nrf_sdh.o
    0x0002ec1c   0x00000060   Code   RO         5327    i.softdevices_evt_irq_enable  nrf_sdh.o
    0x0002ec7c   0x00000026   Code   RO          823    i.startup_event_extract  bsp_btn_ble.o
    0x0002eca2   0x00000002   PAD
    0x0002eca4   0x00000064   Code   RO         4815    i.std_header_set    nrf_log_frontend.o
    0x0002ed08   0x00000070   Code   RO         4816    i.std_n             nrf_log_frontend.o
    0x0002ed78   0x00000074   Code   RO         4119    i.string_print      nrf_fprintf_format.o
    0x0002edec   0x00000080   Code   RO         5328    i.swi_interrupt_priority_workaround  nrf_sdh.o
    0x0002ee6c   0x000000e4   Code   RO           28    i.test_calendar     main.o
    0x0002ef50   0x0000000a   Code   RO         3335    i.ticks_diff_get    app_timer.o
    0x0002ef5a   0x0000000c   Code   RO         3336    i.timeout_handler_exec  app_timer.o
    0x0002ef66   0x00000002   PAD
    0x0002ef68   0x00000050   Code   RO         3337    i.timer_list_handler  app_timer.o
    0x0002efb8   0x0000000a   Code   RO         3338    i.timer_list_handler_sched  app_timer.o
    0x0002efc2   0x00000002   PAD
    0x0002efc4   0x00000068   Code   RO         3339    i.timer_list_insert  app_timer.o
    0x0002f02c   0x00000088   Code   RO         3340    i.timer_list_remove  app_timer.o
    0x0002f0b4   0x0000005e   Code   RO         3341    i.timer_start_op_schedule  app_timer.o
    0x0002f112   0x00000042   Code   RO         3342    i.timer_stop_op_schedule  app_timer.o
    0x0002f154   0x00000098   Code   RO         3343    i.timer_timeouts_check  app_timer.o
    0x0002f1ec   0x0000000a   Code   RO         3344    i.timer_timeouts_check_sched  app_timer.o
    0x0002f1f6   0x00000002   PAD
    0x0002f1f8   0x00000030   Code   RO           29    i.timers_init       main.o
    0x0002f228   0x00000002   Code   RO         4999    i.timestamp_print   nrf_log_str_formatter.o
    0x0002f22a   0x00000036   Code   RO         2587    i.tx_blocking       nrfx_uart.o
    0x0002f260   0x00000026   Code   RO         2588    i.tx_byte           nrfx_uart.o
    0x0002f286   0x00000134   Code   RO         1719    i.tx_char_add       ble_nus.o
    0x0002f3ba   0x00000020   Code   RO         2589    i.tx_done_event     nrfx_uart.o
    0x0002f3da   0x00000024   Code   RO         2829    i.tx_done_event     nrfx_uarte.o
    0x0002f3fe   0x00000036   Code   RO          889    i.tx_power_level_encode  ble_advdata.o
    0x0002f434   0x00000120   Code   RO           30    i.uart_event_handle  main.o
    0x0002f554   0x000000d4   Code   RO         3546    i.uart_event_handler  app_uart_fifo.o
    0x0002f628   0x00000038   Code   RO         1943    i.uart_evt_handler  nrf_drv_uart.o
    0x0002f660   0x00000070   Code   RO           32    i.uart_init         main.o
    0x0002f6d0   0x0000014c   Code   RO         2590    i.uart_irq_handler  nrfx_uart.o
    0x0002f81c   0x00000038   Code   RO         1944    i.uarte_evt_handler  nrf_drv_uart.o
    0x0002f854   0x0000010c   Code   RO         2830    i.uarte_irq_handler  nrfx_uarte.o
    0x0002f960   0x0000000c   Code   RO         1470    i.uint16_decode     ble_srv_common.o
    0x0002f96c   0x0000000c   Code   RO          890    i.uint16_encode     ble_advdata.o
    0x0002f978   0x00000024   Code   RO         4266    i.uninit            nrf_fstorage_sd.o
    0x0002f99c   0x000000b8   Code   RO         4120    i.unsigned_print    nrf_fprintf_format.o
    0x0002fa54   0x00000074   Code   RO         1172    i.update_timeout_handler  ble_conn_params.o
    0x0002fac8   0x0000001e   Code   RO         1024    i.use_whitelist     ble_advertising.o
    0x0002fae6   0x0000002c   Code   RO         1662    i.user_mem_reply    nrf_ble_qwr.o
    0x0002fb12   0x00000002   PAD
    0x0002fb14   0x0000003c   Code   RO         3345    i.user_op_alloc     app_timer.o
    0x0002fb50   0x0000000c   Code   RO         3346    i.user_op_enque     app_timer.o
    0x0002fb5c   0x0000004e   Code   RO          891    i.uuid_list_encode  ble_advdata.o
    0x0002fbaa   0x000000d6   Code   RO          892    i.uuid_list_sized_encode  ble_advdata.o
    0x0002fc80   0x00000056   Code   RO          713    i.wakeup_button_cfg  bsp.o
    0x0002fcd6   0x00000008   Code   RO         1025    i.whitelist_has_entries  ble_advertising.o
    0x0002fcde   0x00000006   Code   RO         4267    i.wmap              nrf_fstorage_sd.o
    0x0002fce4   0x00000054   Code   RO         4268    i.write             nrf_fstorage_sd.o
    0x0002fd38   0x00000058   Code   RO         4269    i.write_execute     nrf_fstorage_sd.o
    0x0002fd90   0x00000018   Data   RO           34    .constdata          main.o
    0x0002fda8   0x00000008   Data   RO          572    .constdata          boards.o
    0x0002fdb0   0x0000002c   Data   RO          715    .constdata          bsp.o
    0x0002fddc   0x00000016   Data   RO         1549    .constdata          nrf_ble_gatt.o
    0x0002fdf2   0x00000002   PAD
    0x0002fdf4   0x00000010   Data   RO         1720    .constdata          ble_nus.o
    0x0002fe04   0x0000003e   Data   RO         2202    .constdata          nrfx_gpiote.o
    0x0002fe42   0x00000002   PAD
    0x0002fe44   0x0000002e   Data   RO         2592    .constdata          nrfx_uart.o
    0x0002fe72   0x00000002   PAD
    0x0002fe74   0x00000030   Data   RO         2832    .constdata          nrfx_uarte.o
    0x0002fea4   0x00000007   Data   RO         3014    .constdata          app_button.o
    0x0002feab   0x00000005   PAD
    0x0002feb0   0x00000006   Data   RO         3348    .constdata          app_timer.o
    0x0002feb6   0x00000002   PAD
    0x0002feb8   0x00000020   Data   RO         3548    .constdata          app_uart_fifo.o
    0x0002fed8   0x00000010   Data   RO         4121    .constdata          nrf_fprintf_format.o
    0x0002fee8   0x00000030   Data   RO         4271    .constdata          nrf_fstorage_sd.o
    0x0002ff18   0x00000024   Data   RO         4473    .constdata          nrf_pwr_mgmt.o
    0x0002ff3c   0x0000013c   Data   RO         4580    .constdata          nrf_strerror.o
    0x00030078   0x00000008   PAD
    0x00030080   0x00000016   Data   RO         4654    .constdata          nrf_log_backend_rtt.o
    0x00030096   0x00000002   PAD
    0x00030098   0x00000058   Data   RO         5329    .constdata          nrf_sdh.o
    0x000300f0   0x00000030   Data   RO         5456    .constdata          nrf_sdh_ble.o
    0x00030120   0x0000001c   Data   RO         5508    .constdata          nrf_sdh_soc.o
    0x0003013c   0x00000081   Data   RO         5645    .constdata          mc_w.l(ctype_o.o)
    0x000301bd   0x00000003   PAD
    0x000301c0   0x00000004   Data   RO         5646    .constdata          mc_w.l(ctype_o.o)
    0x000301c4   0x0000000c   Data   RO         5677    .constdata          mc_w.l(mktime.o)
    0x000301d0   0x00000056   Data   RO         5680    .constdata          mc_w.l(strftime.o)
    0x00030226   0x0000000c   Data   RO         5980    .constdata          mc_w.l(localtime_i.o)
    0x00030232   0x00000002   PAD
    0x00030234   0x0000013e   Data   RO         1550    .conststring        nrf_ble_gatt.o
    0x00030372   0x00000002   PAD
    0x00030374   0x000003eb   Data   RO         4581    .conststring        nrf_strerror.o
    0x0003075f   0x00000001   PAD
    0x00030760   0x00000066   Data   RO         5000    .conststring        nrf_log_str_formatter.o
    0x000307c6   0x00000002   PAD
    0x000307c8   0x000001cf   Data   RO         5457    .conststring        nrf_sdh_ble.o
    0x00030997   0x00000001   PAD
    0x00030998   0x0000000d   Data   RO         1551    .conststrlit        nrf_ble_gatt.o
    0x000309a5   0x00000003   PAD
    0x000309a8   0x00000008   Data   RO         1721    .conststrlit        ble_nus.o
    0x000309b0   0x00000006   Data   RO         1805    .conststrlit        nrf_drv_clock.o
    0x000309b6   0x00000002   PAD
    0x000309b8   0x00000006   Data   RO         2015    .conststrlit        nrfx_clock.o
    0x000309be   0x00000002   PAD
    0x000309c0   0x00000007   Data   RO         2203    .conststrlit        nrfx_gpiote.o
    0x000309c7   0x00000001   PAD
    0x000309c8   0x00000004   Data   RO         2507    .conststrlit        nrfx_prs.o
    0x000309cc   0x00000005   Data   RO         2593    .conststrlit        nrfx_uart.o
    0x000309d1   0x00000003   PAD
    0x000309d4   0x00000006   Data   RO         2833    .conststrlit        nrfx_uarte.o
    0x000309da   0x00000002   PAD
    0x000309dc   0x0000000d   Data   RO         4174    .conststrlit        nrf_fstorage.o
    0x000309e9   0x00000003   PAD
    0x000309ec   0x0000000e   Data   RO         4272    .conststrlit        nrf_fstorage_sd.o
    0x000309fa   0x00000002   PAD
    0x000309fc   0x00000009   Data   RO         4474    .conststrlit        nrf_pwr_mgmt.o
    0x00030a05   0x00000003   PAD
    0x00030a08   0x00000018   Data   RO         4818    .conststrlit        nrf_log_frontend.o
    0x00030a20   0x00000008   Data   RO         5330    .conststrlit        nrf_sdh.o
    0x00030a28   0x0000000c   Data   RO         5458    .conststrlit        nrf_sdh_ble.o
    0x00030a34   0x0000000c   Data   RO         5509    .conststrlit        nrf_sdh_soc.o
    0x00030a40   0x00000020   Data   RO         5999    Region$$Table       anon$$obj.o
    0x00030a60   0x00000008   Data   RO         1552    log_const_data      nrf_ble_gatt.o
    0x00030a68   0x00000008   Data   RO         1722    log_const_data      ble_nus.o
    0x00030a70   0x00000008   Data   RO         1806    log_const_data      nrf_drv_clock.o
    0x00030a78   0x00000008   Data   RO         2017    log_const_data      nrfx_clock.o
    0x00030a80   0x00000008   Data   RO         2204    log_const_data      nrfx_gpiote.o
    0x00030a88   0x00000008   Data   RO         2509    log_const_data      nrfx_prs.o
    0x00030a90   0x00000008   Data   RO         2594    log_const_data      nrfx_uart.o
    0x00030a98   0x00000008   Data   RO         2834    log_const_data      nrfx_uarte.o
    0x00030aa0   0x00000008   Data   RO         4175    log_const_data      nrf_fstorage.o
    0x00030aa8   0x00000008   Data   RO         4274    log_const_data      nrf_fstorage_sd.o
    0x00030ab0   0x00000008   Data   RO         4476    log_const_data      nrf_pwr_mgmt.o
    0x00030ab8   0x00000010   Data   RO         4820    log_const_data      nrf_log_frontend.o
    0x00030ac8   0x00000008   Data   RO         5332    log_const_data      nrf_sdh.o
    0x00030ad0   0x00000008   Data   RO         5460    log_const_data      nrf_sdh_ble.o
    0x00030ad8   0x00000008   Data   RO         5510    log_const_data      nrf_sdh_soc.o
    0x00030ae0   0x00000018   Data   RO         4822    nrf_balloc          nrf_log_frontend.o
    0x00030af8   0x00000008   Data   RO         1283    sdh_ble_observers0  ble_conn_state.o
    0x00030b00   0x00000010   Data   RO           36    sdh_ble_observers1  main.o
    0x00030b10   0x00000008   Data   RO          825    sdh_ble_observers1  bsp_btn_ble.o
    0x00030b18   0x00000008   Data   RO         1175    sdh_ble_observers1  ble_conn_params.o
    0x00030b20   0x00000010   Data   RO           37    sdh_ble_observers2  main.o
    0x00030b30   0x00000008   Data   RO           38    sdh_ble_observers3  main.o
    0x00030b38   0x00000008   Data   RO         4276    sdh_req_observers0  nrf_fstorage_sd.o
    0x00030b40   0x00000008   Data   RO         1808    sdh_soc_observers0  nrf_drv_clock.o
    0x00030b48   0x00000008   Data   RO         4277    sdh_soc_observers0  nrf_fstorage_sd.o
    0x00030b50   0x00000008   Data   RO           39    sdh_soc_observers1  main.o
    0x00030b58   0x00000008   Data   RO         5462    sdh_stack_observers0  nrf_sdh_ble.o
    0x00030b60   0x00000008   Data   RO         5512    sdh_stack_observers0  nrf_sdh_soc.o
    0x00030b68   0x00000008   Data   RO         1809    sdh_state_observers0  nrf_drv_clock.o
    0x00030b70   0x00000008   Data   RO         4278    sdh_state_observers0  nrf_fstorage_sd.o


    Execution Region RW_IRAM1 (Base: 0x20002a98, Size: 0x00003230, Max: 0x0000d568, ABSOLUTE, COMPRESSED[0x0000005c])

    Base Addr    Size         Type   Attr      Idx    E Section Name        Object

    0x20002a98   0x00000035   Data   RW           35    .data               main.o
    0x20002acd   0x00000003   PAD
    0x20002ad0   0x00000020   Data   RW          491    .data               nrf_calendar.o
    0x20002af0   0x00000015   Data   RW          716    .data               bsp.o
    0x20002b05   0x00000003   PAD
    0x20002b08   0x00000008   Data   RW          824    .data               bsp_btn_ble.o
    0x20002b10   0x00000008   Data   RW         1174    .data               ble_conn_params.o
    0x20002b18   0x00000009   Data   RW         1945    .data               nrf_drv_uart.o
    0x20002b21   0x00000003   PAD
    0x20002b24   0x00000008   Data   RW         2016    .data               nrfx_clock.o
    0x20002b2c   0x00000008   Data   RW         2508    .data               nrfx_prs.o
    0x20002b34   0x00000004   PAD
    0x20002b38   0x00000020   Data   RW         3015    .data               app_button.o
    0x20002b58   0x00000014   Data   RW         3349    .data               app_timer.o
    0x20002b6c   0x0000001b   Data   RW         3549    .data               app_uart_fifo.o
    0x20002b87   0x00000001   PAD
    0x20002b88   0x0000001c   Data   RW         4273    .data               nrf_fstorage_sd.o
    0x20002ba4   0x00000009   Data   RW         4475    .data               nrf_pwr_mgmt.o
    0x20002bad   0x00000003   PAD
    0x20002bb0   0x00000008   Data   RW         4613    .data               retarget.o
    0x20002bb8   0x00000001   Data   RW         4655    .data               nrf_log_backend_rtt.o
    0x20002bb9   0x00000003   PAD
    0x20002bbc   0x0000000c   Data   RW         4754    .data               nrf_log_default_backends.o
    0x20002bc8   0x00000010   Data   RW         4819    .data               nrf_log_frontend.o
    0x20002bd8   0x00000040   Data   RW         5001    .data               nrf_log_str_formatter.o
    0x20002c18   0x00000003   Data   RW         5331    .data               nrf_sdh.o
    0x20002c1b   0x00000001   Data   RW         5459    .data               nrf_sdh_ble.o
    0x20002c1c   0x00000004   Data   RW         5558    .data               system_nrf52.o
    0x20002c20   0x00000004   Data   RW         1553    log_dynamic_data    nrf_ble_gatt.o
    0x20002c24   0x00000004   Data   RW         1723    log_dynamic_data    ble_nus.o
    0x20002c28   0x00000004   Data   RW         1807    log_dynamic_data    nrf_drv_clock.o
    0x20002c2c   0x00000004   Data   RW         2018    log_dynamic_data    nrfx_clock.o
    0x20002c30   0x00000004   Data   RW         2205    log_dynamic_data    nrfx_gpiote.o
    0x20002c34   0x00000004   Data   RW         2510    log_dynamic_data    nrfx_prs.o
    0x20002c38   0x00000004   Data   RW         2595    log_dynamic_data    nrfx_uart.o
    0x20002c3c   0x00000004   Data   RW         2835    log_dynamic_data    nrfx_uarte.o
    0x20002c40   0x00000004   Data   RW         4176    log_dynamic_data    nrf_fstorage.o
    0x20002c44   0x00000004   Data   RW         4275    log_dynamic_data    nrf_fstorage_sd.o
    0x20002c48   0x00000004   Data   RW         4477    log_dynamic_data    nrf_pwr_mgmt.o
    0x20002c4c   0x00000008   Data   RW         4821    log_dynamic_data    nrf_log_frontend.o
    0x20002c54   0x00000004   Data   RW         5333    log_dynamic_data    nrf_sdh.o
    0x20002c58   0x00000004   Data   RW         5461    log_dynamic_data    nrf_sdh_ble.o
    0x20002c5c   0x00000004   Data   RW         5511    log_dynamic_data    nrf_sdh_soc.o
    0x20002c60   0x000003cc   Zero   RW           33    .bss                main.o
    0x2000302c   0x000000a8   Zero   RW          490    .bss                nrf_calendar.o
    0x200030d4   0x0000006c   Zero   RW          714    .bss                bsp.o
    0x20003140   0x00000050   Zero   RW         1173    .bss                ble_conn_params.o
    0x20003190   0x00000078   Zero   RW         1282    .bss                ble_conn_state.o
    0x20003208   0x00000014   Zero   RW         1803    .bss                nrf_drv_clock.o
    0x2000321c   0x0000005c   Zero   RW         2201    .bss                nrfx_gpiote.o
    0x20003278   0x0000002c   Zero   RW         2591    .bss                nrfx_uart.o
    0x200032a4   0x00000024   Zero   RW         2831    .bss                nrfx_uarte.o
    0x200032c8   0x00000020   Zero   RW         3013    .bss                app_button.o
    0x200032e8   0x00000020   Zero   RW         3074    .bss                app_error.o
    0x20003308   0x0000010c   Zero   RW         3347    .bss                app_timer.o
    0x20003414   0x00000020   Zero   RW         3547    .bss                app_uart_fifo.o
    0x20003434   0x0000000c   Zero   RW         3634    .bss                app_util_platform.o
    0x20003440   0x000000a0   Zero   RW         4270    .bss                nrf_fstorage_sd.o
    0x200034e0   0x0000000c   Zero   RW         4472    .bss                nrf_pwr_mgmt.o
    0x200034ec   0x00000040   Zero   RW         4653    .bss                nrf_log_backend_rtt.o
    0x2000352c   0x000004e4   Zero   RW         4817    .bss                nrf_log_frontend.o
    0x20003a10   0x00000288   Zero   RW         5081    .bss                segger_rtt.o
    0x20003c98   0x0000002c   Zero   RW         5977    .bss                mc_w.l(localtime_w.o)
    0x20003cc4   0x00000004   PAD
    0x20003cc8   0x00002000   Zero   RW         5535    STACK               arm_startup_nrf52.o


==============================================================================

Image component sizes


      Code (inc. data)   RO Data    RW Data    ZI Data      Debug   Object Name

       612         82          7         32         32      13062   app_button.o
       136          4          0          0         32       3374   app_error.o
        26          0          0          0          0        560   app_error_handler_keil.o
       424        190          0          0          0       4750   app_error_weak.o
       170          0          0          0          0       6062   app_fifo.o
      2068        242          6         20        268      53575   app_timer.o
       834        168         32         27         32      21422   app_uart_fifo.o
       200         24          0          0         12      10306   app_util_platform.o
        36          8        512          0       8192        916   arm_startup_nrf52.o
      1732          0          0          0          0      40496   ble_advdata.o
      1530          6          0          0          0      20356   ble_advertising.o
       936         56          8          8         80      11875   ble_conn_params.o
       516         94          8          0        120       8432   ble_conn_state.o
       108          0          0          0          0       1584   ble_link_ctx_manager.o
      1208          6         32          4          0       9232   ble_nus.o
        30          0          0          0          0      24032   ble_srv_common.o
       488         38          8          0          0      19815   boards.o
      1602        122         44         21        108      15355   bsp.o
       420         16          8          8          0       6012   bsp_btn_ble.o
      3460        992         72         53        972     175090   main.o
       374          0          0          0          0       8752   nrf_atfifo.o
        90          0          0          0          0       3088   nrf_atflags.o
       422          0          0          0          0       9497   nrf_atomic.o
       218          0          0          0          0       3807   nrf_balloc.o
      1986        760        361          4          0      39038   nrf_ble_gatt.o
       390          0          0          0          0       6197   nrf_ble_qwr.o
       692        166          0         32        168      62537   nrf_calendar.o
       364         48         30          4         20      38654   nrf_drv_clock.o
       252         42          0          9          0      17604   nrf_drv_uart.o
        70          0          0          0          0       3561   nrf_fprintf.o
      1018          6         16          0          0       6102   nrf_fprintf_format.o
        84         10         21          4          0       2392   nrf_fstorage.o
      1118        118         94         32        160      19321   nrf_fstorage_sd.o
       176         16         22          1         64       7177   nrf_log_backend_rtt.o
       242          0          0          0          0      10859   nrf_log_backend_serial.o
        36          4          0         12          0       3166   nrf_log_default_backends.o
      2420        136         64         24       1252      34424   nrf_log_frontend.o
       622        114        102         64          0       6152   nrf_log_str_formatter.o
       474          0          0          0          0       9695   nrf_memobj.o
       168         22         53         13         12      38115   nrf_pwr_mgmt.o
      1158        274        104          7          0      43294   nrf_sdh.o
       924        296        539          5          0       6623   nrf_sdh_ble.o
       152         68         56          4          0       2796   nrf_sdh_soc.o
       112          0          0          0          0       2804   nrf_section_iter.o
        92         10       1319          0          0       2731   nrf_strerror.o
       380         38         14         12          0      42798   nrfx_clock.o
      1764        116         77          4         92      63665   nrfx_gpiote.o
       118         14         12         12          0       3885   nrfx_prs.o
      1706         50         59          4         44      35910   nrfx_uart.o
      1536         50         62          4         36      29269   nrfx_uarte.o
        16          0          0          8          0       2878   retarget.o
       470         44          0          0        648       8449   segger_rtt.o
      1372        142          0          4          0      35062   system_nrf52.o

    ----------------------------------------------------------------------
     37624       4592       3824        456      12344    1056608   Object Totals
         0          0         32          0          0          0   (incl. Generated)
        72          0         50         20          0          0   (incl. Padding)

    ----------------------------------------------------------------------

      Code (inc. data)   RO Data    RW Data    ZI Data      Debug   Library Member Name

        86          0          0          0          0          0   __dczerorl2.o
         8          4        133          0          0         68   ctype_o.o
         0          0          0          0          0          0   entry.o
         0          0          0          0          0          0   entry10a.o
         0          0          0          0          0          0   entry11a.o
         8          4          0          0          0          0   entry2.o
         4          0          0          0          0          0   entry5.o
         0          0          0          0          0          0   entry7b.o
         0          0          0          0          0          0   entry8b.o
         8          4          0          0          0          0   entry9a.o
        30          0          0          0          0          0   handlers.o
        36          8          0          0          0         68   init.o
        30          0          0          0          0         68   llshl.o
        32          0          0          0          0         68   llushr.o
       140          6         12          0          0         76   localtime_i.o
        12          6          0          0         44         68   localtime_w.o
        36          0          0          0          0         68   memcpya.o
        36          0          0          0          0        108   memseta.o
       168         18         12          0          0         80   mktime.o
       472         14          0          0          0        184   printf3.o
        18          0          0          0          0         68   strcpy.o
       916        264         86          0          0        144   strftime.o
        14          0          0          0          0         68   strlen.o
        44          0          0          0          0         80   uidiv.o
        98          0          0          0          0         92   uldiv.o

    ----------------------------------------------------------------------
      2200        328        248          0         48       1308   Library Totals
         4          0          5          0          4          0   (incl. Padding)

    ----------------------------------------------------------------------

      Code (inc. data)   RO Data    RW Data    ZI Data      Debug   Library Name

      2196        328        243          0         44       1308   mc_w.l

    ----------------------------------------------------------------------
      2200        328        248          0         48       1308   Library Totals

    ----------------------------------------------------------------------

==============================================================================


      Code (inc. data)   RO Data    RW Data    ZI Data      Debug   

     39824       4920       4072        456      12392    1012628   Grand Totals
     39824       4920       4072         92      12392    1012628   ELF Image Totals (compressed)
     39824       4920       4072         92          0          0   ROM Totals

==============================================================================

    Total RO  Size (Code + RO Data)                43896 (  42.87kB)
    Total RW  Size (RW Data + ZI Data)             12848 (  12.55kB)
    Total ROM Size (Code + RO Data + RW Data)      43988 (  42.96kB)

==============================================================================

