Component: ARM Compiler 5.06 update 6 (build 750) Tool: armlink [4d35ed]

==============================================================================

Section Cross References

    main.o(i.advertising_init) refers to memseta.o(.text) for __aeabi_memclr4
    main.o(i.advertising_init) refers to ble_advdata.o(i.ble_advdata_encode) for ble_advdata_encode
    main.o(i.advertising_init) refers to app_error_handler_keil.o(.emb_text) for app_error_handler
    main.o(i.advertising_init) refers to main.o(.constdata) for .constdata
    main.o(i.advertising_init) refers to main.o(.bss) for .bss
    main.o(i.advertising_init) refers to main.o(.data) for .data
    main.o(i.advertising_start) refers to app_error_handler_keil.o(.emb_text) for app_error_handler
    main.o(i.advertising_start) refers to boards.o(i.bsp_board_led_on) for bsp_board_led_on
    main.o(i.advertising_start) refers to main.o(.data) for .data
    main.o(i.advertising_start) refers to main.o(i.main) for i.main
    main.o(i.assert_nrf_callback) refers to app_error_handler_keil.o(.emb_text) for app_error_handler
    main.o(i.ble_evt_handler) refers to app_error_handler_keil.o(.emb_text) for app_error_handler
    main.o(i.ble_evt_handler) refers to nrf_log_frontend.o(i.nrf_log_frontend_std_0) for nrf_log_frontend_std_0
    main.o(i.ble_evt_handler) refers to boards.o(i.bsp_board_led_on) for bsp_board_led_on
    main.o(i.ble_evt_handler) refers to boards.o(i.bsp_board_led_off) for bsp_board_led_off
    main.o(i.ble_evt_handler) refers to nrf_ble_qwr.o(i.nrf_ble_qwr_conn_handle_assign) for nrf_ble_qwr_conn_handle_assign
    main.o(i.ble_evt_handler) refers to app_button.o(i.app_button_enable) for app_button_enable
    main.o(i.ble_evt_handler) refers to app_button.o(i.app_button_disable) for app_button_disable
    main.o(i.ble_evt_handler) refers to main.o(i.advertising_start) for advertising_start
    main.o(i.ble_evt_handler) refers to main.o(.data) for .data
    main.o(i.ble_evt_handler) refers to nrf_log_frontend.o(log_const_data) for m_nrf_log_app_logs_data_const
    main.o(i.ble_evt_handler) refers to main.o(.bss) for .bss
    main.o(i.ble_stack_init) refers to nrf_sdh.o(i.nrf_sdh_enable_request) for nrf_sdh_enable_request
    main.o(i.ble_stack_init) refers to app_error_handler_keil.o(.emb_text) for app_error_handler
    main.o(i.ble_stack_init) refers to nrf_sdh_ble.o(i.nrf_sdh_ble_default_cfg_set) for nrf_sdh_ble_default_cfg_set
    main.o(i.ble_stack_init) refers to nrf_sdh_ble.o(i.nrf_sdh_ble_enable) for nrf_sdh_ble_enable
    main.o(i.ble_stack_init) refers to main.o(i.main) for i.main
    main.o(i.button_event_handler) refers to nrf_log_frontend.o(i.nrf_log_frontend_std_0) for nrf_log_frontend_std_0
    main.o(i.button_event_handler) refers to app_error_handler_keil.o(.emb_text) for app_error_handler
    main.o(i.button_event_handler) refers to nrf_log_frontend.o(log_const_data) for m_nrf_log_app_logs_data_const
    main.o(i.conn_params_error_handler) refers to app_error_handler_keil.o(.emb_text) for app_error_handler
    main.o(i.gap_params_init) refers to app_error_handler_keil.o(.emb_text) for app_error_handler
    main.o(i.gap_params_init) refers to main.o(i.main) for i.main
    main.o(i.led_write_handler) refers to boards.o(i.bsp_board_led_on) for bsp_board_led_on
    main.o(i.led_write_handler) refers to boards.o(i.bsp_board_led_off) for bsp_board_led_off
    main.o(i.led_write_handler) refers to nrf_log_frontend.o(i.nrf_log_frontend_std_0) for nrf_log_frontend_std_0
    main.o(i.led_write_handler) refers to nrf_log_frontend.o(log_const_data) for m_nrf_log_app_logs_data_const
    main.o(i.main) refers to nrf_log_frontend.o(i.nrf_log_init) for nrf_log_init
    main.o(i.main) refers to app_error_handler_keil.o(.emb_text) for app_error_handler
    main.o(i.main) refers to nrf_log_default_backends.o(i.nrf_log_default_backends_init) for nrf_log_default_backends_init
    main.o(i.main) refers to boards.o(i.bsp_board_init) for bsp_board_init
    main.o(i.main) refers to app_timer.o(i.app_timer_init) for app_timer_init
    main.o(i.main) refers to app_button.o(i.app_button_init) for app_button_init
    main.o(i.main) refers to nrf_pwr_mgmt.o(i.nrf_pwr_mgmt_init) for nrf_pwr_mgmt_init
    main.o(i.main) refers to main.o(i.ble_stack_init) for ble_stack_init
    main.o(i.main) refers to main.o(i.gap_params_init) for gap_params_init
    main.o(i.main) refers to nrf_ble_gatt.o(i.nrf_ble_gatt_init) for nrf_ble_gatt_init
    main.o(i.main) refers to main.o(i.nrf_gpio_cfg_output) for nrf_gpio_cfg_output
    main.o(i.main) refers to main.o(i.saadc_init) for saadc_init
    main.o(i.main) refers to nrfx_timer.o(i.nrfx_timer_init) for nrfx_timer_init
    main.o(i.main) refers to nrfx_timer.o(i.nrfx_timer_extended_compare) for nrfx_timer_extended_compare
    main.o(i.main) refers to nrfx_timer.o(i.nrfx_timer_enable) for nrfx_timer_enable
    main.o(i.main) refers to nrf_ble_qwr.o(i.nrf_ble_qwr_init) for nrf_ble_qwr_init
[...]
    .conststring                             0x0002b1e4   Section     1003  nrf_strerror.o(.conststring)
    .conststring                             0x0002b5d0   Section      102  nrf_log_str_formatter.o(.conststring)
    .conststring                             0x0002b638   Section      463  nrf_sdh_ble.o(.conststring)
    .conststrlit                             0x0002b808   Section       13  nrf_ble_gatt.o(.conststrlit)
    .conststrlit                             0x0002b818   Section        6  nrf_drv_clock.o(.conststrlit)
    .conststrlit                             0x0002b820   Section        6  nrfx_clock.o(.conststrlit)
    .conststrlit                             0x0002b828   Section        7  nrfx_gpiote.o(.conststrlit)
    .conststrlit                             0x0002b830   Section        4  nrfx_prs.o(.conststrlit)
    .conststrlit                             0x0002b834   Section        5  nrfx_uart.o(.conststrlit)
    .conststrlit                             0x0002b83c   Section        6  nrfx_uarte.o(.conststrlit)
    .conststrlit                             0x0002b844   Section        6  nrfx_timer.o(.conststrlit)
    .conststrlit                             0x0002b84c   Section        6  nrfx_saadc.o(.conststrlit)
    .conststrlit                             0x0002b854   Section        5  nrfx_spim.o(.conststrlit)
    .conststrlit                             0x0002b85c   Section        9  nrf_pwr_mgmt.o(.conststrlit)
    .conststrlit                             0x0002b868   Section       16  nrf_log_default_backends.o(.conststrlit)
    .conststrlit                             0x0002b878   Section        4  nrf_log_frontend.o(.conststrlit)
    .conststrlit                             0x0002b87c   Section        8  nrf_sdh.o(.conststrlit)
    .conststrlit                             0x0002b884   Section       12  nrf_sdh_ble.o(.conststrlit)
    .conststrlit                             0x0002b890   Section       12  nrf_sdh_soc.o(.conststrlit)
    log_backends                             0x0002b8bc   Section       16  nrf_log_default_backends.o(log_backends)
    __tagsym$$used                           0x0002b8bc   Number         0  nrf_log_default_backends.o(log_backends)
    rtt_log_backend                          0x0002b8bc   Data          16  nrf_log_default_backends.o(log_backends)
    log_const_data                           0x0002b8cc   Section        8  nrf_ble_gatt.o(log_const_data)
    __tagsym$$used                           0x0002b8cc   Number         0  nrf_ble_gatt.o(log_const_data)
    log_const_data                           0x0002b8d4   Section        8  nrf_drv_clock.o(log_const_data)
    __tagsym$$used                           0x0002b8d4   Number         0  nrf_drv_clock.o(log_const_data)
    log_const_data                           0x0002b8dc   Section        8  nrfx_clock.o(log_const_data)
    __tagsym$$used                           0x0002b8dc   Number         0  nrfx_clock.o(log_const_data)
    log_const_data                           0x0002b8e4   Section        8  nrfx_gpiote.o(log_const_data)
    __tagsym$$used                           0x0002b8e4   Number         0  nrfx_gpiote.o(log_const_data)
    log_const_data                           0x0002b8ec   Section        8  nrfx_prs.o(log_const_data)
    __tagsym$$used                           0x0002b8ec   Number         0  nrfx_prs.o(log_const_data)
    log_const_data                           0x0002b8f4   Section        8  nrfx_uart.o(log_const_data)
    __tagsym$$used                           0x0002b8f4   Number         0  nrfx_uart.o(log_const_data)
    log_const_data                           0x0002b8fc   Section        8  nrfx_uarte.o(log_const_data)
    __tagsym$$used                           0x0002b8fc   Number         0  nrfx_uarte.o(log_const_data)
    log_const_data                           0x0002b904   Section        8  nrfx_timer.o(log_const_data)
    __tagsym$$used                           0x0002b904   Number         0  nrfx_timer.o(log_const_data)
    log_const_data                           0x0002b90c   Section        8  nrfx_saadc.o(log_const_data)
    __tagsym$$used                           0x0002b90c   Number         0  nrfx_saadc.o(log_const_data)
    log_const_data                           0x0002b914   Section        8  nrfx_spim.o(log_const_data)
    __tagsym$$used                           0x0002b914   Number         0  nrfx_spim.o(log_const_data)
    log_const_data                           0x0002b91c   Section        8  nrf_pwr_mgmt.o(log_const_data)
    __tagsym$$used                           0x0002b91c   Number         0  nrf_pwr_mgmt.o(log_const_data)
    log_const_data                           0x0002b924   Section        8  nrf_log_frontend.o(log_const_data)
    __tagsym$$used                           0x0002b924   Number         0  nrf_log_frontend.o(log_const_data)
    log_const_data                           0x0002b92c   Section        8  nrf_sdh.o(log_const_data)
    __tagsym$$used                           0x0002b92c   Number         0  nrf_sdh.o(log_const_data)
    log_const_data                           0x0002b934   Section        8  nrf_sdh_ble.o(log_const_data)
    __tagsym$$used                           0x0002b934   Number         0  nrf_sdh_ble.o(log_const_data)
    log_const_data                           0x0002b93c   Section        8  nrf_sdh_soc.o(log_const_data)
    __tagsym$$used                           0x0002b93c   Number         0  nrf_sdh_soc.o(log_const_data)
    nrf_balloc                               0x0002b944   Section       20  nrf_log_frontend.o(nrf_balloc)
    __tagsym$$used                           0x0002b944   Number         0  nrf_log_frontend.o(nrf_balloc)
    sdh_ble_observers0                       0x0002b958   Section        8  ble_conn_state.o(sdh_ble_observers0)
    __tagsym$$used                           0x0002b958   Number         0  ble_conn_state.o(sdh_ble_observers0)
    m_ble_evt_observer                       0x0002b958   Data           8  ble_conn_state.o(sdh_ble_observers0)
    sdh_ble_observers1                       0x0002b960   Section        8  main.o(sdh_ble_observers1)
    __tagsym$$used                           0x0002b960   Number         0  main.o(sdh_ble_observers1)
    m_gatt_obs                               0x0002b960   Data           8  main.o(sdh_ble_observers1)
    sdh_ble_observers1                       0x0002b968   Section        8  ble_conn_params.o(sdh_ble_observers1)
    __tagsym$$used                           0x0002b968   Number         0  ble_conn_params.o(sdh_ble_observers1)
    m_ble_observer                           0x0002b968   Data           8  ble_conn_params.o(sdh_ble_observers1)
    sdh_ble_observers2                       0x0002b970   Section       16  main.o(sdh_ble_observers2)
    __tagsym$$used                           0x0002b970   Number         0  main.o(sdh_ble_observers2)
    m_lbs_obs                                0x0002b970   Data           8  main.o(sdh_ble_observers2)
    __tagsym$$used                           0x0002b978   Number         0  main.o(sdh_ble_observers2)
    m_qwr_obs                                0x0002b978   Data           8  main.o(sdh_ble_observers2)
    sdh_ble_observers3                       0x0002b980   Section        8  main.o(sdh_ble_observers3)
    __tagsym$$used                           0x0002b980   Number         0  main.o(sdh_ble_observers3)
    m_ble_observer                           0x0002b980   Data           8  main.o(sdh_ble_observers3)
    sdh_soc_observers0                       0x0002b988   Section        8  nrf_drv_clock.o(sdh_soc_observers0)
    __tagsym$$used                           0x0002b988   Number         0  nrf_drv_clock.o(sdh_soc_observers0)
    m_soc_evt_observer                       0x0002b988   Data           8  nrf_drv_clock.o(sdh_soc_observers0)
    sdh_stack_observers0                     0x0002b990   Section        8  nrf_sdh_ble.o(sdh_stack_observers0)
    __tagsym$$used                           0x0002b990   Number         0  nrf_sdh_ble.o(sdh_stack_observers0)
    m_nrf_sdh_ble_evts_poll                  0x0002b990   Data           8  nrf_sdh_ble.o(sdh_stack_observers0)
    sdh_stack_observers0                     0x0002b998   Section        8  nrf_sdh_soc.o(sdh_stack_observers0)
    __tagsym$$used                           0x0002b998   Number         0  nrf_sdh_soc.o(sdh_stack_observers0)
    m_nrf_sdh_soc_evts_poll                  0x0002b998   Data           8  nrf_sdh_soc.o(sdh_stack_observers0)
    sdh_state_observers0                     0x0002b9a0   Section        8  nrf_drv_clock.o(sdh_state_observers0)
    __tagsym$$used                           0x0002b9a0   Number         0  nrf_drv_clock.o(sdh_state_observers0)
    m_sd_state_observer                      0x0002b9a0   Data           8  nrf_drv_clock.o(sdh_state_observers0)
    .data                                    0x20002b28   Section       44  main.o(.data)
    m_adv_handle                             0x20002b28   Data           1  main.o(.data)
    m_conn_handle                            0x20002b2a   Data           2  main.o(.data)
    buttons                                  0x20002b3c   Data           8  main.o(.data)
    m_adv_data                               0x20002b44   Data          16  main.o(.data)
    .data                                    0x20002b54   Section        8  ble_conn_params.o(.data)
    m_preferred_conn_params                  0x20002b54   Data           8  ble_conn_params.o(.data)
    .data                                    0x20002b5c   Section        8  nrfx_clock.o(.data)
    m_clock_cb                               0x20002b5c   Data           8  nrfx_clock.o(.data)
    .data                                    0x20002b64   Section        8  nrfx_prs.o(.data)
    m_prs_box_4                              0x20002b64   Data           8  nrfx_prs.o(.data)
    .data                                    0x20002b70   Section       32  app_button.o(.data)
    m_button_count                           0x20002b70   Data           1  app_button.o(.data)
    mp_buttons                               0x20002b74   Data           4  app_button.o(.data)
    m_detection_delay                        0x20002b78   Data           4  app_button.o(.data)
    m_pin_state                              0x20002b80   Data           8  app_button.o(.data)
    m_pin_transition                         0x20002b88   Data           8  app_button.o(.data)
    .data                                    0x20002b90   Section       20  app_timer.o(.data)
    m_ticks_elapsed_q_read_ind               0x20002b90   Data           1  app_timer.o(.data)
    m_ticks_elapsed_q_write_ind              0x20002b91   Data           1  app_timer.o(.data)
    m_rtc1_running                           0x20002b92   Data           1  app_timer.o(.data)
    m_rtc1_reset                             0x20002b93   Data           1  app_timer.o(.data)
    mp_timer_id_head                         0x20002b94   Data           4  app_timer.o(.data)
    m_ticks_latest                           0x20002b98   Data           4  app_timer.o(.data)
    m_ticks_elapsed                          0x20002b9c   Data           8  app_timer.o(.data)
    .data                                    0x20002ba4   Section        8  nrf_pwr_mgmt.o(.data)
    m_pwr_mgmt_evt                           0x20002ba4   Data           1  nrf_pwr_mgmt.o(.data)
    m_shutdown_started                       0x20002ba5   Data           1  nrf_pwr_mgmt.o(.data)
    m_sysoff_mtx                             0x20002ba8   Data           4  nrf_pwr_mgmt.o(.data)
    .data                                    0x20002bac   Section        1  nrf_log_backend_rtt.o(.data)
    m_host_present                           0x20002bac   Data           1  nrf_log_backend_rtt.o(.data)
    .data                                    0x20002bb0   Section        8  nrf_log_default_backends.o(.data)
    log_backend_cb_rtt_log_backend           0x20002bb0   Data           8  nrf_log_default_backends.o(.data)
    .data                                    0x20002bb8   Section        8  nrf_log_frontend.o(.data)
    log_mempool_nrf_balloc_pool_stack        0x20002bb8   Data           8  nrf_log_frontend.o(.data)
    .data                                    0x20002bc0   Section        8  nrf_log_frontend.o(.data)
    log_mempool_nrf_balloc_cb                0x20002bc0   Data           8  nrf_log_frontend.o(.data)
    .data                                    0x20002bc8   Section       64  nrf_log_str_formatter.o(.data)
    m_freq                                   0x20002bc8   Data           4  nrf_log_str_formatter.o(.data)
    m_timestamp_div                          0x20002bcc   Data           4  nrf_log_str_formatter.o(.data)
    severity_names                           0x20002bd0   Data          20  nrf_log_str_formatter.o(.data)
    m_colors                                 0x20002be4   Data          36  nrf_log_str_formatter.o(.data)
    .data                                    0x20002c08   Section        3  nrf_sdh.o(.data)
    m_nrf_sdh_enabled                        0x20002c08   Data           1  nrf_sdh.o(.data)
    m_nrf_sdh_suspended                      0x20002c09   Data           1  nrf_sdh.o(.data)
    m_nrf_sdh_continue                       0x20002c0a   Data           1  nrf_sdh.o(.data)
    .data                                    0x20002c0b   Section        1  nrf_sdh_ble.o(.data)
    m_stack_is_enabled                       0x20002c0b   Data           1  nrf_sdh_ble.o(.data)
    .data                                    0x20002c0c   Section        4  system_nrf52.o(.data)
    __tagsym$$used                           0x20002c0c   Number         0  system_nrf52.o(.data)
    .bss                                     0x20002c10   Section       88  main.o(.bss)
    m_lbs                                    0x20002c10   Data          24  main.o(.bss)
    m_gatt                                   0x20002c28   Data          20  main.o(.bss)
    m_qwr                                    0x20002c3c   Data          12  main.o(.bss)
    .bss                                     0x20002c68   Section       31  main.o(.bss)
    m_enc_advdata                            0x20002c68   Data          31  main.o(.bss)
    .bss                                     0x20002c87   Section       31  main.o(.bss)
    m_enc_scan_response_data                 0x20002c87   Data          31  main.o(.bss)
    .bss                                     0x20002ca8   Section       80  ble_conn_params.o(.bss)
    m_timer_data                             0x20002ca8   Data          32  ble_conn_params.o(.bss)
    m_conn_params_instances                  0x20002cc8   Data          20  ble_conn_params.o(.bss)
    m_conn_params_config                     0x20002cdc   Data          28  ble_conn_params.o(.bss)
    .bss                                     0x20002cf8   Section      120  ble_conn_state.o(.bss)
    m_bcs                                    0x20002cf8   Data         120  ble_conn_state.o(.bss)
    .bss                                     0x20002d70   Section       20  nrf_drv_clock.o(.bss)
    m_clock_cb                               0x20002d70   Data          20  nrf_drv_clock.o(.bss)
    .bss                                     0x20002d84   Section       92  nrfx_gpiote.o(.bss)
    m_cb                                     0x20002d84   Data          92  nrfx_gpiote.o(.bss)
    .bss                                     0x20002de0   Section       12  nrfx_timer.o(.bss)
    m_cb                                     0x20002de0   Data          12  nrfx_timer.o(.bss)
    .bss                                     0x20002dec   Section       48  nrfx_saadc.o(.bss)
    m_cb                                     0x20002dec   Data          48  nrfx_saadc.o(.bss)
    .bss                                     0x20002e1c   Section       36  nrfx_spim.o(.bss)
    m_cb                                     0x20002e1c   Data          36  nrfx_spim.o(.bss)
    .bss                                     0x20002e40   Section       32  app_button.o(.bss)
    m_detection_delay_timer_id_data          0x20002e40   Data          32  app_button.o(.bss)
    .bss                                     0x20002e60   Section       32  app_error.o(.bss)
    m_error_data                             0x20002e60   Data          32  app_error.o(.bss)
    .bss                                     0x20002e80   Section      268  app_timer.o(.bss)
    m_op_queue                               0x20002e80   Data         268  app_timer.o(.bss)
    .bss                                     0x20002f8c   Section       12  app_util_platform.o(.bss)
    .bss                                     0x20002f98   Section       12  nrf_pwr_mgmt.o(.bss)
    m_handlers_iter                          0x20002f98   Data          12  nrf_pwr_mgmt.o(.bss)
    .bss                                     0x20002fa4   Section       64  nrf_log_backend_rtt.o(.bss)
    m_string_buff                            0x20002fa4   Data          64  nrf_log_backend_rtt.o(.bss)
    .bss                                     0x20002fe4   Section      192  nrf_log_frontend.o(.bss)
    log_mempool_nrf_balloc_pool_mem          0x20002fe4   Data         192  nrf_log_frontend.o(.bss)
    .bss                                     0x200030a4   Section      128  nrf_log_frontend.o(.bss)
    m_log_push_ringbuf_buf                   0x200030a4   Data         128  nrf_log_frontend.o(.bss)
    .bss                                     0x20003124   Section       24  nrf_log_frontend.o(.bss)
    m_log_push_ringbuf_cb                    0x20003124   Data          24  nrf_log_frontend.o(.bss)
    .bss                                     0x2000313c   Section     1060  nrf_log_frontend.o(.bss)
    m_log_data                               0x2000313c   Data        1060  nrf_log_frontend.o(.bss)
    .bss                                     0x20003560   Section      648  segger_rtt.o(.bss)
    _acUpBuffer                              0x200035d8   Data         512  segger_rtt.o(.bss)
    _acDownBuffer                            0x200037d8   Data          16  segger_rtt.o(.bss)
    STACK                                    0x200037e8   Section     8192  arm_startup_nrf52.o(STACK)

    Global Symbols

    Symbol Name                              Value     Ov Type        Size  Object(Section)

    BuildAttributes$$THM_ISAv4$E$P$D$K$B$S$7EM$VFPi3$EXTD16$VFPS$VFMA$PE$A:L22UL41UL21$X:L11$S22US41US21$IEEE1$IW$USESV6$~STKCKD$USESV7$~SHL$OSPACE$EBA8$MICROLIB$REQ8$EABIv2 0x00000000   Number         0  anon$$obj.o ABSOLUTE
    __ARM_use_no_argv                        0x00000000   Number         0  main.o ABSOLUTE
    __use_no_errno                           0x00000000   Number         0  useno.o ABSOLUTE
    __use_no_exception_handling              0x00000000   Number         0  useno.o ABSOLUTE
    __use_no_fp                              0x00000000   Number         0  useno.o ABSOLUTE
    __use_no_heap                            0x00000000   Number         0  useno.o ABSOLUTE
    __use_no_heap_region                     0x00000000   Number         0  useno.o ABSOLUTE
    __use_no_semihosting                     0x00000000   Number         0  useno.o ABSOLUTE
    __use_no_semihosting_swi                 0x00000000   Number         0  useno.o ABSOLUTE
    __use_no_signal_handling                 0x00000000   Number         0  useno.o ABSOLUTE
    __cpp_initialize__aeabi_                  - Undefined Weak Reference
    __cxa_finalize                            - Undefined Weak Reference
    __decompress                              - Undefined Weak Reference
    _clock_init                               - Undefined Weak Reference
    _microlib_exit                            - Undefined Weak Reference
    log_dynamic_data$$Base                    - Undefined Reference
    pwr_mgmt_data0$$Base                      - Undefined Reference
    pwr_mgmt_data0$$Limit                     - Undefined Reference
    pwr_mgmt_data1$$Base                      - Undefined Reference
    pwr_mgmt_data1$$Limit                     - Undefined Reference
    pwr_mgmt_data2$$Base                      - Undefined Reference
    pwr_mgmt_data2$$Limit                     - Undefined Reference
    sdh_req_observers0$$Base                  - Undefined Reference
    sdh_req_observers0$$Limit                 - Undefined Reference
    sdh_req_observers1$$Base                  - Undefined Reference
    sdh_req_observers1$$Limit                 - Undefined Reference
    sdh_soc_observers1$$Base                  - Undefined Reference
    sdh_soc_observers1$$Limit                 - Undefined Reference
    sdh_stack_observers1$$Base                - Undefined Reference
    sdh_stack_observers1$$Limit               - Undefined Reference
    sdh_state_observers1$$Base                - Undefined Reference
    sdh_state_observers1$$Limit               - Undefined Reference
    __Vectors_Size                           0x00000200   Number         0  arm_startup_nrf52.o ABSOLUTE
    __Vectors                                0x00026000   Data           4  arm_startup_nrf52.o(RESET)
    __Vectors_End                            0x00026200   Data           0  arm_startup_nrf52.o(RESET)
    __main                                   0x00026201   Thumb Code     0  entry.o(.ARM.Collect$$$$00000000)
    _main_stk                                0x00026201   Thumb Code     0  entry2.o(.ARM.Collect$$$$00000001)
    _main_scatterload                        0x00026205   Thumb Code     0  entry5.o(.ARM.Collect$$$$00000004)
    __main_after_scatterload                 0x00026209   Thumb Code     0  entry5.o(.ARM.Collect$$$$00000004)
    _main_clock                              0x00026209   Thumb Code     0  entry7b.o(.ARM.Collect$$$$00000008)
    _main_cpp_init                           0x00026209   Thumb Code     0  entry8b.o(.ARM.Collect$$$$0000000A)
    _main_init                               0x00026209   Thumb Code     0  entry9a.o(.ARM.Collect$$$$0000000B)
    __rt_final_cpp                           0x00026211   Thumb Code     0  entry10a.o(.ARM.Collect$$$$0000000D)
    __rt_final_exit                          0x00026211   Thumb Code     0  entry11a.o(.ARM.Collect$$$$0000000F)
    app_error_handler                        0x00026215   Thumb Code    26  app_error_handler_keil.o(.emb_text)
    __asm___12_nrf_atomic_c_85ca2469__nrf_atomic_internal_mov 0x00026231   Thumb Code    24  nrf_atomic.o(.emb_text)
    __asm___12_nrf_atomic_c_85ca2469__nrf_atomic_internal_orr 0x00026249   Thumb Code    26  nrf_atomic.o(.emb_text)
    __asm___12_nrf_atomic_c_85ca2469__nrf_atomic_internal_and 0x00026263   Thumb Code    26  nrf_atomic.o(.emb_text)
    __asm___12_nrf_atomic_c_85ca2469__nrf_atomic_internal_eor 0x0002627d   Thumb Code    26  nrf_atomic.o(.emb_text)
    __asm___12_nrf_atomic_c_85ca2469__nrf_atomic_internal_add 0x00026297   Thumb Code    26  nrf_atomic.o(.emb_text)
    __asm___12_nrf_atomic_c_85ca2469__nrf_atomic_internal_sub 0x000262b1   Thumb Code    26  nrf_atomic.o(.emb_text)
    __asm___12_nrf_atomic_c_85ca2469__nrf_atomic_internal_cmp_exch 0x000262cb   Thumb Code    42  nrf_atomic.o(.emb_text)
    __asm___12_nrf_atomic_c_85ca2469__nrf_atomic_internal_sub_hs 0x000262f5   Thumb Code    30  nrf_atomic.o(.emb_text)
    Reset_Handler                            0x00026315   Thumb Code     8  arm_startup_nrf52.o(.text)
    NMI_Handler                              0x0002631d   Thumb Code     2  arm_startup_nrf52.o(.text)
    HardFault_Handler                        0x0002631f   Thumb Code     2  arm_startup_nrf52.o(.text)
    MemoryManagement_Handler                 0x00026321   Thumb Code     2  arm_startup_nrf52.o(.text)
    BusFault_Handler                         0x00026323   Thumb Code     2  arm_startup_nrf52.o(.text)
    UsageFault_Handler                       0x00026325   Thumb Code     2  arm_startup_nrf52.o(.text)
    SVC_Handler                              0x00026327   Thumb Code     2  arm_startup_nrf52.o(.text)
    DebugMon_Handler                         0x00026329   Thumb Code     2  arm_startup_nrf52.o(.text)
    PendSV_Handler                           0x0002632b   Thumb Code     2  arm_startup_nrf52.o(.text)
    SysTick_Handler                          0x0002632d   Thumb Code     2  arm_startup_nrf52.o(.text)
    CCM_AAR_IRQHandler                       0x0002632f   Thumb Code     0  arm_startup_nrf52.o(.text)
    COMP_LPCOMP_IRQHandler                   0x0002632f   Thumb Code     0  arm_startup_nrf52.o(.text)
    ECB_IRQHandler                           0x0002632f   Thumb Code     0  arm_startup_nrf52.o(.text)
    FPU_IRQHandler                           0x0002632f   Thumb Code     0  arm_startup_nrf52.o(.text)
    I2S_IRQHandler                           0x0002632f   Thumb Code     0  arm_startup_nrf52.o(.text)
    MWU_IRQHandler                           0x0002632f   Thumb Code     0  arm_startup_nrf52.o(.text)
    NFCT_IRQHandler                          0x0002632f   Thumb Code     0  arm_startup_nrf52.o(.text)
    PDM_IRQHandler                           0x0002632f   Thumb Code     0  arm_startup_nrf52.o(.text)
    PWM0_IRQHandler                          0x0002632f   Thumb Code     0  arm_startup_nrf52.o(.text)
    PWM1_IRQHandler                          0x0002632f   Thumb Code     0  arm_startup_nrf52.o(.text)
    PWM2_IRQHandler                          0x0002632f   Thumb Code     0  arm_startup_nrf52.o(.text)
    QDEC_IRQHandler                          0x0002632f   Thumb Code     0  arm_startup_nrf52.o(.text)
    RADIO_IRQHandler                         0x0002632f   Thumb Code     0  arm_startup_nrf52.o(.text)
    RNG_IRQHandler                           0x0002632f   Thumb Code     0  arm_startup_nrf52.o(.text)
    RTC0_IRQHandler                          0x0002632f   Thumb Code     0  arm_startup_nrf52.o(.text)
    RTC2_IRQHandler                          0x0002632f   Thumb Code     0  arm_startup_nrf52.o(.text)
    SPIM1_SPIS1_TWIM1_TWIS1_SPI1_TWI1_IRQHandler 0x0002632f   Thumb Code     0  arm_startup_nrf52.o(.text)
    SPIM2_SPIS2_SPI2_IRQHandler              0x0002632f   Thumb Code     0  arm_startup_nrf52.o(.text)
    SWI1_EGU1_IRQHandler                     0x0002632f   Thumb Code     0  arm_startup_nrf52.o(.text)
    SWI3_EGU3_IRQHandler                     0x0002632f   Thumb Code     0  arm_startup_nrf52.o(.text)
    SWI4_EGU4_IRQHandler                     0x0002632f   Thumb Code     0  arm_startup_nrf52.o(.text)
    SWI5_EGU5_IRQHandler                     0x0002632f   Thumb Code     0  arm_startup_nrf52.o(.text)
    TEMP_IRQHandler                          0x0002632f   Thumb Code     0  arm_startup_nrf52.o(.text)
    TIMER0_IRQHandler                        0x0002632f   Thumb Code     0  arm_startup_nrf52.o(.text)
    TIMER1_IRQHandler                        0x0002632f   Thumb Code     0  arm_startup_nrf52.o(.text)
    TIMER3_IRQHandler                        0x0002632f   Thumb Code     0  arm_startup_nrf52.o(.text)
    TIMER4_IRQHandler                        0x0002632f   Thumb Code     0  arm_startup_nrf52.o(.text)
    WDT_IRQHandler                           0x0002632f   Thumb Code     0  arm_startup_nrf52.o(.text)
    __aeabi_llsl                             0x00026339   Thumb Code    30  llshl.o(.text)
    _ll_shift_l                              0x00026339   Thumb Code     0  llshl.o(.text)
    __rt_ctype_table                         0x00026359   Thumb Code     4  ctype_o.o(.text)
    __aeabi_memcpy                           0x00026361   Thumb Code    36  memcpya.o(.text)
    __aeabi_memcpy4                          0x00026361   Thumb Code     0  memcpya.o(.text)
    __aeabi_memcpy8                          0x00026361   Thumb Code     0  memcpya.o(.text)
    __aeabi_memset                           0x00026385   Thumb Code    14  memseta.o(.text)
    __aeabi_memset4                          0x00026385   Thumb Code     0  memseta.o(.text)
    __aeabi_memset8                          0x00026385   Thumb Code     0  memseta.o(.text)
    __aeabi_memclr                           0x00026393   Thumb Code     4  memseta.o(.text)
    __aeabi_memclr4                          0x00026393   Thumb Code     0  memseta.o(.text)
    __aeabi_memclr8                          0x00026393   Thumb Code     0  memseta.o(.text)
    _memset$wrapper                          0x00026397   Thumb Code    18  memseta.o(.text)
    strlen                                   0x000263a9   Thumb Code    14  strlen.o(.text)
    strcpy                                   0x000263b7   Thumb Code    18  strcpy.o(.text)
    __scatterload                            0x000263c9   Thumb Code    28  init.o(.text)
    __scatterload_rt2                        0x000263c9   Thumb Code     0  init.o(.text)
    GPIOTE_IRQHandler                        0x000263ed   Thumb Code   346  nrfx_gpiote.o(i.GPIOTE_IRQHandler)
    POWER_CLOCK_IRQHandler                   0x000265b5   Thumb Code    82  nrfx_clock.o(i.POWER_CLOCK_IRQHandler)
    RTC1_IRQHandler                          0x0002660d   Thumb Code    32  app_timer.o(i.RTC1_IRQHandler)
    SAADC_IRQHandler                         0x00026631   Thumb Code   320  nrfx_saadc.o(i.SAADC_IRQHandler)
    SEGGER_RTT_Init                          0x00026779   Thumb Code     4  segger_rtt.o(i.SEGGER_RTT_Init)
    SEGGER_RTT_WriteNoLock                   0x0002677d   Thumb Code    86  segger_rtt.o(i.SEGGER_RTT_WriteNoLock)
    SPIM0_SPIS0_TWIM0_TWIS0_SPI0_TWI0_IRQHandler 0x000267d9   Thumb Code    76  nrfx_spim.o(i.SPIM0_SPIS0_TWIM0_TWIS0_SPI0_TWI0_IRQHandler)
    SWI0_EGU0_IRQHandler                     0x0002682d   Thumb Code     4  app_timer.o(i.SWI0_EGU0_IRQHandler)
    SWI2_EGU2_IRQHandler                     0x00026831   Thumb Code     4  nrf_sdh.o(i.SWI2_EGU2_IRQHandler)
    SystemInit                               0x00026835   Thumb Code   726  system_nrf52.o(i.SystemInit)
    TIMER2_IRQHandler                        0x00026b51   Thumb Code    70  nrfx_timer.o(i.TIMER2_IRQHandler)
    UARTE0_UART0_IRQHandler                  0x00026ba1   Thumb Code     6  nrfx_prs.o(i.UARTE0_UART0_IRQHandler)
    __scatterload_copy                       0x00026cc7   Thumb Code    14  handlers.o(i.__scatterload_copy)
    __scatterload_null                       0x00026cd5   Thumb Code     2  handlers.o(i.__scatterload_null)
    __scatterload_zeroinit                   0x00026cd7   Thumb Code    14  handlers.o(i.__scatterload_zeroinit)
    app_button_disable                       0x00026df1   Thumb Code    38  app_button.o(i.app_button_disable)
    app_button_enable                        0x00026e21   Thumb Code    32  app_button.o(i.app_button_enable)
    app_button_init                          0x00026e45   Thumb Code   102  app_button.o(i.app_button_init)
    app_error_fault_handler                  0x00026ebd   Thumb Code   164  app_error_weak.o(i.app_error_fault_handler)
    app_error_save_and_stop                  0x00027021   Thumb Code    96  app_error.o(i.app_error_save_and_stop)
    app_timer_create                         0x00027085   Thumb Code    36  app_timer.o(i.app_timer_create)
    app_timer_init                           0x000270ad   Thumb Code    70  app_timer.o(i.app_timer_init)
    app_timer_start                          0x00027101   Thumb Code   128  app_timer.o(i.app_timer_start)
    app_timer_stop                           0x00027189   Thumb Code    26  app_timer.o(i.app_timer_stop)
    app_util_critical_region_enter           0x000271a9   Thumb Code    64  app_util_platform.o(i.app_util_critical_region_enter)
    app_util_critical_region_exit            0x000271f1   Thumb Code    46  app_util_platform.o(i.app_util_critical_region_exit)
    ble_advdata_encode                       0x00027225   Thumb Code   386  ble_advdata.o(i.ble_advdata_encode)
    ble_conn_params_init                     0x000273a9   Thumb Code    90  ble_conn_params.o(i.ble_conn_params_init)
    ble_lbs_init                             0x000277fd   Thumb Code   196  ble_lbs.o(i.ble_lbs_init)
    ble_lbs_on_ble_evt                       0x000278c5   Thumb Code    46  ble_lbs.o(i.ble_lbs_on_ble_evt)
    ble_lbs_on_button_change1                0x000278f3   Thumb Code    56  ble_lbs.o(i.ble_lbs_on_button_change1)
    ble_srv_is_notification_enabled          0x0002792b   Thumb Code     8  ble_srv_common.o(i.ble_srv_is_notification_enabled)
    bsp_board_init                           0x00027979   Thumb Code    80  boards.o(i.bsp_board_init)
    bsp_board_led_off                        0x000279cd   Thumb Code    10  boards.o(i.bsp_board_led_off)
    bsp_board_led_on                         0x000279dd   Thumb Code    10  boards.o(i.bsp_board_led_on)
    bsp_board_leds_off                       0x000279ed   Thumb Code    18  boards.o(i.bsp_board_leds_off)
    buffer_is_empty                          0x00027ab1   Thumb Code    16  nrf_log_frontend.o(i.buffer_is_empty)
    characteristic_add                       0x00027bb9   Thumb Code   400  ble_srv_common.o(i.characteristic_add)
    conn_handle_list_get                     0x00027e39   Thumb Code    62  ble_conn_state.o(i.conn_handle_list_get)
    main                                     0x0002853d   Thumb Code   366  main.o(i.main)
    nrf_atflags_clear                        0x000288b7   Thumb Code    22  nrf_atflags.o(i.nrf_atflags_clear)
    nrf_atflags_get                          0x000288cd   Thumb Code    22  nrf_atflags.o(i.nrf_atflags_get)
    nrf_atflags_set                          0x000288e3   Thumb Code    20  nrf_atflags.o(i.nrf_atflags_set)
    nrf_atomic_flag_clear_fetch              0x000288f7   Thumb Code     6  nrf_atomic.o(i.nrf_atomic_flag_clear_fetch)
    nrf_atomic_flag_set                      0x000288fd   Thumb Code     6  nrf_atomic.o(i.nrf_atomic_flag_set)
    nrf_atomic_u32_add                       0x00028903   Thumb Code    12  nrf_atomic.o(i.nrf_atomic_u32_add)
    nrf_atomic_u32_and                       0x0002890f   Thumb Code    12  nrf_atomic.o(i.nrf_atomic_u32_and)
    nrf_atomic_u32_fetch_and                 0x0002891b   Thumb Code    10  nrf_atomic.o(i.nrf_atomic_u32_fetch_and)
    nrf_atomic_u32_fetch_store               0x00028925   Thumb Code    10  nrf_atomic.o(i.nrf_atomic_u32_fetch_store)
    nrf_atomic_u32_or                        0x0002892f   Thumb Code    12  nrf_atomic.o(i.nrf_atomic_u32_or)
    nrf_atomic_u32_sub                       0x0002893b   Thumb Code    12  nrf_atomic.o(i.nrf_atomic_u32_sub)
    nrf_balloc_alloc                         0x00028947   Thumb Code    68  nrf_balloc.o(i.nrf_balloc_alloc)
    nrf_balloc_free                          0x0002898b   Thumb Code    48  nrf_balloc.o(i.nrf_balloc_free)
    nrf_balloc_init                          0x000289bb   Thumb Code    48  nrf_balloc.o(i.nrf_balloc_init)
    nrf_ble_gatt_init                        0x00028a0f   Thumb Code    34  nrf_ble_gatt.o(i.nrf_ble_gatt_init)
    nrf_ble_gatt_on_ble_evt                  0x00028a31   Thumb Code   270  nrf_ble_gatt.o(i.nrf_ble_gatt_on_ble_evt)
    nrf_ble_qwr_conn_handle_assign           0x00028b81   Thumb Code    22  nrf_ble_qwr.o(i.nrf_ble_qwr_conn_handle_assign)
    nrf_ble_qwr_init                         0x00028b97   Thumb Code    36  nrf_ble_qwr.o(i.nrf_ble_qwr_init)
    nrf_ble_qwr_on_ble_evt                   0x00028bbb   Thumb Code   182  nrf_ble_qwr.o(i.nrf_ble_qwr_on_ble_evt)
    nrf_drv_clock_init                       0x00028c91   Thumb Code    48  nrf_drv_clock.o(i.nrf_drv_clock_init)
    nrf_drv_clock_lfclk_release              0x00028cc9   Thumb Code    42  nrf_drv_clock.o(i.nrf_drv_clock_lfclk_release)
    nrf_fprintf                              0x00028cf9   Thumb Code    26  nrf_fprintf.o(i.nrf_fprintf)
    nrf_fprintf_buffer_flush                 0x00028d13   Thumb Code    24  nrf_fprintf.o(i.nrf_fprintf_buffer_flush)
    nrf_fprintf_fmt                          0x00028d2b   Thumb Code   474  nrf_fprintf_format.o(i.nrf_fprintf_fmt)
    nrf_log_backend_add                      0x0002900d   Thumb Code    86  nrf_log_frontend.o(i.nrf_log_backend_add)
    nrf_log_backend_rtt_init                 0x0002906b   Thumb Code     4  nrf_log_backend_rtt.o(i.nrf_log_backend_rtt_init)
    nrf_log_backend_serial_put               0x00029089   Thumb Code   200  nrf_log_backend_serial.o(i.nrf_log_backend_serial_put)
    nrf_log_color_id_get                     0x00029151   Thumb Code    42  nrf_log_frontend.o(i.nrf_log_color_id_get)
    nrf_log_default_backends_init            0x00029181   Thumb Code    24  nrf_log_default_backends.o(i.nrf_log_default_backends_init)
    nrf_log_frontend_dequeue                 0x0002919d   Thumb Code   528  nrf_log_frontend.o(i.nrf_log_frontend_dequeue)
    nrf_log_frontend_std_0                   0x000293d1   Thumb Code     8  nrf_log_frontend.o(i.nrf_log_frontend_std_0)
    nrf_log_frontend_std_1                   0x000293d9   Thumb Code    14  nrf_log_frontend.o(i.nrf_log_frontend_std_1)
    nrf_log_frontend_std_2                   0x000293e7   Thumb Code    16  nrf_log_frontend.o(i.nrf_log_frontend_std_2)
    nrf_log_frontend_std_5                   0x000293f7   Thumb Code    28  nrf_log_frontend.o(i.nrf_log_frontend_std_5)
    nrf_log_hexdump_entry_process            0x00029415   Thumb Code   146  nrf_log_str_formatter.o(i.nrf_log_hexdump_entry_process)
    nrf_log_init                             0x000294c1   Thumb Code    46  nrf_log_frontend.o(i.nrf_log_init)
    nrf_log_module_cnt_get                   0x000294fd   Thumb Code    10  nrf_log_frontend.o(i.nrf_log_module_cnt_get)
    nrf_log_module_name_get                  0x00029511   Thumb Code    24  nrf_log_frontend.o(i.nrf_log_module_name_get)
    nrf_log_panic                            0x0002952d   Thumb Code    38  nrf_log_frontend.o(i.nrf_log_panic)
    nrf_log_std_entry_process                0x00029559   Thumb Code   182  nrf_log_str_formatter.o(i.nrf_log_std_entry_process)
    nrf_memobj_alloc                         0x0002960f   Thumb Code    96  nrf_memobj.o(i.nrf_memobj_alloc)
    nrf_memobj_free                          0x0002966f   Thumb Code    50  nrf_memobj.o(i.nrf_memobj_free)
    nrf_memobj_get                           0x000296a1   Thumb Code     8  nrf_memobj.o(i.nrf_memobj_get)
    nrf_memobj_pool_init                     0x000296a9   Thumb Code     4  nrf_memobj.o(i.nrf_memobj_pool_init)
    nrf_memobj_put                           0x000296ad   Thumb Code    30  nrf_memobj.o(i.nrf_memobj_put)
    nrf_memobj_read                          0x000296cb   Thumb Code    16  nrf_memobj.o(i.nrf_memobj_read)
    nrf_memobj_write                         0x000296db   Thumb Code    16  nrf_memobj.o(i.nrf_memobj_write)
    nrf_pwr_mgmt_init                        0x000296ed   Thumb Code    28  nrf_pwr_mgmt.o(i.nrf_pwr_mgmt_init)
    nrf_pwr_mgmt_run                         0x00029715   Thumb Code    64  nrf_pwr_mgmt.o(i.nrf_pwr_mgmt_run)
    nrf_ringbuf_init                         0x00029775   Thumb Code    28  nrf_ringbuf.o(i.nrf_ringbuf_init)
    nrf_sdh_ble_app_ram_start_get            0x000297d9   Thumb Code    16  nrf_sdh_ble.o(i.nrf_sdh_ble_app_ram_start_get)
    nrf_sdh_ble_default_cfg_set              0x000297ed   Thumb Code   274  nrf_sdh_ble.o(i.nrf_sdh_ble_default_cfg_set)
    nrf_sdh_ble_enable                       0x00029921   Thumb Code   116  nrf_sdh_ble.o(i.nrf_sdh_ble_enable)
    nrf_sdh_enable_request                   0x00029af9   Thumb Code   102  nrf_sdh.o(i.nrf_sdh_enable_request)
    nrf_sdh_evts_poll                        0x00029b6d   Thumb Code    32  nrf_sdh.o(i.nrf_sdh_evts_poll)
    nrf_sdh_is_enabled                       0x00029b91   Thumb Code     6  nrf_sdh.o(i.nrf_sdh_is_enabled)
    nrf_section_iter_init                    0x00029c1d   Thumb Code    10  nrf_section_iter.o(i.nrf_section_iter_init)
    nrf_section_iter_next                    0x00029c4b   Thumb Code    32  nrf_section_iter.o(i.nrf_section_iter_next)
    nrf_strerror_find                        0x00029c75   Thumb Code    52  nrf_strerror.o(i.nrf_strerror_find)
    nrf_strerror_get                         0x00029cad   Thumb Code    14  nrf_strerror.o(i.nrf_strerror_get)
    nrfx_clock_enable                        0x00029ccd   Thumb Code    38  nrfx_clock.o(i.nrfx_clock_enable)
    nrfx_clock_init                          0x00029cfd   Thumb Code    26  nrfx_clock.o(i.nrfx_clock_init)
    nrfx_clock_lfclk_stop                    0x00029d1d   Thumb Code    20  nrfx_clock.o(i.nrfx_clock_lfclk_stop)
    nrfx_gpiote_in_event_disable             0x00029d59   Thumb Code    66  nrfx_gpiote.o(i.nrfx_gpiote_in_event_disable)
    nrfx_gpiote_in_event_enable              0x00029da1   Thumb Code   156  nrfx_gpiote.o(i.nrfx_gpiote_in_event_enable)
    nrfx_gpiote_in_init                      0x00029e45   Thumb Code   194  nrfx_gpiote.o(i.nrfx_gpiote_in_init)
    nrfx_gpiote_in_is_set                    0x00029f15   Thumb Code    20  nrfx_gpiote.o(i.nrfx_gpiote_in_is_set)
    nrfx_gpiote_init                         0x00029f29   Thumb Code    98  nrfx_gpiote.o(i.nrfx_gpiote_init)
    nrfx_gpiote_is_init                      0x00029f99   Thumb Code    14  nrfx_gpiote.o(i.nrfx_gpiote_is_init)
    nrfx_saadc_channel_init                  0x00029fad   Thumb Code   160  nrfx_saadc.o(i.nrfx_saadc_channel_init)
    nrfx_saadc_init                          0x0002a059   Thumb Code   126  nrfx_saadc.o(i.nrfx_saadc_init)
    nrfx_saadc_sample_convert                0x0002a0e9   Thumb Code   182  nrfx_saadc.o(i.nrfx_saadc_sample_convert)
    nrfx_timer_compare                       0x0002a1a9   Thumb Code    58  nrfx_timer.o(i.nrfx_timer_compare)
    nrfx_timer_enable                        0x0002a1e5   Thumb Code    24  nrfx_timer.o(i.nrfx_timer_enable)
    nrfx_timer_extended_compare              0x0002a201   Thumb Code    42  nrfx_timer.o(i.nrfx_timer_extended_compare)
    nrfx_timer_init                          0x0002a22d   Thumb Code   188  nrfx_timer.o(i.nrfx_timer_init)
    saadc_callback                           0x0002a5b5   Thumb Code     2  main.o(i.saadc_callback)
    saadc_init                               0x0002a5b9   Thumb Code    56  main.o(i.saadc_init)
    select_loc                               0x0002a6b5   Thumb Code    56  main.o(i.select_loc)
    nrf_log_backend_rtt_api                  0x0002afe8   Data          12  nrf_log_backend_rtt.o(.constdata)
    m_ram_start                              0x0002b08c   Data           4  nrf_sdh_ble.o(.constdata)
    __ctype_table                            0x0002b0b8   Data         129  ctype_o.o(.constdata)
    Region$$Table$$Base                      0x0002b89c   Number         0  anon$$obj.o(Region$$Table)
    Region$$Table$$Limit                     0x0002b8bc   Number         0  anon$$obj.o(Region$$Table)
    log_const_data$$Base                     0x0002b8cc   Number         0  nrf_ble_gatt.o(log_const_data)
    m_nrf_log_nrf_ble_gatt_logs_data_const   0x0002b8cc   Data           8  nrf_ble_gatt.o(log_const_data)
    m_nrf_log_clock_logs_data_const          0x0002b8d4   Data           8  nrf_drv_clock.o(log_const_data)
    m_nrf_log_CLOCK_logs_data_const          0x0002b8dc   Data           8  nrfx_clock.o(log_const_data)
    m_nrf_log_GPIOTE_logs_data_const         0x0002b8e4   Data           8  nrfx_gpiote.o(log_const_data)
    m_nrf_log_PRS_logs_data_const            0x0002b8ec   Data           8  nrfx_prs.o(log_const_data)
    m_nrf_log_UART_logs_data_const           0x0002b8f4   Data           8  nrfx_uart.o(log_const_data)
    m_nrf_log_UARTE_logs_data_const          0x0002b8fc   Data           8  nrfx_uarte.o(log_const_data)
    m_nrf_log_TIMER_logs_data_const          0x0002b904   Data           8  nrfx_timer.o(log_const_data)
    m_nrf_log_SAADC_logs_data_const          0x0002b90c   Data           8  nrfx_saadc.o(log_const_data)
    m_nrf_log_SPIM_logs_data_const           0x0002b914   Data           8  nrfx_spim.o(log_const_data)
    m_nrf_log_pwr_mgmt_logs_data_const       0x0002b91c   Data           8  nrf_pwr_mgmt.o(log_const_data)
    m_nrf_log_app_logs_data_const            0x0002b924   Data           8  nrf_log_frontend.o(log_const_data)
    m_nrf_log_nrf_sdh_logs_data_const        0x0002b92c   Data           8  nrf_sdh.o(log_const_data)
    m_nrf_log_nrf_sdh_ble_logs_data_const    0x0002b934   Data           8  nrf_sdh_ble.o(log_const_data)
    m_nrf_log_nrf_sdh_soc_logs_data_const    0x0002b93c   Data           8  nrf_sdh_soc.o(log_const_data)
    log_const_data$$Limit                    0x0002b944   Number         0  nrf_sdh_soc.o(log_const_data)
    log_mempool                              0x0002b944   Data          20  nrf_log_frontend.o(nrf_balloc)
    sdh_ble_observers0$$Base                 0x0002b958   Number         0  ble_conn_state.o(sdh_ble_observers0)
    sdh_ble_observers0$$Limit                0x0002b960   Number         0  ble_conn_state.o(sdh_ble_observers0)
    sdh_ble_observers1$$Base                 0x0002b960   Number         0  main.o(sdh_ble_observers1)
    sdh_ble_observers1$$Limit                0x0002b970   Number         0  ble_conn_params.o(sdh_ble_observers1)
    sdh_ble_observers2$$Base                 0x0002b970   Number         0  main.o(sdh_ble_observers2)
    sdh_ble_observers2$$Limit                0x0002b980   Number         0  main.o(sdh_ble_observers2)
    sdh_ble_observers3$$Base                 0x0002b980   Number         0  main.o(sdh_ble_observers3)
    sdh_ble_observers3$$Limit                0x0002b988   Number         0  main.o(sdh_ble_observers3)
    sdh_soc_observers0$$Base                 0x0002b988   Number         0  nrf_drv_clock.o(sdh_soc_observers0)
    sdh_soc_observers0$$Limit                0x0002b990   Number         0  nrf_drv_clock.o(sdh_soc_observers0)
    sdh_stack_observers0$$Base               0x0002b990   Number         0  nrf_sdh_ble.o(sdh_stack_observers0)
    sdh_stack_observers0$$Limit              0x0002b9a0   Number         0  nrf_sdh_soc.o(sdh_stack_observers0)
    sdh_state_observers0$$Base               0x0002b9a0   Number         0  nrf_drv_clock.o(sdh_state_observers0)
    sdh_state_observers0$$Limit              0x0002b9a8   Number         0  nrf_drv_clock.o(sdh_state_observers0)
    Image$$RW_IRAM1$$Base                    0x20002b28   Number         0  anon$$obj.o ABSOLUTE
    count                                    0x20002b2c   Data           4  main.o(.data)
    switch_pos                               0x20002b30   Data           4  main.o(.data)
    switch_times                             0x20002b34   Data           4  main.o(.data)
    switch_control                           0x20002b38   Data           4  main.o(.data)
    SystemCoreClock                          0x20002c0c   Data           4  system_nrf52.o(.data)
    DataRead                                 0x20002c48   Data          32  main.o(.bss)
    nrf_nvic_state                           0x20002f8c   Data          12  app_util_platform.o(.bss)
    _SEGGER_RTT                              0x20003560   Data         120  segger_rtt.o(.bss)
    __initial_sp                             0x200057e8   Data           0  arm_startup_nrf52.o(STACK)



==============================================================================

Memory Map of the image

  Image Entry point : 0x00026201

  Load Region LR_IROM1 (Base: 0x00026000, Size: 0x00005a90, Max: 0x0005a000, ABSOLUTE)

    Execution Region ER_IROM1 (Exec base: 0x00026000, Load base: 0x00026000, Size: 0x000059a8, Max: 0x0005a000, ABSOLUTE)

    Exec Addr    Load Addr    Size         Type   Attr      Idx    E Section Name        Object

    0x00026000   0x00026000   0x00000200   Data   RO         5081    RESET               arm_startup_nrf52.o
    0x00026200   0x00026200   0x00000000   Code   RO         5126  * .ARM.Collect$$$$00000000  mc_w.l(entry.o)
    0x00026200   0x00026200   0x00000004   Code   RO         5178    .ARM.Collect$$$$00000001  mc_w.l(entry2.o)
    0x00026204   0x00026204   0x00000004   Code   RO         5181    .ARM.Collect$$$$00000004  mc_w.l(entry5.o)
    0x00026208   0x00026208   0x00000000   Code   RO         5183    .ARM.Collect$$$$00000008  mc_w.l(entry7b.o)
    0x00026208   0x00026208   0x00000000   Code   RO         5185    .ARM.Collect$$$$0000000A  mc_w.l(entry8b.o)
    0x00026208   0x00026208   0x00000008   Code   RO         5186    .ARM.Collect$$$$0000000B  mc_w.l(entry9a.o)
    0x00026210   0x00026210   0x00000000   Code   RO         5188    .ARM.Collect$$$$0000000D  mc_w.l(entry10a.o)
    0x00026210   0x00026210   0x00000000   Code   RO         5190    .ARM.Collect$$$$0000000F  mc_w.l(entry11a.o)
    0x00026210   0x00026210   0x00000004   Code   RO         5179    .ARM.Collect$$$$00002712  mc_w.l(entry2.o)
    0x00026214   0x00026214   0x0000001a   Code   RO         3036    .emb_text           app_error_handler_keil.o
    0x0002622e   0x0002622e   0x00000002   PAD
    0x00026230   0x00026230   0x000000e2   Code   RO         3588    .emb_text           nrf_atomic.o
    0x00026312   0x00026312   0x00000002   PAD
    0x00026314   0x00026314   0x00000024   Code   RO         5082    .text               arm_startup_nrf52.o
    0x00026338   0x00026338   0x0000001e   Code   RO         5134    .text               mc_w.l(llshl.o)
    0x00026356   0x00026356   0x00000002   PAD
    0x00026358   0x00026358   0x00000008   Code   RO         5136    .text               mc_w.l(ctype_o.o)
    0x00026360   0x00026360   0x00000024   Code   RO         5164    .text               mc_w.l(memcpya.o)
    0x00026384   0x00026384   0x00000024   Code   RO         5166    .text               mc_w.l(memseta.o)
    0x000263a8   0x000263a8   0x0000000e   Code   RO         5168    .text               mc_w.l(strlen.o)
    0x000263b6   0x000263b6   0x00000012   Code   RO         5174    .text               mc_w.l(strcpy.o)
    0x000263c8   0x000263c8   0x00000024   Code   RO         5194    .text               mc_w.l(init.o)
    0x000263ec   0x000263ec   0x00000164   Code   RO         1668    i.GPIOTE_IRQHandler  nrfx_gpiote.o
    0x00026550   0x00026550   0x00000016   Code   RO         3148    i.NVIC_ClearPendingIRQ  app_timer.o
    0x00026566   0x00026566   0x00000016   Code   RO         3149    i.NVIC_EnableIRQ    app_timer.o
    0x0002657c   0x0002657c   0x00000016   Code   RO         3150    i.NVIC_SetPendingIRQ  app_timer.o
    0x00026592   0x00026592   0x00000020   Code   RO         3151    i.NVIC_SetPriority  app_timer.o
    0x000265b2   0x000265b2   0x00000002   PAD
    0x000265b4   0x000265b4   0x00000058   Code   RO         1533    i.POWER_CLOCK_IRQHandler  nrfx_clock.o
    0x0002660c   0x0002660c   0x00000024   Code   RO         3152    i.RTC1_IRQHandler   app_timer.o
    0x00026630   0x00026630   0x00000148   Code   RO         2499    i.SAADC_IRQHandler  nrfx_saadc.o
    0x00026778   0x00026778   0x00000004   Code   RO         4524    i.SEGGER_RTT_Init   segger_rtt.o
    0x0002677c   0x0002677c   0x0000005c   Code   RO         4538    i.SEGGER_RTT_WriteNoLock  segger_rtt.o
    0x000267d8   0x000267d8   0x00000054   Code   RO         2772    i.SPIM0_SPIS0_TWIM0_TWIS0_SPI0_TWI0_IRQHandler  nrfx_spim.o
    0x0002682c   0x0002682c   0x00000004   Code   RO         3153    i.SWI0_EGU0_IRQHandler  app_timer.o
    0x00026830   0x00026830   0x00000004   Code   RO         4872    i.SWI2_EGU2_IRQHandler  nrf_sdh.o
    0x00026834   0x00026834   0x0000031c   Code   RO         5090    i.SystemInit        system_nrf52.o
    0x00026b50   0x00026b50   0x00000050   Code   RO         2370    i.TIMER2_IRQHandler  nrfx_timer.o
    0x00026ba0   0x00026ba0   0x0000000c   Code   RO         1970    i.UARTE0_UART0_IRQHandler  nrfx_prs.o
    0x00026bac   0x00026bac   0x00000068   Code   RO         4542    i._DoInit           segger_rtt.o
    0x00026c14   0x00026c14   0x00000016   Code   RO         4543    i._GetAvailWriteSpace  segger_rtt.o
    0x00026c2a   0x00026c2a   0x0000005a   Code   RO         4545    i._WriteBlocking    segger_rtt.o
    0x00026c84   0x00026c84   0x00000042   Code   RO         4546    i._WriteNoCheck     segger_rtt.o
    0x00026cc6   0x00026cc6   0x0000000e   Code   RO         5198    i.__scatterload_copy  mc_w.l(handlers.o)
    0x00026cd4   0x00026cd4   0x00000002   Code   RO         5199    i.__scatterload_null  mc_w.l(handlers.o)
    0x00026cd6   0x00026cd6   0x0000000e   Code   RO         5200    i.__scatterload_zeroinit  mc_w.l(handlers.o)
    0x00026ce4   0x00026ce4   0x00000024   Code   RO         4873    i.__sd_nvic_app_accessible_irq  nrf_sdh.o
    0x00026d08   0x00026d08   0x000000c0   Code   RO            4    i.advertising_init  main.o
    0x00026dc8   0x00026dc8   0x00000028   Code   RO            5    i.advertising_start  main.o
    0x00026df0   0x00026df0   0x00000030   Code   RO         2889    i.app_button_disable  app_button.o
    0x00026e20   0x00026e20   0x00000024   Code   RO         2890    i.app_button_enable  app_button.o
    0x00026e44   0x00026e44   0x00000078   Code   RO         2891    i.app_button_init   app_button.o
    0x00026ebc   0x00026ebc   0x00000164   Code   RO         3058    i.app_error_fault_handler  app_error_weak.o
    0x00027020   0x00027020   0x00000064   Code   RO         2961    i.app_error_save_and_stop  app_error.o
    0x00027084   0x00027084   0x00000028   Code   RO         3156    i.app_timer_create  app_timer.o
    0x000270ac   0x000270ac   0x00000054   Code   RO         3157    i.app_timer_init    app_timer.o
    0x00027100   0x00027100   0x00000088   Code   RO         3160    i.app_timer_start   app_timer.o
    0x00027188   0x00027188   0x00000020   Code   RO         3161    i.app_timer_stop    app_timer.o
    0x000271a8   0x000271a8   0x00000048   Code   RO         3315    i.app_util_critical_region_enter  app_util_platform.o
    0x000271f0   0x000271f0   0x00000034   Code   RO         3316    i.app_util_critical_region_exit  app_util_platform.o
    0x00027224   0x00027224   0x00000182   Code   RO          610    i.ble_advdata_encode  ble_advdata.o
    0x000273a6   0x000273a6   0x00000002   PAD
    0x000273a8   0x000273a8   0x00000068   Code   RO          738    i.ble_conn_params_init  ble_conn_params.o
    0x00027410   0x00027410   0x00000060   Code   RO          616    i.ble_device_addr_encode  ble_advdata.o
    0x00027470   0x00027470   0x0000014c   Code   RO            7    i.ble_evt_handler   main.o
    0x000275bc   0x000275bc   0x000000fc   Code   RO          740    i.ble_evt_handler   ble_conn_params.o
    0x000276b8   0x000276b8   0x00000144   Code   RO          842    i.ble_evt_handler   ble_conn_state.o
    0x000277fc   0x000277fc   0x000000c8   Code   RO         1274    i.ble_lbs_init      ble_lbs.o
    0x000278c4   0x000278c4   0x0000002e   Code   RO         1276    i.ble_lbs_on_ble_evt  ble_lbs.o
    0x000278f2   0x000278f2   0x00000038   Code   RO         1278    i.ble_lbs_on_button_change1  ble_lbs.o
    0x0002792a   0x0002792a   0x00000008   Code   RO          987    i.ble_srv_is_notification_enabled  ble_srv_common.o
    0x00027932   0x00027932   0x00000002   PAD
    0x00027934   0x00027934   0x00000044   Code   RO            8    i.ble_stack_init    main.o
    0x00027978   0x00027978   0x00000054   Code   RO          421    i.bsp_board_init    boards.o
    0x000279cc   0x000279cc   0x00000010   Code   RO          424    i.bsp_board_led_off  boards.o
    0x000279dc   0x000279dc   0x00000010   Code   RO          425    i.bsp_board_led_on  boards.o
    0x000279ec   0x000279ec   0x00000012   Code   RO          427    i.bsp_board_leds_off  boards.o
    0x000279fe   0x000279fe   0x00000002   PAD
    0x00027a00   0x00027a00   0x00000090   Code   RO         4279    i.buf_prealloc      nrf_log_frontend.o
    0x00027a90   0x00027a90   0x0000001e   Code   RO         3800    i.buffer_add        nrf_fprintf_format.o
    0x00027aae   0x00027aae   0x00000002   PAD
    0x00027ab0   0x00027ab0   0x00000014   Code   RO         4280    i.buffer_is_empty   nrf_log_frontend.o
    0x00027ac4   0x00027ac4   0x00000080   Code   RO            9    i.button_event_handler  main.o
    0x00027b44   0x00027b44   0x0000001c   Code   RO         1669    i.channel_free      nrfx_gpiote.o
    0x00027b60   0x00027b60   0x00000048   Code   RO         1670    i.channel_port_alloc  nrfx_gpiote.o
    0x00027ba8   0x00027ba8   0x00000010   Code   RO         1671    i.channel_port_get  nrfx_gpiote.o
    0x00027bb8   0x00027bb8   0x00000190   Code   RO          989    i.characteristic_add  ble_srv_common.o
    0x00027d48   0x00027d48   0x00000028   Code   RO         1326    i.clock_clk_started_notify  nrf_drv_clock.o
    0x00027d70   0x00027d70   0x0000001c   Code   RO         1327    i.clock_irq_handler  nrf_drv_clock.o
    0x00027d8c   0x00027d8c   0x000000ac   Code   RO         3163    i.compare_reg_update  app_timer.o
    0x00027e38   0x00027e38   0x0000003e   Code   RO          843    i.conn_handle_list_get  ble_conn_state.o
    0x00027e76   0x00027e76   0x00000088   Code   RO          617    i.conn_int_encode   ble_advdata.o
    0x00027efe   0x00027efe   0x00000002   PAD
    0x00027f00   0x00027f00   0x0000001c   Code   RO           10    i.conn_params_error_handler  main.o
    0x00027f1c   0x00027f1c   0x00000048   Code   RO          741    i.conn_params_negotiation  ble_conn_params.o
    0x00027f64   0x00027f64   0x000000c0   Code   RO         1128    i.data_length_update  nrf_ble_gatt.o
    0x00028024   0x00028024   0x00000098   Code   RO         2893    i.detection_delay_timeout_handler  app_button.o
    0x000280bc   0x000280bc   0x00000014   Code   RO         4281    i.dropped_sat16_get  nrf_log_frontend.o
    0x000280d0   0x000280d0   0x00000040   Code   RO         3164    i.elapsed_ticks_acquire  app_timer.o
    0x00028110   0x00028110   0x00000068   Code   RO           11    i.gap_params_init   main.o
    0x00028178   0x00028178   0x00000084   Code   RO         2894    i.gpiote_event_handler  app_button.o
    0x000281fc   0x000281fc   0x00000014   Code   RO          742    i.instance_get      ble_conn_params.o
    0x00028210   0x00028210   0x000000a6   Code   RO         3801    i.int_print         nrf_fprintf_format.o
    0x000282b6   0x000282b6   0x00000034   Code   RO         4282    i.invalid_packets_omit  nrf_log_frontend.o
    0x000282ea   0x000282ea   0x00000044   Code   RO          743    i.is_conn_params_ok  ble_conn_params.o
    0x0002832e   0x0002832e   0x00000002   PAD
    0x00028330   0x00028330   0x00000060   Code   RO           12    i.led_write_handler  main.o
    0x00028390   0x00028390   0x00000016   Code   RO         1129    i.link_init         nrf_ble_gatt.o
    0x000283a6   0x000283a6   0x00000002   PAD
    0x000283a8   0x000283a8   0x000000f8   Code   RO         3165    i.list_insertions_handler  app_timer.o
    0x000284a0   0x000284a0   0x0000009c   Code   RO         4283    i.log_skip          nrf_log_frontend.o
    0x0002853c   0x0002853c   0x000001c0   Code   RO           13    i.main              main.o
    0x000286fc   0x000286fc   0x00000064   Code   RO          618    i.manuf_specific_data_encode  ble_advdata.o
    0x00028760   0x00028760   0x0000007e   Code   RO         3840    i.memobj_op         nrf_memobj.o
    0x000287de   0x000287de   0x00000002   PAD
    0x000287e0   0x000287e0   0x00000030   Code   RO         4284    i.module_idx_get    nrf_log_frontend.o
    0x00028810   0x00028810   0x000000a6   Code   RO          619    i.name_encode       ble_advdata.o
    0x000288b6   0x000288b6   0x00000016   Code   RO         3522    i.nrf_atflags_clear  nrf_atflags.o
    0x000288cc   0x000288cc   0x00000016   Code   RO         3527    i.nrf_atflags_get   nrf_atflags.o
    0x000288e2   0x000288e2   0x00000014   Code   RO         3529    i.nrf_atflags_set   nrf_atflags.o
    0x000288f6   0x000288f6   0x00000006   Code   RO         3590    i.nrf_atomic_flag_clear_fetch  nrf_atomic.o
    0x000288fc   0x000288fc   0x00000006   Code   RO         3591    i.nrf_atomic_flag_set  nrf_atomic.o
    0x00028902   0x00028902   0x0000000c   Code   RO         3593    i.nrf_atomic_u32_add  nrf_atomic.o
    0x0002890e   0x0002890e   0x0000000c   Code   RO         3594    i.nrf_atomic_u32_and  nrf_atomic.o
    0x0002891a   0x0002891a   0x0000000a   Code   RO         3597    i.nrf_atomic_u32_fetch_and  nrf_atomic.o
    0x00028924   0x00028924   0x0000000a   Code   RO         3599    i.nrf_atomic_u32_fetch_store  nrf_atomic.o
    0x0002892e   0x0002892e   0x0000000c   Code   RO         3603    i.nrf_atomic_u32_or  nrf_atomic.o
    0x0002893a   0x0002893a   0x0000000c   Code   RO         3605    i.nrf_atomic_u32_sub  nrf_atomic.o
    0x00028946   0x00028946   0x00000044   Code   RO         3724    i.nrf_balloc_alloc  nrf_balloc.o
    0x0002898a   0x0002898a   0x00000030   Code   RO         3725    i.nrf_balloc_free   nrf_balloc.o
    0x000289ba   0x000289ba   0x00000030   Code   RO         3726    i.nrf_balloc_init   nrf_balloc.o
    0x000289ea   0x000289ea   0x00000010   Code   RO         1672    i.nrf_bitmask_bit_is_set  nrfx_gpiote.o
    0x000289fa   0x000289fa   0x00000014   Code   RO         1673    i.nrf_bitmask_bit_set  nrfx_gpiote.o
    0x00028a0e   0x00028a0e   0x00000022   Code   RO         1135    i.nrf_ble_gatt_init  nrf_ble_gatt.o
    0x00028a30   0x00028a30   0x00000150   Code   RO         1136    i.nrf_ble_gatt_on_ble_evt  nrf_ble_gatt.o
    0x00028b80   0x00028b80   0x00000016   Code   RO         1230    i.nrf_ble_qwr_conn_handle_assign  nrf_ble_qwr.o
    0x00028b96   0x00028b96   0x00000024   Code   RO         1231    i.nrf_ble_qwr_init  nrf_ble_qwr.o
    0x00028bba   0x00028bba   0x000000b6   Code   RO         1232    i.nrf_ble_qwr_on_ble_evt  nrf_ble_qwr.o
    0x00028c70   0x00028c70   0x0000000e   Code   RO         1534    i.nrf_clock_event_check  nrfx_clock.o
    0x00028c7e   0x00028c7e   0x00000010   Code   RO         1535    i.nrf_clock_event_clear  nrfx_clock.o
    0x00028c8e   0x00028c8e   0x00000002   PAD
    0x00028c90   0x00028c90   0x00000038   Code   RO         1334    i.nrf_drv_clock_init  nrf_drv_clock.o
    0x00028cc8   0x00028cc8   0x00000030   Code   RO         1338    i.nrf_drv_clock_lfclk_release  nrf_drv_clock.o
    0x00028cf8   0x00028cf8   0x0000001a   Code   RO         3761    i.nrf_fprintf       nrf_fprintf.o
    0x00028d12   0x00028d12   0x00000018   Code   RO         3762    i.nrf_fprintf_buffer_flush  nrf_fprintf.o
    0x00028d2a   0x00028d2a   0x000001da   Code   RO         3802    i.nrf_fprintf_fmt   nrf_fprintf_format.o
    0x00028f04   0x00028f04   0x00000024   Code   RO          431    i.nrf_gpio_cfg      boards.o
    0x00028f28   0x00028f28   0x00000024   Code   RO         1674    i.nrf_gpio_cfg      nrfx_gpiote.o
    0x00028f4c   0x00028f4c   0x00000010   Code   RO           14    i.nrf_gpio_cfg_output  main.o
    0x00028f5c   0x00028f5c   0x00000022   Code   RO         1676    i.nrf_gpio_cfg_sense_set  nrfx_gpiote.o
    0x00028f7e   0x00028f7e   0x0000000e   Code   RO           15    i.nrf_gpio_pin_clear  main.o
    0x00028f8c   0x00028f8c   0x0000000e   Code   RO         2775    i.nrf_gpio_pin_clear  nrfx_spim.o
    0x00028f9a   0x00028f9a   0x0000000e   Code   RO         2776    i.nrf_gpio_pin_set  nrfx_spim.o
    0x00028fa8   0x00028fa8   0x00000016   Code   RO          432    i.nrf_gpio_pin_write  boards.o
    0x00028fbe   0x00028fbe   0x00000002   PAD
    0x00028fc0   0x00028fc0   0x00000028   Code   RO         1677    i.nrf_gpio_ports_read  nrfx_gpiote.o
    0x00028fe8   0x00028fe8   0x00000014   Code   RO         1678    i.nrf_gpiote_event_clear  nrfx_gpiote.o
    0x00028ffc   0x00028ffc   0x00000010   Code   RO         1679    i.nrf_gpiote_event_is_set  nrfx_gpiote.o
    0x0002900c   0x0002900c   0x0000005c   Code   RO         4285    i.nrf_log_backend_add  nrf_log_frontend.o
    0x00029068   0x00029068   0x00000002   Code   RO         4122    i.nrf_log_backend_rtt_flush  nrf_log_backend_rtt.o
    0x0002906a   0x0002906a   0x00000004   Code   RO         4123    i.nrf_log_backend_rtt_init  nrf_log_backend_rtt.o
    0x0002906e   0x0002906e   0x00000002   Code   RO         4124    i.nrf_log_backend_rtt_panic_set  nrf_log_backend_rtt.o
    0x00029070   0x00029070   0x00000018   Code   RO         4125    i.nrf_log_backend_rtt_put  nrf_log_backend_rtt.o
    0x00029088   0x00029088   0x000000c8   Code   RO         4191    i.nrf_log_backend_serial_put  nrf_log_backend_serial.o
    0x00029150   0x00029150   0x00000030   Code   RO         4287    i.nrf_log_color_id_get  nrf_log_frontend.o
    0x00029180   0x00029180   0x0000001c   Code   RO         4243    i.nrf_log_default_backends_init  nrf_log_default_backends.o
    0x0002919c   0x0002919c   0x00000234   Code   RO         4288    i.nrf_log_frontend_dequeue  nrf_log_frontend.o
    0x000293d0   0x000293d0   0x00000008   Code   RO         4290    i.nrf_log_frontend_std_0  nrf_log_frontend.o
    0x000293d8   0x000293d8   0x0000000e   Code   RO         4291    i.nrf_log_frontend_std_1  nrf_log_frontend.o
    0x000293e6   0x000293e6   0x00000010   Code   RO         4292    i.nrf_log_frontend_std_2  nrf_log_frontend.o
    0x000293f6   0x000293f6   0x0000001c   Code   RO         4295    i.nrf_log_frontend_std_5  nrf_log_frontend.o
    0x00029412   0x00029412   0x00000002   PAD
    0x00029414   0x00029414   0x000000ac   Code   RO         4465    i.nrf_log_hexdump_entry_process  nrf_log_str_formatter.o
    0x000294c0   0x000294c0   0x0000003c   Code   RO         4297    i.nrf_log_init      nrf_log_frontend.o
    0x000294fc   0x000294fc   0x00000014   Code   RO         4298    i.nrf_log_module_cnt_get  nrf_log_frontend.o
    0x00029510   0x00029510   0x0000001c   Code   RO         4301    i.nrf_log_module_name_get  nrf_log_frontend.o
    0x0002952c   0x0002952c   0x0000002c   Code   RO         4302    i.nrf_log_panic     nrf_log_frontend.o
    0x00029558   0x00029558   0x000000b6   Code   RO         4466    i.nrf_log_std_entry_process  nrf_log_str_formatter.o
    0x0002960e   0x0002960e   0x00000060   Code   RO         3841    i.nrf_memobj_alloc  nrf_memobj.o
    0x0002966e   0x0002966e   0x00000032   Code   RO         3842    i.nrf_memobj_free   nrf_memobj.o
    0x000296a0   0x000296a0   0x00000008   Code   RO         3843    i.nrf_memobj_get    nrf_memobj.o
    0x000296a8   0x000296a8   0x00000004   Code   RO         3844    i.nrf_memobj_pool_init  nrf_memobj.o
    0x000296ac   0x000296ac   0x0000001e   Code   RO         3845    i.nrf_memobj_put    nrf_memobj.o
    0x000296ca   0x000296ca   0x00000010   Code   RO         3846    i.nrf_memobj_read   nrf_memobj.o
    0x000296da   0x000296da   0x00000010   Code   RO         3847    i.nrf_memobj_write  nrf_memobj.o
    0x000296ea   0x000296ea   0x00000002   PAD
    0x000296ec   0x000296ec   0x00000028   Code   RO         3919    i.nrf_pwr_mgmt_init  nrf_pwr_mgmt.o
    0x00029714   0x00029714   0x00000044   Code   RO         3920    i.nrf_pwr_mgmt_run  nrf_pwr_mgmt.o
    0x00029758   0x00029758   0x0000001c   Code   RO           16    i.nrf_qwr_error_handler  main.o
    0x00029774   0x00029774   0x0000001c   Code   RO         3996    i.nrf_ringbuf_init  nrf_ringbuf.o
    0x00029790   0x00029790   0x00000010   Code   RO         2500    i.nrf_saadc_buffer_init  nrfx_saadc.o
    0x000297a0   0x000297a0   0x00000014   Code   RO         2501    i.nrf_saadc_channel_input_set  nrfx_saadc.o
    0x000297b4   0x000297b4   0x00000010   Code   RO         2502    i.nrf_saadc_event_check  nrfx_saadc.o
    0x000297c4   0x000297c4   0x00000014   Code   RO         2503    i.nrf_saadc_event_clear  nrfx_saadc.o
    0x000297d8   0x000297d8   0x00000014   Code   RO         4993    i.nrf_sdh_ble_app_ram_start_get  nrf_sdh_ble.o
    0x000297ec   0x000297ec   0x00000134   Code   RO         4994    i.nrf_sdh_ble_default_cfg_set  nrf_sdh_ble.o
    0x00029920   0x00029920   0x00000130   Code   RO         4995    i.nrf_sdh_ble_enable  nrf_sdh_ble.o
    0x00029a50   0x00029a50   0x000000a8   Code   RO         4996    i.nrf_sdh_ble_evts_poll  nrf_sdh_ble.o
    0x00029af8   0x00029af8   0x00000074   Code   RO         4875    i.nrf_sdh_enable_request  nrf_sdh.o
    0x00029b6c   0x00029b6c   0x00000024   Code   RO         4876    i.nrf_sdh_evts_poll  nrf_sdh.o
    0x00029b90   0x00029b90   0x0000000c   Code   RO         4877    i.nrf_sdh_is_enabled  nrf_sdh.o
    0x00029b9c   0x00029b9c   0x00000080   Code   RO         5047    i.nrf_sdh_soc_evts_poll  nrf_sdh_soc.o
    0x00029c1c   0x00029c1c   0x0000000a   Code   RO         4054    i.nrf_section_iter_init  nrf_section_iter.o
    0x00029c26   0x00029c26   0x00000024   Code   RO         4055    i.nrf_section_iter_item_set  nrf_section_iter.o
    0x00029c4a   0x00029c4a   0x00000020   Code   RO         4056    i.nrf_section_iter_next  nrf_section_iter.o
    0x00029c6a   0x00029c6a   0x0000000a   Code   RO         2777    i.nrf_spim_event_check  nrfx_spim.o
    0x00029c74   0x00029c74   0x00000038   Code   RO         4089    i.nrf_strerror_find  nrf_strerror.o
    0x00029cac   0x00029cac   0x00000014   Code   RO         4090    i.nrf_strerror_get  nrf_strerror.o
    0x00029cc0   0x00029cc0   0x0000000c   Code   RO         2371    i.nrf_timer_event_clear  nrfx_timer.o
    0x00029ccc   0x00029ccc   0x00000030   Code   RO         1540    i.nrfx_clock_enable  nrfx_clock.o
    0x00029cfc   0x00029cfc   0x00000020   Code   RO         1543    i.nrfx_clock_init   nrfx_clock.o
    0x00029d1c   0x00029d1c   0x0000001c   Code   RO         1546    i.nrfx_clock_lfclk_stop  nrfx_clock.o
    0x00029d38   0x00029d38   0x00000010   Code   RO         2505    i.nrfx_coredep_delay_us  nrfx_saadc.o
    0x00029d48   0x00029d48   0x00000010   Code   RO         3166    i.nrfx_coredep_delay_us  app_timer.o
    0x00029d58   0x00029d58   0x00000048   Code   RO         1683    i.nrfx_gpiote_in_event_disable  nrfx_gpiote.o
    0x00029da0   0x00029da0   0x000000a4   Code   RO         1684    i.nrfx_gpiote_in_event_enable  nrfx_gpiote.o
    0x00029e44   0x00029e44   0x000000d0   Code   RO         1685    i.nrfx_gpiote_in_init  nrfx_gpiote.o
    0x00029f14   0x00029f14   0x00000014   Code   RO         1686    i.nrfx_gpiote_in_is_set  nrfx_gpiote.o
    0x00029f28   0x00029f28   0x00000070   Code   RO         1688    i.nrfx_gpiote_init  nrfx_gpiote.o
    0x00029f98   0x00029f98   0x00000014   Code   RO         1689    i.nrfx_gpiote_is_init  nrfx_gpiote.o
    0x00029fac   0x00029fac   0x000000ac   Code   RO         2509    i.nrfx_saadc_channel_init  nrfx_saadc.o
    0x0002a058   0x0002a058   0x00000090   Code   RO         2511    i.nrfx_saadc_init   nrfx_saadc.o
    0x0002a0e8   0x0002a0e8   0x000000c0   Code   RO         2515    i.nrfx_saadc_sample_convert  nrfx_saadc.o
    0x0002a1a8   0x0002a1a8   0x0000003a   Code   RO         2374    i.nrfx_timer_compare  nrfx_timer.o
    0x0002a1e2   0x0002a1e2   0x00000002   PAD
    0x0002a1e4   0x0002a1e4   0x0000001c   Code   RO         2378    i.nrfx_timer_enable  nrfx_timer.o
    0x0002a200   0x0002a200   0x0000002a   Code   RO         2379    i.nrfx_timer_extended_compare  nrfx_timer.o
    0x0002a22a   0x0002a22a   0x00000002   PAD
    0x0002a22c   0x0002a22c   0x000000c0   Code   RO         2381    i.nrfx_timer_init   nrfx_timer.o
    0x0002a2ec   0x0002a2ec   0x00000034   Code   RO           17    i.on_conn_params_evt  main.o
    0x0002a320   0x0002a320   0x000000a8   Code   RO         1137    i.on_connected_evt  nrf_ble_gatt.o
    0x0002a3c8   0x0002a3c8   0x000000ac   Code   RO         1138    i.on_exchange_mtu_request_evt  nrf_ble_gatt.o
    0x0002a474   0x0002a474   0x00000018   Code   RO         1705    i.pin_in_use_by_port  nrfx_gpiote.o
    0x0002a48c   0x0002a48c   0x00000018   Code   RO         1706    i.pin_in_use_by_te  nrfx_gpiote.o
    0x0002a4a4   0x0002a4a4   0x0000003c   Code   RO         4468    i.postfix_process   nrf_log_str_formatter.o
    0x0002a4e0   0x0002a4e0   0x00000098   Code   RO         4469    i.prefix_process    nrf_log_str_formatter.o
    0x0002a578   0x0002a578   0x0000003c   Code   RO         3167    i.rtc1_stop         app_timer.o
    0x0002a5b4   0x0002a5b4   0x00000002   Code   RO           18    i.saadc_callback    main.o
    0x0002a5b6   0x0002a5b6   0x00000002   PAD
    0x0002a5b8   0x0002a5b8   0x00000050   Code   RO           19    i.saadc_init        main.o
    0x0002a608   0x0002a608   0x00000050   Code   RO         1341    i.sd_state_evt_handler  nrf_drv_clock.o
    0x0002a658   0x0002a658   0x00000030   Code   RO         4882    i.sdh_request_observer_notify  nrf_sdh.o
    0x0002a688   0x0002a688   0x0000002c   Code   RO         4883    i.sdh_state_observer_notify  nrf_sdh.o
    0x0002a6b4   0x0002a6b4   0x00000038   Code   RO           20    i.select_loc        main.o
    0x0002a6ec   0x0002a6ec   0x00000010   Code   RO          744    i.send_error_evt    ble_conn_params.o
    0x0002a6fc   0x0002a6fc   0x00000050   Code   RO         4126    i.serial_tx         nrf_log_backend_rtt.o
    0x0002a74c   0x0002a74c   0x00000088   Code   RO          620    i.service_data_encode  ble_advdata.o
    0x0002a7d4   0x0002a7d4   0x00000030   Code   RO          991    i.set_security_req  ble_srv_common.o
    0x0002a804   0x0002a804   0x00000018   Code   RO         1342    i.soc_evt_handler   nrf_drv_clock.o
    0x0002a81c   0x0002a81c   0x00000098   Code   RO         4885    i.softdevices_evt_irq_enable  nrf_sdh.o
    0x0002a8b4   0x0002a8b4   0x0000008c   Code   RO         4304    i.std_n             nrf_log_frontend.o
    0x0002a940   0x0002a940   0x00000090   Code   RO           21    i.thi_monitor_handler  main.o
    0x0002a9d0   0x0002a9d0   0x0000000c   Code   RO           22    i.thi_monitor_timeout_handler  main.o
    0x0002a9dc   0x0002a9dc   0x00000080   Code   RO         3168    i.timer_list_handler  app_timer.o
    0x0002aa5c   0x0002aa5c   0x0000003c   Code   RO         3169    i.timer_list_insert  app_timer.o
    0x0002aa98   0x0002aa98   0x00000060   Code   RO         3170    i.timer_list_remove  app_timer.o
    0x0002aaf8   0x0002aaf8   0x00000048   Code   RO         3171    i.timer_stop_op_schedule  app_timer.o
    0x0002ab40   0x0002ab40   0x00000074   Code   RO         3172    i.timer_timeouts_check  app_timer.o
    0x0002abb4   0x0002abb4   0x0000000a   Code   RO          621    i.uint16_encode     ble_advdata.o
    0x0002abbe   0x0002abbe   0x00000002   PAD
    0x0002abc0   0x0002abc0   0x000000b4   Code   RO         3803    i.unsigned_print    nrf_fprintf_format.o
    0x0002ac74   0x0002ac74   0x00000068   Code   RO          745    i.update_timeout_handler  ble_conn_params.o
    0x0002acdc   0x0002acdc   0x00000024   Code   RO         1233    i.user_mem_reply    nrf_ble_qwr.o
    0x0002ad00   0x0002ad00   0x00000030   Code   RO         3173    i.user_op_alloc     app_timer.o
    0x0002ad30   0x0002ad30   0x00000030   Code   RO          622    i.uuid_list_encode  ble_advdata.o
    0x0002ad60   0x0002ad60   0x0000009e   Code   RO          623    i.uuid_list_sized_encode  ble_advdata.o
    0x0002adfe   0x0002adfe   0x00000002   PAD
    0x0002ae00   0x0002ae00   0x00000021   Data   RO           26    .constdata          main.o
    0x0002ae21   0x0002ae21   0x00000008   Data   RO          433    .constdata          boards.o
    0x0002ae29   0x0002ae29   0x00000003   PAD
    0x0002ae2c   0x0002ae2c   0x00000016   Data   RO         1139    .constdata          nrf_ble_gatt.o
    0x0002ae42   0x0002ae42   0x00000002   PAD
    0x0002ae44   0x0002ae44   0x00000010   Data   RO         1279    .constdata          ble_lbs.o
    0x0002ae54   0x0002ae54   0x00000004   Data   RO         1708    .constdata          nrfx_gpiote.o
    0x0002ae58   0x0002ae58   0x00000008   PAD
    0x0002ae60   0x0002ae60   0x00000006   Data   RO         2519    .constdata          nrfx_saadc.o
    0x0002ae66   0x0002ae66   0x00000002   PAD
    0x0002ae68   0x0002ae68   0x00000008   Data   RO         2896    .constdata          app_button.o
    0x0002ae70   0x0002ae70   0x00000006   Data   RO         3175    .constdata          app_timer.o
    0x0002ae76   0x0002ae76   0x00000010   Data   RO         3804    .constdata          nrf_fprintf_format.o
    0x0002ae86   0x0002ae86   0x00000002   PAD
    0x0002ae88   0x0002ae88   0x00000018   Data   RO         3924    .constdata          nrf_pwr_mgmt.o
    0x0002aea0   0x0002aea0   0x0000000c   Data   RO         3925    .constdata          nrf_pwr_mgmt.o
    0x0002aeac   0x0002aeac   0x0000013c   Data   RO         4091    .constdata          nrf_strerror.o
    0x0002afe8   0x0002afe8   0x0000000c   Data   RO         4128    .constdata          nrf_log_backend_rtt.o
    0x0002aff4   0x0002aff4   0x0000000c   PAD
    0x0002b000   0x0002b000   0x00000006   Data   RO         4129    .constdata          nrf_log_backend_rtt.o
    0x0002b006   0x0002b006   0x00000002   PAD
    0x0002b008   0x0002b008   0x0000000c   Data   RO         4309    .constdata          nrf_log_frontend.o
    0x0002b014   0x0002b014   0x00000010   Data   RO         4886    .constdata          nrf_sdh.o
    0x0002b024   0x0002b024   0x00000028   Data   RO         4887    .constdata          nrf_sdh.o
    0x0002b04c   0x0002b04c   0x00000010   Data   RO         4888    .constdata          nrf_sdh.o
    0x0002b05c   0x0002b05c   0x00000010   Data   RO         4889    .constdata          nrf_sdh.o
    0x0002b06c   0x0002b06c   0x00000020   Data   RO         4997    .constdata          nrf_sdh_ble.o
    0x0002b08c   0x0002b08c   0x00000010   Data   RO         4998    .constdata          nrf_sdh_ble.o
    0x0002b09c   0x0002b09c   0x00000010   Data   RO         5048    .constdata          nrf_sdh_soc.o
    0x0002b0ac   0x0002b0ac   0x0000000c   Data   RO         5049    .constdata          nrf_sdh_soc.o
    0x0002b0b8   0x0002b0b8   0x00000081   Data   RO         5137    .constdata          mc_w.l(ctype_o.o)
    0x0002b139   0x0002b139   0x00000003   PAD
    0x0002b13c   0x0002b13c   0x00000004   Data   RO         5138    .constdata          mc_w.l(ctype_o.o)
    0x0002b140   0x0002b140   0x000000a2   Data   RO         1140    .conststring        nrf_ble_gatt.o
    0x0002b1e2   0x0002b1e2   0x00000002   PAD
    0x0002b1e4   0x0002b1e4   0x000003eb   Data   RO         4092    .conststring        nrf_strerror.o
    0x0002b5cf   0x0002b5cf   0x00000001   PAD
    0x0002b5d0   0x0002b5d0   0x00000066   Data   RO         4470    .conststring        nrf_log_str_formatter.o
    0x0002b636   0x0002b636   0x00000002   PAD
    0x0002b638   0x0002b638   0x000001cf   Data   RO         4999    .conststring        nrf_sdh_ble.o
    0x0002b807   0x0002b807   0x00000001   PAD
    0x0002b808   0x0002b808   0x0000000d   Data   RO         1141    .conststrlit        nrf_ble_gatt.o
    0x0002b815   0x0002b815   0x00000003   PAD
    0x0002b818   0x0002b818   0x00000006   Data   RO         1348    .conststrlit        nrf_drv_clock.o
    0x0002b81e   0x0002b81e   0x00000002   PAD
    0x0002b820   0x0002b820   0x00000006   Data   RO         1550    .conststrlit        nrfx_clock.o
    0x0002b826   0x0002b826   0x00000002   PAD
    0x0002b828   0x0002b828   0x00000007   Data   RO         1712    .conststrlit        nrfx_gpiote.o
    0x0002b82f   0x0002b82f   0x00000001   PAD
    0x0002b830   0x0002b830   0x00000004   Data   RO         1975    .conststrlit        nrfx_prs.o
    0x0002b834   0x0002b834   0x00000005   Data   RO         2055    .conststrlit        nrfx_uart.o
    0x0002b839   0x0002b839   0x00000003   PAD
    0x0002b83c   0x0002b83c   0x00000006   Data   RO         2241    .conststrlit        nrfx_uarte.o
    0x0002b842   0x0002b842   0x00000002   PAD
    0x0002b844   0x0002b844   0x00000006   Data   RO         2388    .conststrlit        nrfx_timer.o
    0x0002b84a   0x0002b84a   0x00000002   PAD
    0x0002b84c   0x0002b84c   0x00000006   Data   RO         2527    .conststrlit        nrfx_saadc.o
    0x0002b852   0x0002b852   0x00000002   PAD
    0x0002b854   0x0002b854   0x00000005   Data   RO         2791    .conststrlit        nrfx_spim.o
    0x0002b859   0x0002b859   0x00000003   PAD
    0x0002b85c   0x0002b85c   0x00000009   Data   RO         3926    .conststrlit        nrf_pwr_mgmt.o
    0x0002b865   0x0002b865   0x00000003   PAD
    0x0002b868   0x0002b868   0x00000010   Data   RO         4244    .conststrlit        nrf_log_default_backends.o
    0x0002b878   0x0002b878   0x00000004   Data   RO         4310    .conststrlit        nrf_log_frontend.o
    0x0002b87c   0x0002b87c   0x00000008   Data   RO         4890    .conststrlit        nrf_sdh.o
    0x0002b884   0x0002b884   0x0000000c   Data   RO         5000    .conststrlit        nrf_sdh_ble.o
    0x0002b890   0x0002b890   0x0000000c   Data   RO         5050    .conststrlit        nrf_sdh_soc.o
    0x0002b89c   0x0002b89c   0x00000020   Data   RO         5196    Region$$Table       anon$$obj.o
    0x0002b8bc   0x0002b8bc   0x00000010   Data   RO         4246    log_backends        nrf_log_default_backends.o
    0x0002b8cc   0x0002b8cc   0x00000008   Data   RO         1142    log_const_data      nrf_ble_gatt.o
    0x0002b8d4   0x0002b8d4   0x00000008   Data   RO         1349    log_const_data      nrf_drv_clock.o
    0x0002b8dc   0x0002b8dc   0x00000008   Data   RO         1552    log_const_data      nrfx_clock.o
    0x0002b8e4   0x0002b8e4   0x00000008   Data   RO         1713    log_const_data      nrfx_gpiote.o
    0x0002b8ec   0x0002b8ec   0x00000008   Data   RO         1977    log_const_data      nrfx_prs.o
    0x0002b8f4   0x0002b8f4   0x00000008   Data   RO         2056    log_const_data      nrfx_uart.o
    0x0002b8fc   0x0002b8fc   0x00000008   Data   RO         2242    log_const_data      nrfx_uarte.o
    0x0002b904   0x0002b904   0x00000008   Data   RO         2389    log_const_data      nrfx_timer.o
    0x0002b90c   0x0002b90c   0x00000008   Data   RO         2528    log_const_data      nrfx_saadc.o
    0x0002b914   0x0002b914   0x00000008   Data   RO         2792    log_const_data      nrfx_spim.o
    0x0002b91c   0x0002b91c   0x00000008   Data   RO         3928    log_const_data      nrf_pwr_mgmt.o
    0x0002b924   0x0002b924   0x00000008   Data   RO         4313    log_const_data      nrf_log_frontend.o
    0x0002b92c   0x0002b92c   0x00000008   Data   RO         4892    log_const_data      nrf_sdh.o
    0x0002b934   0x0002b934   0x00000008   Data   RO         5002    log_const_data      nrf_sdh_ble.o
    0x0002b93c   0x0002b93c   0x00000008   Data   RO         5051    log_const_data      nrf_sdh_soc.o
    0x0002b944   0x0002b944   0x00000014   Data   RO         4314    nrf_balloc          nrf_log_frontend.o
    0x0002b958   0x0002b958   0x00000008   Data   RO          847    sdh_ble_observers0  ble_conn_state.o
    0x0002b960   0x0002b960   0x00000008   Data   RO           28    sdh_ble_observers1  main.o
    0x0002b968   0x0002b968   0x00000008   Data   RO          748    sdh_ble_observers1  ble_conn_params.o
    0x0002b970   0x0002b970   0x00000010   Data   RO           29    sdh_ble_observers2  main.o
    0x0002b980   0x0002b980   0x00000008   Data   RO           30    sdh_ble_observers3  main.o
    0x0002b988   0x0002b988   0x00000008   Data   RO         1350    sdh_soc_observers0  nrf_drv_clock.o
    0x0002b990   0x0002b990   0x00000008   Data   RO         5003    sdh_stack_observers0  nrf_sdh_ble.o
    0x0002b998   0x0002b998   0x00000008   Data   RO         5052    sdh_stack_observers0  nrf_sdh_soc.o
    0x0002b9a0   0x0002b9a0   0x00000008   Data   RO         1351    sdh_state_observers0  nrf_drv_clock.o


    Execution Region RW_IRAM1 (Exec base: 0x20002b28, Load base: 0x0002b9a8, Size: 0x00002cc0, Max: 0x0000dd48, ABSOLUTE)

    Exec Addr    Load Addr    Size         Type   Attr      Idx    E Section Name        Object

    0x20002b28   0x0002b9a8   0x0000002c   Data   RW           27    .data               main.o
    0x20002b54   0x0002b9d4   0x00000008   Data   RW          747    .data               ble_conn_params.o
    0x20002b5c   0x0002b9dc   0x00000008   Data   RW         1551    .data               nrfx_clock.o
    0x20002b64   0x0002b9e4   0x00000008   Data   RW         1976    .data               nrfx_prs.o
    0x20002b6c   0x0002b9ec   0x00000004   PAD
    0x20002b70   0x0002b9f0   0x00000020   Data   RW         2897    .data               app_button.o
    0x20002b90   0x0002ba10   0x00000014   Data   RW         3176    .data               app_timer.o
    0x20002ba4   0x0002ba24   0x00000008   Data   RW         3927    .data               nrf_pwr_mgmt.o
    0x20002bac   0x0002ba2c   0x00000001   Data   RW         4130    .data               nrf_log_backend_rtt.o
    0x20002bad   0x0002ba2d   0x00000003   PAD
    0x20002bb0   0x0002ba30   0x00000008   Data   RW         4245    .data               nrf_log_default_backends.o
    0x20002bb8   0x0002ba38   0x00000008   Data   RW         4311    .data               nrf_log_frontend.o
    0x20002bc0   0x0002ba40   0x00000008   Data   RW         4312    .data               nrf_log_frontend.o
    0x20002bc8   0x0002ba48   0x00000040   Data   RW         4471    .data               nrf_log_str_formatter.o
    0x20002c08   0x0002ba88   0x00000003   Data   RW         4891    .data               nrf_sdh.o
    0x20002c0b   0x0002ba8b   0x00000001   Data   RW         5001    .data               nrf_sdh_ble.o
    0x20002c0c   0x0002ba8c   0x00000004   Data   RW         5091    .data               system_nrf52.o
    0x20002c10        -       0x00000058   Zero   RW           23    .bss                main.o
    0x20002c68        -       0x0000001f   Zero   RW           24    .bss                main.o
    0x20002c87        -       0x0000001f   Zero   RW           25    .bss                main.o
    0x20002ca6   0x0002ba90   0x00000002   PAD
    0x20002ca8        -       0x00000050   Zero   RW          746    .bss                ble_conn_params.o
    0x20002cf8        -       0x00000078   Zero   RW          846    .bss                ble_conn_state.o
    0x20002d70        -       0x00000014   Zero   RW         1343    .bss                nrf_drv_clock.o
    0x20002d84        -       0x0000005c   Zero   RW         1707    .bss                nrfx_gpiote.o
    0x20002de0        -       0x0000000c   Zero   RW         2386    .bss                nrfx_timer.o
    0x20002dec        -       0x00000030   Zero   RW         2518    .bss                nrfx_saadc.o
    0x20002e1c        -       0x00000024   Zero   RW         2786    .bss                nrfx_spim.o
    0x20002e40        -       0x00000020   Zero   RW         2895    .bss                app_button.o
    0x20002e60        -       0x00000020   Zero   RW         2962    .bss                app_error.o
    0x20002e80        -       0x0000010c   Zero   RW         3174    .bss                app_timer.o
    0x20002f8c        -       0x0000000c   Zero   RW         3321    .bss                app_util_platform.o
    0x20002f98        -       0x0000000c   Zero   RW         3923    .bss                nrf_pwr_mgmt.o
    0x20002fa4        -       0x00000040   Zero   RW         4127    .bss                nrf_log_backend_rtt.o
    0x20002fe4        -       0x000000c0   Zero   RW         4305    .bss                nrf_log_frontend.o
    0x200030a4        -       0x00000080   Zero   RW         4306    .bss                nrf_log_frontend.o
    0x20003124        -       0x00000018   Zero   RW         4307    .bss                nrf_log_frontend.o
    0x2000313c        -       0x00000424   Zero   RW         4308    .bss                nrf_log_frontend.o
    0x20003560        -       0x00000288   Zero   RW         4547    .bss                segger_rtt.o
    0x200037e8        -       0x00002000   Zero   RW         5079    STACK               arm_startup_nrf52.o


==============================================================================

Image component sizes


      Code (inc. data)   RO Data    RW Data    ZI Data      Debug   Object Name

       488         46          8         32         32      18327   app_button.o
       100          4          0          0         32      34890   app_error.o
        26          0          0          0          0        592   app_error_handler_keil.o
       356        192          0          0          0       4958   app_error_weak.o
      1510        118          6         20        268      48383   app_timer.o
       124         14          0          0         12       9638   app_util_platform.o
        36          8        512          0       8192        936   arm_startup_nrf52.o
      1236          0          0          0          0      96927   ble_advdata.o
       636         44          8          8         80      14715   ble_conn_params.o
       386         66          8          0        120       5629   ble_conn_state.o
       302          4         16          0          0       5264   ble_lbs.o
       456          6          0          0          0      42975   ble_srv_common.o
       192         16          8          0          0      40529   boards.o
      1840        390         65         44        150     191485   main.o
        64          0          0          0          0       3052   nrf_atflags.o
       306          0          0          0          0       8239   nrf_atomic.o
       164          0          0          0          0       3720   nrf_balloc.o
       924        272        205          0          0      36699   nrf_ble_gatt.o
       276          0          0          0          0       6341   nrf_ble_qwr.o
       276         34         30          0         20      39568   nrf_drv_clock.o
        50          0          0          0          0       3621   nrf_fprintf.o
       850          4         16          0          0       5590   nrf_fprintf_format.o
       112         18         18          1         64       6333   nrf_log_backend_rtt.o
       200          0          0          0          0      10945   nrf_log_backend_serial.o
        28          4         32          8          0       3401   nrf_log_default_backends.o
      1502        114         44         16       1404      31027   nrf_log_frontend.o
       566        108        102         64          0       5756   nrf_log_str_formatter.o
       346          0          0          0          0       9767   nrf_memobj.o
       108         16         53          8         12      36466   nrf_pwr_mgmt.o
        28          0          0          0          0       2435   nrf_ringbuf.o
       448        106        104          3          0      39495   nrf_sdh.o
       800        298        539          1          0       6057   nrf_sdh_ble.o
       128         68         56          0          0       2540   nrf_sdh_soc.o
        78          0          0          0          0       2868   nrf_section_iter.o
        76         10       1319          0          0       2831   nrf_strerror.o
       226         30         14          8          0      41642   nrfx_clock.o
      1298         98         19          0         92      60110   nrfx_gpiote.o
        12          6         12          8          0       2202   nrfx_prs.o
       924         70         20          0         48      18922   nrfx_saadc.o
       122          8         13          0         36      14104   nrfx_spim.o
       412         18         14          0         12      14692   nrfx_timer.o
         0          0         13          0          0      12208   nrfx_uart.o
         0          0         14          0          0      10286   nrfx_uarte.o
       378         34          0          0        648       9197   segger_rtt.o
       796         70          0          4          0      29578   system_nrf52.o

    ----------------------------------------------------------------------
     19226       2294       3360        232      11224     994940   Object Totals
         0          0         32          0          0          0   (incl. Generated)
        40          0         60          7          2          0   (incl. Padding)

    ----------------------------------------------------------------------

      Code (inc. data)   RO Data    RW Data    ZI Data      Debug   Library Member Name

         8          4        133          0          0         68   ctype_o.o
         0          0          0          0          0          0   entry.o
         0          0          0          0          0          0   entry10a.o
         0          0          0          0          0          0   entry11a.o
         8          4          0          0          0          0   entry2.o
         4          0          0          0          0          0   entry5.o
         0          0          0          0          0          0   entry7b.o
         0          0          0          0          0          0   entry8b.o
         8          4          0          0          0          0   entry9a.o
        30          0          0          0          0          0   handlers.o
        36          8          0          0          0         68   init.o
        30          0          0          0          0         68   llshl.o
        36          0          0          0          0         68   memcpya.o
        36          0          0          0          0        108   memseta.o
        18          0          0          0          0         68   strcpy.o
        14          0          0          0          0         68   strlen.o

    ----------------------------------------------------------------------
       230         20        136          0          0        516   Library Totals
         2          0          3          0          0          0   (incl. Padding)

    ----------------------------------------------------------------------

      Code (inc. data)   RO Data    RW Data    ZI Data      Debug   Library Name

       228         20        133          0          0        516   mc_w.l

    ----------------------------------------------------------------------
       230         20        136          0          0        516   Library Totals

    ----------------------------------------------------------------------

==============================================================================


      Code (inc. data)   RO Data    RW Data    ZI Data      Debug   

     19456       2314       3496        232      11224     973504   Grand Totals
     19456       2314       3496        232      11224     973504   ELF Image Totals
     19456       2314       3496        232          0          0   ROM Totals

==============================================================================

    Total RO  Size (Code + RO Data)                22952 (  22.41kB)
    Total RW  Size (RW Data + ZI Data)             11456 (  11.19kB)
    Total ROM Size (Code + RO Data + RW Data)      23184 (  22.64kB)

==============================================================================

