Component: ARM Compiler 5.06 update 1 (build 61) Tool: armlink [4d35a8]

==============================================================================

Section Cross References

    main.o(i.advertising_init) refers to memseta.o(.text) for __aeabi_memclr4
    main.o(i.advertising_init) refers to ble_advdata.o(i.ble_advdata_encode) for ble_advdata_encode
    main.o(i.advertising_init) refers to app_error_handler_keil.o(.emb_text) for app_error_handler
    main.o(i.advertising_init) refers to main.o(.constdata) for .constdata
    main.o(i.advertising_init) refers to main.o(.bss) for .bss
    main.o(i.advertising_init) refers to main.o(.data) for .data
    main.o(i.advertising_start) refers to app_error_handler_keil.o(.emb_text) for app_error_handler
    main.o(i.advertising_start) refers to boards.o(i.bsp_board_led_on) for bsp_board_led_on
    main.o(i.advertising_start) refers to main.o(.data) for .data
    main.o(i.advertising_start) refers to main.o(i.main) for i.main
    main.o(i.assert_nrf_callback) refers to app_error_handler_keil.o(.emb_text) for app_error_handler
    main.o(i.ble_evt_handler) refers to app_error_handler_keil.o(.emb_text) for app_error_handler
    main.o(i.ble_evt_handler) refers to nrf_log_frontend.o(i.nrf_log_frontend_std_0) for nrf_log_frontend_std_0
    main.o(i.ble_evt_handler) refers to boards.o(i.bsp_board_led_on) for bsp_board_led_on
    main.o(i.ble_evt_handler) refers to boards.o(i.bsp_board_led_off) for bsp_board_led_off
    main.o(i.ble_evt_handler) refers to nrf_ble_qwr.o(i.nrf_ble_qwr_conn_handle_assign) for nrf_ble_qwr_conn_handle_assign
    main.o(i.ble_evt_handler) refers to app_button.o(i.app_button_enable) for app_button_enable
    main.o(i.ble_evt_handler) refers to app_button.o(i.app_button_disable) for app_button_disable
    main.o(i.ble_evt_handler) refers to main.o(i.advertising_start) for advertising_start
    main.o(i.ble_evt_handler) refers to main.o(.data) for .data
    main.o(i.ble_evt_handler) refers to nrf_log_frontend.o(log_const_data) for m_nrf_log_app_logs_data_const
    main.o(i.ble_evt_handler) refers to main.o(.bss) for .bss
    main.o(i.ble_stack_init) refers to nrf_sdh.o(i.nrf_sdh_enable_request) for nrf_sdh_enable_request
    main.o(i.ble_stack_init) refers to app_error_handler_keil.o(.emb_text) for app_error_handler
    main.o(i.ble_stack_init) refers to nrf_sdh_ble.o(i.nrf_sdh_ble_default_cfg_set) for nrf_sdh_ble_default_cfg_set
    main.o(i.ble_stack_init) refers to nrf_sdh_ble.o(i.nrf_sdh_ble_enable) for nrf_sdh_ble_enable
    main.o(i.ble_stack_init) refers to main.o(i.main) for i.main
    main.o(i.button_event_handler) refers to nrf_log_frontend.o(i.nrf_log_frontend_std_0) for nrf_log_frontend_std_0
    main.o(i.button_event_handler) refers to app_error_handler_keil.o(.emb_text) for app_error_handler
    main.o(i.button_event_handler) refers to nrf_log_frontend.o(log_const_data) for m_nrf_log_app_logs_data_const
    main.o(i.conn_params_error_handler) refers to app_error_handler_keil.o(.emb_text) for app_error_handler
    main.o(i.gap_params_init) refers to app_error_handler_keil.o(.emb_text) for app_error_handler
    main.o(i.gap_params_init) refers to main.o(i.main) for i.main
    main.o(i.led_write_handler) refers to boards.o(i.bsp_board_led_on) for bsp_board_led_on
    main.o(i.led_write_handler) refers to boards.o(i.bsp_board_led_off) for bsp_board_led_off
    main.o(i.led_write_handler) refers to nrf_log_frontend.o(i.nrf_log_frontend_std_0) for nrf_log_frontend_std_0
    main.o(i.led_write_handler) refers to nrf_log_frontend.o(log_const_data) for m_nrf_log_app_logs_data_const
    main.o(i.main) refers to nrf_log_frontend.o(i.nrf_log_init) for nrf_log_init
    main.o(i.main) refers to app_error_handler_keil.o(.emb_text) for app_error_handler
    main.o(i.main) refers to nrf_log_default_backends.o(i.nrf_log_default_backends_init) for nrf_log_default_backends_init
    main.o(i.main) refers to boards.o(i.bsp_board_init) for bsp_board_init
    main.o(i.main) refers to app_timer.o(i.app_timer_init) for app_timer_init
    main.o(i.main) refers to app_button.o(i.app_button_init) for app_button_init
    main.o(i.main) refers to nrf_pwr_mgmt.o(i.nrf_pwr_mgmt_init) for nrf_pwr_mgmt_init
    main.o(i.main) refers to main.o(i.ble_stack_init) for ble_stack_init
    main.o(i.main) refers to main.o(i.gap_params_init) for gap_params_init
    main.o(i.main) refers to nrf_ble_gatt.o(i.nrf_ble_gatt_init) for nrf_ble_gatt_init
    main.o(i.main) refers to adg725.o(i.ADG725_spi_init) for ADG725_spi_init
    main.o(i.main) refers to main.o(i.saadc_init) for saadc_init
    main.o(i.main) refers to nrfx_timer.o(i.nrfx_timer_init) for nrfx_timer_init
    main.o(i.main) refers to nrfx_timer.o(i.nrfx_timer_extended_compare) for nrfx_timer_extended_compare
    main.o(i.main) refers to nrfx_timer.o(i.nrfx_timer_enable) for nrfx_timer_enable
    main.o(i.main) refers to nrf_ble_qwr.o(i.nrf_ble_qwr_init) for nrf_ble_qwr_init
[...]
    nrf_strerror_array                       0x0002b3d0   Data         296  nrf_strerror.o(.constdata)
    .constdata                               0x0002b4f8   Section       12  nrf_log_backend_rtt.o(.constdata)
    .constdata                               0x0002b510   Section        6  nrf_log_backend_rtt.o(.constdata)
    delay_bytecode                           0x0002b510   Data           6  nrf_log_backend_rtt.o(.constdata)
    .constdata                               0x0002b518   Section       12  nrf_log_frontend.o(.constdata)
    m_log_push_ringbuf                       0x0002b518   Data          12  nrf_log_frontend.o(.constdata)
    .constdata                               0x0002b524   Section       16  nrf_sdh.o(.constdata)
    sdh_req_observers_array                  0x0002b524   Data          16  nrf_sdh.o(.constdata)
    .constdata                               0x0002b534   Section       40  nrf_sdh.o(.constdata)
    sdh_req_observers                        0x0002b538   Data          12  nrf_sdh.o(.constdata)
    sdh_state_observers                      0x0002b544   Data          12  nrf_sdh.o(.constdata)
    sdh_stack_observers                      0x0002b550   Data          12  nrf_sdh.o(.constdata)
    .constdata                               0x0002b55c   Section       16  nrf_sdh.o(.constdata)
    sdh_state_observers_array                0x0002b55c   Data          16  nrf_sdh.o(.constdata)
    .constdata                               0x0002b56c   Section       16  nrf_sdh.o(.constdata)
    sdh_stack_observers_array                0x0002b56c   Data          16  nrf_sdh.o(.constdata)
    .constdata                               0x0002b57c   Section       32  nrf_sdh_ble.o(.constdata)
    sdh_ble_observers_array                  0x0002b57c   Data          32  nrf_sdh_ble.o(.constdata)
    .constdata                               0x0002b59c   Section       16  nrf_sdh_ble.o(.constdata)
    sdh_ble_observers                        0x0002b5a0   Data          12  nrf_sdh_ble.o(.constdata)
    .constdata                               0x0002b5ac   Section       16  nrf_sdh_soc.o(.constdata)
    sdh_soc_observers_array                  0x0002b5ac   Data          16  nrf_sdh_soc.o(.constdata)
    .constdata                               0x0002b5bc   Section       12  nrf_sdh_soc.o(.constdata)
    sdh_soc_observers                        0x0002b5bc   Data          12  nrf_sdh_soc.o(.constdata)
    .constdata                               0x0002b5c8   Section      129  ctype_o.o(.constdata)
    .constdata                               0x0002b64c   Section        4  ctype_o.o(.constdata)
    table                                    0x0002b64c   Data           4  ctype_o.o(.constdata)
    .conststring                             0x0002b650   Section      162  nrf_ble_gatt.o(.conststring)
    .conststring                             0x0002b6f4   Section     1003  nrf_strerror.o(.conststring)
    .conststring                             0x0002bae0   Section      102  nrf_log_str_formatter.o(.conststring)
    .conststring                             0x0002bb48   Section      463  nrf_sdh_ble.o(.conststring)
    .conststrlit                             0x0002bd18   Section       13  nrf_ble_gatt.o(.conststrlit)
    .conststrlit                             0x0002bd28   Section        6  nrf_drv_clock.o(.conststrlit)
    .conststrlit                             0x0002bd30   Section        6  nrfx_clock.o(.conststrlit)
    .conststrlit                             0x0002bd38   Section        7  nrfx_gpiote.o(.conststrlit)
    .conststrlit                             0x0002bd40   Section        4  nrfx_prs.o(.conststrlit)
    .conststrlit                             0x0002bd44   Section        5  nrfx_uart.o(.conststrlit)
    .conststrlit                             0x0002bd4c   Section        6  nrfx_uarte.o(.conststrlit)
    .conststrlit                             0x0002bd54   Section        6  nrfx_timer.o(.conststrlit)
    .conststrlit                             0x0002bd5c   Section        6  nrfx_saadc.o(.conststrlit)
    .conststrlit                             0x0002bd64   Section        5  nrfx_spim.o(.conststrlit)
    .conststrlit                             0x0002bd6c   Section        9  nrf_pwr_mgmt.o(.conststrlit)
    .conststrlit                             0x0002bd78   Section       16  nrf_log_default_backends.o(.conststrlit)
    .conststrlit                             0x0002bd88   Section        4  nrf_log_frontend.o(.conststrlit)
    .conststrlit                             0x0002bd8c   Section        8  nrf_sdh.o(.conststrlit)
    .conststrlit                             0x0002bd94   Section       12  nrf_sdh_ble.o(.conststrlit)
    .conststrlit                             0x0002bda0   Section       12  nrf_sdh_soc.o(.conststrlit)
    log_backends                             0x0002bdcc   Section       16  nrf_log_default_backends.o(log_backends)
    __tagsym$$used                           0x0002bdcc   Number         0  nrf_log_default_backends.o(log_backends)
    rtt_log_backend                          0x0002bdcc   Data          16  nrf_log_default_backends.o(log_backends)
    log_const_data                           0x0002bddc   Section        8  nrf_ble_gatt.o(log_const_data)
    __tagsym$$used                           0x0002bddc   Number         0  nrf_ble_gatt.o(log_const_data)
    log_const_data                           0x0002bde4   Section        8  nrf_drv_clock.o(log_const_data)
    __tagsym$$used                           0x0002bde4   Number         0  nrf_drv_clock.o(log_const_data)
    log_const_data                           0x0002bdec   Section        8  nrfx_clock.o(log_const_data)
    __tagsym$$used                           0x0002bdec   Number         0  nrfx_clock.o(log_const_data)
    log_const_data                           0x0002bdf4   Section        8  nrfx_gpiote.o(log_const_data)
    __tagsym$$used                           0x0002bdf4   Number         0  nrfx_gpiote.o(log_const_data)
    log_const_data                           0x0002bdfc   Section        8  nrfx_prs.o(log_const_data)
    __tagsym$$used                           0x0002bdfc   Number         0  nrfx_prs.o(log_const_data)
    log_const_data                           0x0002be04   Section        8  nrfx_uart.o(log_const_data)
    __tagsym$$used                           0x0002be04   Number         0  nrfx_uart.o(log_const_data)
    log_const_data                           0x0002be0c   Section        8  nrfx_uarte.o(log_const_data)
    __tagsym$$used                           0x0002be0c   Number         0  nrfx_uarte.o(log_const_data)
    log_const_data                           0x0002be14   Section        8  nrfx_timer.o(log_const_data)
    __tagsym$$used                           0x0002be14   Number         0  nrfx_timer.o(log_const_data)
    log_const_data                           0x0002be1c   Section        8  nrfx_saadc.o(log_const_data)
    __tagsym$$used                           0x0002be1c   Number         0  nrfx_saadc.o(log_const_data)
    log_const_data                           0x0002be24   Section        8  nrfx_spim.o(log_const_data)
    __tagsym$$used                           0x0002be24   Number         0  nrfx_spim.o(log_const_data)
    log_const_data                           0x0002be2c   Section        8  nrf_pwr_mgmt.o(log_const_data)
    __tagsym$$used                           0x0002be2c   Number         0  nrf_pwr_mgmt.o(log_const_data)
    log_const_data                           0x0002be34   Section        8  nrf_log_frontend.o(log_const_data)
    __tagsym$$used                           0x0002be34   Number         0  nrf_log_frontend.o(log_const_data)
    log_const_data                           0x0002be3c   Section        8  nrf_sdh.o(log_const_data)
    __tagsym$$used                           0x0002be3c   Number         0  nrf_sdh.o(log_const_data)
    log_const_data                           0x0002be44   Section        8  nrf_sdh_ble.o(log_const_data)
    __tagsym$$used                           0x0002be44   Number         0  nrf_sdh_ble.o(log_const_data)
    log_const_data                           0x0002be4c   Section        8  nrf_sdh_soc.o(log_const_data)
    __tagsym$$used                           0x0002be4c   Number         0  nrf_sdh_soc.o(log_const_data)
    nrf_balloc                               0x0002be54   Section       20  nrf_log_frontend.o(nrf_balloc)
    __tagsym$$used                           0x0002be54   Number         0  nrf_log_frontend.o(nrf_balloc)
    sdh_ble_observers0                       0x0002be68   Section        8  ble_conn_state.o(sdh_ble_observers0)
    __tagsym$$used                           0x0002be68   Number         0  ble_conn_state.o(sdh_ble_observers0)
    m_ble_evt_observer                       0x0002be68   Data           8  ble_conn_state.o(sdh_ble_observers0)
    sdh_ble_observers1                       0x0002be70   Section        8  main.o(sdh_ble_observers1)
    __tagsym$$used                           0x0002be70   Number         0  main.o(sdh_ble_observers1)
    m_gatt_obs                               0x0002be70   Data           8  main.o(sdh_ble_observers1)
    sdh_ble_observers1                       0x0002be78   Section        8  ble_conn_params.o(sdh_ble_observers1)
    __tagsym$$used                           0x0002be78   Number         0  ble_conn_params.o(sdh_ble_observers1)
    m_ble_observer                           0x0002be78   Data           8  ble_conn_params.o(sdh_ble_observers1)
    sdh_ble_observers2                       0x0002be80   Section       16  main.o(sdh_ble_observers2)
    __tagsym$$used                           0x0002be80   Number         0  main.o(sdh_ble_observers2)
    m_lbs_obs                                0x0002be80   Data           8  main.o(sdh_ble_observers2)
    __tagsym$$used                           0x0002be88   Number         0  main.o(sdh_ble_observers2)
    m_qwr_obs                                0x0002be88   Data           8  main.o(sdh_ble_observers2)
    sdh_ble_observers3                       0x0002be90   Section        8  main.o(sdh_ble_observers3)
    __tagsym$$used                           0x0002be90   Number         0  main.o(sdh_ble_observers3)
    m_ble_observer                           0x0002be90   Data           8  main.o(sdh_ble_observers3)
    sdh_soc_observers0                       0x0002be98   Section        8  nrf_drv_clock.o(sdh_soc_observers0)
    __tagsym$$used                           0x0002be98   Number         0  nrf_drv_clock.o(sdh_soc_observers0)
    m_soc_evt_observer                       0x0002be98   Data           8  nrf_drv_clock.o(sdh_soc_observers0)
    sdh_stack_observers0                     0x0002bea0   Section        8  nrf_sdh_ble.o(sdh_stack_observers0)
    __tagsym$$used                           0x0002bea0   Number         0  nrf_sdh_ble.o(sdh_stack_observers0)
    m_nrf_sdh_ble_evts_poll                  0x0002bea0   Data           8  nrf_sdh_ble.o(sdh_stack_observers0)
    sdh_stack_observers0                     0x0002bea8   Section        8  nrf_sdh_soc.o(sdh_stack_observers0)
    __tagsym$$used                           0x0002bea8   Number         0  nrf_sdh_soc.o(sdh_stack_observers0)
    m_nrf_sdh_soc_evts_poll                  0x0002bea8   Data           8  nrf_sdh_soc.o(sdh_stack_observers0)
    sdh_state_observers0                     0x0002beb0   Section        8  nrf_drv_clock.o(sdh_state_observers0)
    __tagsym$$used                           0x0002beb0   Number         0  nrf_drv_clock.o(sdh_state_observers0)
    m_sd_state_observer                      0x0002beb0   Data           8  nrf_drv_clock.o(sdh_state_observers0)
    .data                                    0x20002b28   Section       28  main.o(.data)
    m_adv_handle                             0x20002b28   Data           1  main.o(.data)
    m_conn_handle                            0x20002b2a   Data           2  main.o(.data)
    buttons                                  0x20002b2c   Data           8  main.o(.data)
    m_adv_data                               0x20002b34   Data          16  main.o(.data)
    .data                                    0x20002b44   Section        8  ble_conn_params.o(.data)
    m_preferred_conn_params                  0x20002b44   Data           8  ble_conn_params.o(.data)
    .data                                    0x20002b4c   Section        8  nrfx_clock.o(.data)
    m_clock_cb                               0x20002b4c   Data           8  nrfx_clock.o(.data)
    .data                                    0x20002b54   Section        8  nrfx_prs.o(.data)
    m_prs_box_4                              0x20002b54   Data           8  nrfx_prs.o(.data)
    .data                                    0x20002b60   Section       32  app_button.o(.data)
    m_button_count                           0x20002b60   Data           1  app_button.o(.data)
    mp_buttons                               0x20002b64   Data           4  app_button.o(.data)
    m_detection_delay                        0x20002b68   Data           4  app_button.o(.data)
    m_pin_state                              0x20002b70   Data           8  app_button.o(.data)
    m_pin_transition                         0x20002b78   Data           8  app_button.o(.data)
    .data                                    0x20002b80   Section       20  app_timer.o(.data)
    m_ticks_elapsed_q_read_ind               0x20002b80   Data           1  app_timer.o(.data)
    m_ticks_elapsed_q_write_ind              0x20002b81   Data           1  app_timer.o(.data)
    m_rtc1_running                           0x20002b82   Data           1  app_timer.o(.data)
    m_rtc1_reset                             0x20002b83   Data           1  app_timer.o(.data)
    mp_timer_id_head                         0x20002b84   Data           4  app_timer.o(.data)
    m_ticks_latest                           0x20002b88   Data           4  app_timer.o(.data)
    m_ticks_elapsed                          0x20002b8c   Data           8  app_timer.o(.data)
    .data                                    0x20002b94   Section        8  nrf_pwr_mgmt.o(.data)
    m_pwr_mgmt_evt                           0x20002b94   Data           1  nrf_pwr_mgmt.o(.data)
    m_shutdown_started                       0x20002b95   Data           1  nrf_pwr_mgmt.o(.data)
    m_sysoff_mtx                             0x20002b98   Data           4  nrf_pwr_mgmt.o(.data)
    .data                                    0x20002b9c   Section        1  nrf_log_backend_rtt.o(.data)
    m_host_present                           0x20002b9c   Data           1  nrf_log_backend_rtt.o(.data)
    .data                                    0x20002ba0   Section        8  nrf_log_default_backends.o(.data)
    log_backend_cb_rtt_log_backend           0x20002ba0   Data           8  nrf_log_default_backends.o(.data)
    .data                                    0x20002ba8   Section        8  nrf_log_frontend.o(.data)
    log_mempool_nrf_balloc_pool_stack        0x20002ba8   Data           8  nrf_log_frontend.o(.data)
    .data                                    0x20002bb0   Section        8  nrf_log_frontend.o(.data)
    log_mempool_nrf_balloc_cb                0x20002bb0   Data           8  nrf_log_frontend.o(.data)
    .data                                    0x20002bb8   Section       64  nrf_log_str_formatter.o(.data)
    m_freq                                   0x20002bb8   Data           4  nrf_log_str_formatter.o(.data)
    m_timestamp_div                          0x20002bbc   Data           4  nrf_log_str_formatter.o(.data)
    severity_names                           0x20002bc0   Data          20  nrf_log_str_formatter.o(.data)
    m_colors                                 0x20002bd4   Data          36  nrf_log_str_formatter.o(.data)
    .data                                    0x20002bf8   Section        3  nrf_sdh.o(.data)
    m_nrf_sdh_enabled                        0x20002bf8   Data           1  nrf_sdh.o(.data)
    m_nrf_sdh_suspended                      0x20002bf9   Data           1  nrf_sdh.o(.data)
    m_nrf_sdh_continue                       0x20002bfa   Data           1  nrf_sdh.o(.data)
    .data                                    0x20002bfb   Section        1  nrf_sdh_ble.o(.data)
    m_stack_is_enabled                       0x20002bfb   Data           1  nrf_sdh_ble.o(.data)
    .data                                    0x20002bfc   Section        4  system_nrf52.o(.data)
    __tagsym$$used                           0x20002bfc   Number         0  system_nrf52.o(.data)
    .bss                                     0x20002c00   Section      536  main.o(.bss)
    m_lbs                                    0x20002c00   Data          24  main.o(.bss)
    m_gatt                                   0x20002c18   Data          20  main.o(.bss)
    m_qwr                                    0x20002c2c   Data          12  main.o(.bss)
    .bss                                     0x20002e18   Section       31  main.o(.bss)
    m_enc_advdata                            0x20002e18   Data          31  main.o(.bss)
    .bss                                     0x20002e37   Section       31  main.o(.bss)
    m_enc_scan_response_data                 0x20002e37   Data          31  main.o(.bss)
    .bss                                     0x20002e58   Section       80  ble_conn_params.o(.bss)
    m_timer_data                             0x20002e58   Data          32  ble_conn_params.o(.bss)
    m_conn_params_instances                  0x20002e78   Data          20  ble_conn_params.o(.bss)
    m_conn_params_config                     0x20002e8c   Data          28  ble_conn_params.o(.bss)
    .bss                                     0x20002ea8   Section      120  ble_conn_state.o(.bss)
    m_bcs                                    0x20002ea8   Data         120  ble_conn_state.o(.bss)
    .bss                                     0x20002f20   Section       20  nrf_drv_clock.o(.bss)
    m_clock_cb                               0x20002f20   Data          20  nrf_drv_clock.o(.bss)
    .bss                                     0x20002f34   Section       92  nrfx_gpiote.o(.bss)
    m_cb                                     0x20002f34   Data          92  nrfx_gpiote.o(.bss)
    .bss                                     0x20002f90   Section       12  nrfx_timer.o(.bss)
    m_cb                                     0x20002f90   Data          12  nrfx_timer.o(.bss)
    .bss                                     0x20002f9c   Section       48  nrfx_saadc.o(.bss)
    m_cb                                     0x20002f9c   Data          48  nrfx_saadc.o(.bss)
    .bss                                     0x20002fcc   Section      512  adg725.o(.bss)
    spi_tx_buf                               0x20002fcc   Data         256  adg725.o(.bss)
    spi_rx_buf                               0x200030cc   Data         256  adg725.o(.bss)
    .bss                                     0x200031cc   Section       24  nrf_drv_spi.o(.bss)
    m_handlers                               0x200031cc   Data          12  nrf_drv_spi.o(.bss)
    m_contexts                               0x200031d8   Data          12  nrf_drv_spi.o(.bss)
    .bss                                     0x200031e4   Section       36  nrfx_spim.o(.bss)
    m_cb                                     0x200031e4   Data          36  nrfx_spim.o(.bss)
    .bss                                     0x20003208   Section       32  app_button.o(.bss)
    m_detection_delay_timer_id_data          0x20003208   Data          32  app_button.o(.bss)
    .bss                                     0x20003228   Section       32  app_error.o(.bss)
    m_error_data                             0x20003228   Data          32  app_error.o(.bss)
    .bss                                     0x20003248   Section      268  app_timer.o(.bss)
    m_op_queue                               0x20003248   Data         268  app_timer.o(.bss)
    .bss                                     0x20003354   Section       12  app_util_platform.o(.bss)
    .bss                                     0x20003360   Section       12  nrf_pwr_mgmt.o(.bss)
    m_handlers_iter                          0x20003360   Data          12  nrf_pwr_mgmt.o(.bss)
    .bss                                     0x2000336c   Section       64  nrf_log_backend_rtt.o(.bss)
    m_string_buff                            0x2000336c   Data          64  nrf_log_backend_rtt.o(.bss)
    .bss                                     0x200033ac   Section      192  nrf_log_frontend.o(.bss)
    log_mempool_nrf_balloc_pool_mem          0x200033ac   Data         192  nrf_log_frontend.o(.bss)
    .bss                                     0x2000346c   Section      128  nrf_log_frontend.o(.bss)
    m_log_push_ringbuf_buf                   0x2000346c   Data         128  nrf_log_frontend.o(.bss)
    .bss                                     0x200034ec   Section       24  nrf_log_frontend.o(.bss)
    m_log_push_ringbuf_cb                    0x200034ec   Data          24  nrf_log_frontend.o(.bss)
    .bss                                     0x20003504   Section     1060  nrf_log_frontend.o(.bss)
    m_log_data                               0x20003504   Data        1060  nrf_log_frontend.o(.bss)
    .bss                                     0x20003928   Section      648  segger_rtt.o(.bss)
    _acUpBuffer                              0x200039a0   Data         512  segger_rtt.o(.bss)
    _acDownBuffer                            0x20003ba0   Data          16  segger_rtt.o(.bss)
    STACK                                    0x20003bb0   Section     8192  arm_startup_nrf52.o(STACK)

    Global Symbols

    Symbol Name                              Value     Ov Type        Size  Object(Section)

    BuildAttributes$$THM_ISAv4$E$P$D$K$B$S$7EM$VFPi3$EXTD16$VFPS$VFMA$PE$A:L22UL41UL21$X:L11$S22US41US21$IEEE1$IW$USESV6$~STKCKD$USESV7$~SHL$OSPACE$EBA8$MICROLIB$REQ8$EABIv2 0x00000000   Number         0  anon$$obj.o ABSOLUTE
    __ARM_use_no_argv                        0x00000000   Number         0  main.o ABSOLUTE
    __use_no_errno                           0x00000000   Number         0  useno.o ABSOLUTE
    __use_no_exception_handling              0x00000000   Number         0  useno.o ABSOLUTE
    __use_no_fp                              0x00000000   Number         0  useno.o ABSOLUTE
    __use_no_heap                            0x00000000   Number         0  useno.o ABSOLUTE
    __use_no_heap_region                     0x00000000   Number         0  useno.o ABSOLUTE
    __use_no_semihosting                     0x00000000   Number         0  useno.o ABSOLUTE
    __use_no_semihosting_swi                 0x00000000   Number         0  useno.o ABSOLUTE
    __use_no_signal_handling                 0x00000000   Number         0  useno.o ABSOLUTE
    __cpp_initialize__aeabi_                  - Undefined Weak Reference
    __cxa_finalize                            - Undefined Weak Reference
    __decompress                              - Undefined Weak Reference
    _clock_init                               - Undefined Weak Reference
    _microlib_exit                            - Undefined Weak Reference
    log_dynamic_data$$Base                    - Undefined Reference
    pwr_mgmt_data0$$Base                      - Undefined Reference
    pwr_mgmt_data0$$Limit                     - Undefined Reference
    pwr_mgmt_data1$$Base                      - Undefined Reference
    pwr_mgmt_data1$$Limit                     - Undefined Reference
    pwr_mgmt_data2$$Base                      - Undefined Reference
    pwr_mgmt_data2$$Limit                     - Undefined Reference
    sdh_req_observers0$$Base                  - Undefined Reference
    sdh_req_observers0$$Limit                 - Undefined Reference
    sdh_req_observers1$$Base                  - Undefined Reference
    sdh_req_observers1$$Limit                 - Undefined Reference
    sdh_soc_observers1$$Base                  - Undefined Reference
    sdh_soc_observers1$$Limit                 - Undefined Reference
    sdh_stack_observers1$$Base                - Undefined Reference
    sdh_stack_observers1$$Limit               - Undefined Reference
    sdh_state_observers1$$Base                - Undefined Reference
    sdh_state_observers1$$Limit               - Undefined Reference
    __Vectors_Size                           0x00000200   Number         0  arm_startup_nrf52.o ABSOLUTE
    __Vectors                                0x00026000   Data           4  arm_startup_nrf52.o(RESET)
    __Vectors_End                            0x00026200   Data           0  arm_startup_nrf52.o(RESET)
    __main                                   0x00026201   Thumb Code     0  entry.o(.ARM.Collect$$$$00000000)
    _main_stk                                0x00026201   Thumb Code     0  entry2.o(.ARM.Collect$$$$00000001)
    _main_scatterload                        0x00026205   Thumb Code     0  entry5.o(.ARM.Collect$$$$00000004)
    __main_after_scatterload                 0x00026209   Thumb Code     0  entry5.o(.ARM.Collect$$$$00000004)
    _main_clock                              0x00026209   Thumb Code     0  entry7b.o(.ARM.Collect$$$$00000008)
    _main_cpp_init                           0x00026209   Thumb Code     0  entry8b.o(.ARM.Collect$$$$0000000A)
    _main_init                               0x00026209   Thumb Code     0  entry9a.o(.ARM.Collect$$$$0000000B)
    __rt_final_cpp                           0x00026211   Thumb Code     0  entry10a.o(.ARM.Collect$$$$0000000D)
    __rt_final_exit                          0x00026211   Thumb Code     0  entry11a.o(.ARM.Collect$$$$0000000F)
    app_error_handler                        0x00026215   Thumb Code    26  app_error_handler_keil.o(.emb_text)
    __asm___12_nrf_atomic_c_85ca2469__nrf_atomic_internal_mov 0x00026231   Thumb Code    24  nrf_atomic.o(.emb_text)
    __asm___12_nrf_atomic_c_85ca2469__nrf_atomic_internal_orr 0x00026249   Thumb Code    26  nrf_atomic.o(.emb_text)
    __asm___12_nrf_atomic_c_85ca2469__nrf_atomic_internal_and 0x00026263   Thumb Code    26  nrf_atomic.o(.emb_text)
    __asm___12_nrf_atomic_c_85ca2469__nrf_atomic_internal_eor 0x0002627d   Thumb Code    26  nrf_atomic.o(.emb_text)
    __asm___12_nrf_atomic_c_85ca2469__nrf_atomic_internal_add 0x00026297   Thumb Code    26  nrf_atomic.o(.emb_text)
    __asm___12_nrf_atomic_c_85ca2469__nrf_atomic_internal_sub 0x000262b1   Thumb Code    26  nrf_atomic.o(.emb_text)
    __asm___12_nrf_atomic_c_85ca2469__nrf_atomic_internal_cmp_exch 0x000262cb   Thumb Code    42  nrf_atomic.o(.emb_text)
    __asm___12_nrf_atomic_c_85ca2469__nrf_atomic_internal_sub_hs 0x000262f5   Thumb Code    30  nrf_atomic.o(.emb_text)
    Reset_Handler                            0x00026315   Thumb Code     8  arm_startup_nrf52.o(.text)
    NMI_Handler                              0x0002631d   Thumb Code     2  arm_startup_nrf52.o(.text)
    HardFault_Handler                        0x0002631f   Thumb Code     2  arm_startup_nrf52.o(.text)
    MemoryManagement_Handler                 0x00026321   Thumb Code     2  arm_startup_nrf52.o(.text)
    BusFault_Handler                         0x00026323   Thumb Code     2  arm_startup_nrf52.o(.text)
    UsageFault_Handler                       0x00026325   Thumb Code     2  arm_startup_nrf52.o(.text)
    SVC_Handler                              0x00026327   Thumb Code     2  arm_startup_nrf52.o(.text)
    DebugMon_Handler                         0x00026329   Thumb Code     2  arm_startup_nrf52.o(.text)
    PendSV_Handler                           0x0002632b   Thumb Code     2  arm_startup_nrf52.o(.text)
    SysTick_Handler                          0x0002632d   Thumb Code     2  arm_startup_nrf52.o(.text)
    CCM_AAR_IRQHandler                       0x0002632f   Thumb Code     0  arm_startup_nrf52.o(.text)
    COMP_LPCOMP_IRQHandler                   0x0002632f   Thumb Code     0  arm_startup_nrf52.o(.text)
    ECB_IRQHandler                           0x0002632f   Thumb Code     0  arm_startup_nrf52.o(.text)
    FPU_IRQHandler                           0x0002632f   Thumb Code     0  arm_startup_nrf52.o(.text)
    I2S_IRQHandler                           0x0002632f   Thumb Code     0  arm_startup_nrf52.o(.text)
    MWU_IRQHandler                           0x0002632f   Thumb Code     0  arm_startup_nrf52.o(.text)
    NFCT_IRQHandler                          0x0002632f   Thumb Code     0  arm_startup_nrf52.o(.text)
    PDM_IRQHandler                           0x0002632f   Thumb Code     0  arm_startup_nrf52.o(.text)
    PWM0_IRQHandler                          0x0002632f   Thumb Code     0  arm_startup_nrf52.o(.text)
    PWM1_IRQHandler                          0x0002632f   Thumb Code     0  arm_startup_nrf52.o(.text)
    PWM2_IRQHandler                          0x0002632f   Thumb Code     0  arm_startup_nrf52.o(.text)
    QDEC_IRQHandler                          0x0002632f   Thumb Code     0  arm_startup_nrf52.o(.text)
    RADIO_IRQHandler                         0x0002632f   Thumb Code     0  arm_startup_nrf52.o(.text)
    RNG_IRQHandler                           0x0002632f   Thumb Code     0  arm_startup_nrf52.o(.text)
    RTC0_IRQHandler                          0x0002632f   Thumb Code     0  arm_startup_nrf52.o(.text)
    RTC2_IRQHandler                          0x0002632f   Thumb Code     0  arm_startup_nrf52.o(.text)
    SPIM1_SPIS1_TWIM1_TWIS1_SPI1_TWI1_IRQHandler 0x0002632f   Thumb Code     0  arm_startup_nrf52.o(.text)
    SPIM2_SPIS2_SPI2_IRQHandler              0x0002632f   Thumb Code     0  arm_startup_nrf52.o(.text)
    SWI1_EGU1_IRQHandler                     0x0002632f   Thumb Code     0  arm_startup_nrf52.o(.text)
    SWI3_EGU3_IRQHandler                     0x0002632f   Thumb Code     0  arm_startup_nrf52.o(.text)
    SWI4_EGU4_IRQHandler                     0x0002632f   Thumb Code     0  arm_startup_nrf52.o(.text)
    SWI5_EGU5_IRQHandler                     0x0002632f   Thumb Code     0  arm_startup_nrf52.o(.text)
    TEMP_IRQHandler                          0x0002632f   Thumb Code     0  arm_startup_nrf52.o(.text)
    TIMER0_IRQHandler                        0x0002632f   Thumb Code     0  arm_startup_nrf52.o(.text)
    TIMER1_IRQHandler                        0x0002632f   Thumb Code     0  arm_startup_nrf52.o(.text)
    TIMER3_IRQHandler                        0x0002632f   Thumb Code     0  arm_startup_nrf52.o(.text)
    TIMER4_IRQHandler                        0x0002632f   Thumb Code     0  arm_startup_nrf52.o(.text)
    WDT_IRQHandler                           0x0002632f   Thumb Code     0  arm_startup_nrf52.o(.text)
    __aeabi_llsl                             0x00026339   Thumb Code    30  llshl.o(.text)
    _ll_shift_l                              0x00026339   Thumb Code     0  llshl.o(.text)
    __rt_ctype_table                         0x00026359   Thumb Code     4  ctype_o.o(.text)
    __aeabi_memcpy                           0x00026361   Thumb Code    36  memcpya.o(.text)
    __aeabi_memcpy4                          0x00026361   Thumb Code     0  memcpya.o(.text)
    __aeabi_memcpy8                          0x00026361   Thumb Code     0  memcpya.o(.text)
    __aeabi_memset                           0x00026385   Thumb Code    14  memseta.o(.text)
    __aeabi_memset4                          0x00026385   Thumb Code     0  memseta.o(.text)
    __aeabi_memset8                          0x00026385   Thumb Code     0  memseta.o(.text)
    __aeabi_memclr                           0x00026393   Thumb Code     4  memseta.o(.text)
    __aeabi_memclr4                          0x00026393   Thumb Code     0  memseta.o(.text)
    __aeabi_memclr8                          0x00026393   Thumb Code     0  memseta.o(.text)
    _memset$wrapper                          0x00026397   Thumb Code    18  memseta.o(.text)
    strlen                                   0x000263a9   Thumb Code    14  strlen.o(.text)
    strcpy                                   0x000263b7   Thumb Code    18  strcpy.o(.text)
    __scatterload                            0x000263c9   Thumb Code    28  init.o(.text)
    __scatterload_rt2                        0x000263c9   Thumb Code     0  init.o(.text)
    ADG725_spi_init                          0x000263ed   Thumb Code    86  adg725.o(i.ADG725_spi_init)
    GPIOTE_IRQHandler                        0x00026485   Thumb Code   346  nrfx_gpiote.o(i.GPIOTE_IRQHandler)
    POWER_CLOCK_IRQHandler                   0x0002664d   Thumb Code    82  nrfx_clock.o(i.POWER_CLOCK_IRQHandler)
    RTC1_IRQHandler                          0x000266a5   Thumb Code    32  app_timer.o(i.RTC1_IRQHandler)
    SAADC_IRQHandler                         0x000266c9   Thumb Code   320  nrfx_saadc.o(i.SAADC_IRQHandler)
    SEGGER_RTT_Init                          0x00026811   Thumb Code     4  segger_rtt.o(i.SEGGER_RTT_Init)
    SEGGER_RTT_WriteNoLock                   0x00026815   Thumb Code    86  segger_rtt.o(i.SEGGER_RTT_WriteNoLock)
    SPIM0_SPIS0_TWIM0_TWIS0_SPI0_TWI0_IRQHandler 0x00026871   Thumb Code    76  nrfx_spim.o(i.SPIM0_SPIS0_TWIM0_TWIS0_SPI0_TWI0_IRQHandler)
    SWI0_EGU0_IRQHandler                     0x000268c5   Thumb Code     4  app_timer.o(i.SWI0_EGU0_IRQHandler)
    SWI2_EGU2_IRQHandler                     0x000268c9   Thumb Code     4  nrf_sdh.o(i.SWI2_EGU2_IRQHandler)
    SystemInit                               0x000268cd   Thumb Code   726  system_nrf52.o(i.SystemInit)
    TIMER2_IRQHandler                        0x00026be9   Thumb Code    70  nrfx_timer.o(i.TIMER2_IRQHandler)
    UARTE0_UART0_IRQHandler                  0x00026c39   Thumb Code     6  nrfx_prs.o(i.UARTE0_UART0_IRQHandler)
    __scatterload_copy                       0x00026d5f   Thumb Code    14  handlers.o(i.__scatterload_copy)
    __scatterload_null                       0x00026d6d   Thumb Code     2  handlers.o(i.__scatterload_null)
    __scatterload_zeroinit                   0x00026d6f   Thumb Code    14  handlers.o(i.__scatterload_zeroinit)
    app_button_disable                       0x00026e89   Thumb Code    38  app_button.o(i.app_button_disable)
    app_button_enable                        0x00026eb9   Thumb Code    32  app_button.o(i.app_button_enable)
    app_button_init                          0x00026edd   Thumb Code   102  app_button.o(i.app_button_init)
    app_error_fault_handler                  0x00026f55   Thumb Code   164  app_error_weak.o(i.app_error_fault_handler)
    app_error_save_and_stop                  0x000270b9   Thumb Code    96  app_error.o(i.app_error_save_and_stop)
    app_timer_create                         0x0002711d   Thumb Code    32  app_timer.o(i.app_timer_create)
    app_timer_init                           0x00027141   Thumb Code    70  app_timer.o(i.app_timer_init)
    app_timer_start                          0x00027195   Thumb Code   128  app_timer.o(i.app_timer_start)
    app_timer_stop                           0x0002721d   Thumb Code    26  app_timer.o(i.app_timer_stop)
    app_util_critical_region_enter           0x0002723d   Thumb Code    64  app_util_platform.o(i.app_util_critical_region_enter)
    app_util_critical_region_exit            0x00027285   Thumb Code    46  app_util_platform.o(i.app_util_critical_region_exit)
    ble_advdata_encode                       0x000272b9   Thumb Code   386  ble_advdata.o(i.ble_advdata_encode)
    ble_conn_params_init                     0x0002743d   Thumb Code    90  ble_conn_params.o(i.ble_conn_params_init)
    ble_lbs_init                             0x00027891   Thumb Code   196  ble_lbs.o(i.ble_lbs_init)
    ble_lbs_on_ble_evt                       0x00027959   Thumb Code    46  ble_lbs.o(i.ble_lbs_on_ble_evt)
    ble_lbs_on_button_change1                0x00027987   Thumb Code    56  ble_lbs.o(i.ble_lbs_on_button_change1)
    ble_srv_is_notification_enabled          0x000279bf   Thumb Code     8  ble_srv_common.o(i.ble_srv_is_notification_enabled)
    bsp_board_init                           0x00027a0d   Thumb Code    80  boards.o(i.bsp_board_init)
    bsp_board_led_off                        0x00027a61   Thumb Code    10  boards.o(i.bsp_board_led_off)
    bsp_board_led_on                         0x00027a71   Thumb Code    10  boards.o(i.bsp_board_led_on)
    bsp_board_leds_off                       0x00027a81   Thumb Code    18  boards.o(i.bsp_board_leds_off)
    buffer_is_empty                          0x00027b45   Thumb Code    16  nrf_log_frontend.o(i.buffer_is_empty)
    characteristic_add                       0x00027c4d   Thumb Code   400  ble_srv_common.o(i.characteristic_add)
    conn_handle_list_get                     0x00027ecd   Thumb Code    62  ble_conn_state.o(i.conn_handle_list_get)
    main                                     0x000285cd   Thumb Code   358  main.o(i.main)
    nrf_atflags_clear                        0x00028943   Thumb Code    22  nrf_atflags.o(i.nrf_atflags_clear)
    nrf_atflags_get                          0x00028959   Thumb Code    22  nrf_atflags.o(i.nrf_atflags_get)
    nrf_atflags_set                          0x0002896f   Thumb Code    20  nrf_atflags.o(i.nrf_atflags_set)
    nrf_atomic_flag_clear_fetch              0x00028983   Thumb Code     6  nrf_atomic.o(i.nrf_atomic_flag_clear_fetch)
    nrf_atomic_flag_set                      0x00028989   Thumb Code     6  nrf_atomic.o(i.nrf_atomic_flag_set)
    nrf_atomic_u32_add                       0x0002898f   Thumb Code    12  nrf_atomic.o(i.nrf_atomic_u32_add)
    nrf_atomic_u32_and                       0x0002899b   Thumb Code    12  nrf_atomic.o(i.nrf_atomic_u32_and)
    nrf_atomic_u32_fetch_and                 0x000289a7   Thumb Code    10  nrf_atomic.o(i.nrf_atomic_u32_fetch_and)
    nrf_atomic_u32_fetch_store               0x000289b1   Thumb Code    10  nrf_atomic.o(i.nrf_atomic_u32_fetch_store)
    nrf_atomic_u32_or                        0x000289bb   Thumb Code    12  nrf_atomic.o(i.nrf_atomic_u32_or)
    nrf_atomic_u32_sub                       0x000289c7   Thumb Code    12  nrf_atomic.o(i.nrf_atomic_u32_sub)
    nrf_balloc_alloc                         0x000289d3   Thumb Code    68  nrf_balloc.o(i.nrf_balloc_alloc)
    nrf_balloc_free                          0x00028a17   Thumb Code    48  nrf_balloc.o(i.nrf_balloc_free)
    nrf_balloc_init                          0x00028a47   Thumb Code    48  nrf_balloc.o(i.nrf_balloc_init)
    nrf_ble_gatt_init                        0x00028a9b   Thumb Code    34  nrf_ble_gatt.o(i.nrf_ble_gatt_init)
    nrf_ble_gatt_on_ble_evt                  0x00028abd   Thumb Code   270  nrf_ble_gatt.o(i.nrf_ble_gatt_on_ble_evt)
    nrf_ble_qwr_conn_handle_assign           0x00028c0d   Thumb Code    22  nrf_ble_qwr.o(i.nrf_ble_qwr_conn_handle_assign)
    nrf_ble_qwr_init                         0x00028c23   Thumb Code    36  nrf_ble_qwr.o(i.nrf_ble_qwr_init)
    nrf_ble_qwr_on_ble_evt                   0x00028c47   Thumb Code   182  nrf_ble_qwr.o(i.nrf_ble_qwr_on_ble_evt)
    nrf_drv_clock_init                       0x00028d1d   Thumb Code    48  nrf_drv_clock.o(i.nrf_drv_clock_init)
    nrf_drv_clock_lfclk_release              0x00028d55   Thumb Code    42  nrf_drv_clock.o(i.nrf_drv_clock_lfclk_release)
    nrf_drv_spi_init                         0x00028d85   Thumb Code    98  nrf_drv_spi.o(i.nrf_drv_spi_init)
    nrf_fprintf                              0x00028df5   Thumb Code    26  nrf_fprintf.o(i.nrf_fprintf)
    nrf_fprintf_buffer_flush                 0x00028e0f   Thumb Code    24  nrf_fprintf.o(i.nrf_fprintf_buffer_flush)
    nrf_fprintf_fmt                          0x00028e27   Thumb Code   474  nrf_fprintf_format.o(i.nrf_fprintf_fmt)
    nrf_log_backend_add                      0x00029139   Thumb Code    86  nrf_log_frontend.o(i.nrf_log_backend_add)
    nrf_log_backend_rtt_init                 0x00029197   Thumb Code     4  nrf_log_backend_rtt.o(i.nrf_log_backend_rtt_init)
    nrf_log_backend_serial_put               0x000291b5   Thumb Code   200  nrf_log_backend_serial.o(i.nrf_log_backend_serial_put)
    nrf_log_color_id_get                     0x0002927d   Thumb Code    42  nrf_log_frontend.o(i.nrf_log_color_id_get)
    nrf_log_default_backends_init            0x000292ad   Thumb Code    24  nrf_log_default_backends.o(i.nrf_log_default_backends_init)
    nrf_log_frontend_dequeue                 0x000292c9   Thumb Code   528  nrf_log_frontend.o(i.nrf_log_frontend_dequeue)
    nrf_log_frontend_std_0                   0x000294fd   Thumb Code     8  nrf_log_frontend.o(i.nrf_log_frontend_std_0)
    nrf_log_frontend_std_1                   0x00029505   Thumb Code    14  nrf_log_frontend.o(i.nrf_log_frontend_std_1)
    nrf_log_frontend_std_2                   0x00029513   Thumb Code    16  nrf_log_frontend.o(i.nrf_log_frontend_std_2)
    nrf_log_frontend_std_5                   0x00029523   Thumb Code    28  nrf_log_frontend.o(i.nrf_log_frontend_std_5)
    nrf_log_hexdump_entry_process            0x00029541   Thumb Code   146  nrf_log_str_formatter.o(i.nrf_log_hexdump_entry_process)
    nrf_log_init                             0x000295ed   Thumb Code    46  nrf_log_frontend.o(i.nrf_log_init)
    nrf_log_module_cnt_get                   0x00029629   Thumb Code    10  nrf_log_frontend.o(i.nrf_log_module_cnt_get)
    nrf_log_module_name_get                  0x0002963d   Thumb Code    24  nrf_log_frontend.o(i.nrf_log_module_name_get)
    nrf_log_panic                            0x00029659   Thumb Code    38  nrf_log_frontend.o(i.nrf_log_panic)
    nrf_log_std_entry_process                0x00029685   Thumb Code   182  nrf_log_str_formatter.o(i.nrf_log_std_entry_process)
    nrf_memobj_alloc                         0x0002973b   Thumb Code    96  nrf_memobj.o(i.nrf_memobj_alloc)
    nrf_memobj_free                          0x0002979b   Thumb Code    50  nrf_memobj.o(i.nrf_memobj_free)
    nrf_memobj_get                           0x000297cd   Thumb Code     8  nrf_memobj.o(i.nrf_memobj_get)
    nrf_memobj_pool_init                     0x000297d5   Thumb Code     4  nrf_memobj.o(i.nrf_memobj_pool_init)
    nrf_memobj_put                           0x000297d9   Thumb Code    30  nrf_memobj.o(i.nrf_memobj_put)
    nrf_memobj_read                          0x000297f7   Thumb Code    16  nrf_memobj.o(i.nrf_memobj_read)
    nrf_memobj_write                         0x00029807   Thumb Code    16  nrf_memobj.o(i.nrf_memobj_write)
    nrf_pwr_mgmt_init                        0x00029819   Thumb Code    28  nrf_pwr_mgmt.o(i.nrf_pwr_mgmt_init)
    nrf_pwr_mgmt_run                         0x00029841   Thumb Code    64  nrf_pwr_mgmt.o(i.nrf_pwr_mgmt_run)
    nrf_ringbuf_init                         0x000298a1   Thumb Code    28  nrf_ringbuf.o(i.nrf_ringbuf_init)
    nrf_sdh_ble_app_ram_start_get            0x00029905   Thumb Code    16  nrf_sdh_ble.o(i.nrf_sdh_ble_app_ram_start_get)
    nrf_sdh_ble_default_cfg_set              0x00029919   Thumb Code   274  nrf_sdh_ble.o(i.nrf_sdh_ble_default_cfg_set)
    nrf_sdh_ble_enable                       0x00029a4d   Thumb Code   116  nrf_sdh_ble.o(i.nrf_sdh_ble_enable)
    nrf_sdh_enable_request                   0x00029c25   Thumb Code   102  nrf_sdh.o(i.nrf_sdh_enable_request)
    nrf_sdh_evts_poll                        0x00029c99   Thumb Code    32  nrf_sdh.o(i.nrf_sdh_evts_poll)
    nrf_sdh_is_enabled                       0x00029cbd   Thumb Code     6  nrf_sdh.o(i.nrf_sdh_is_enabled)
    nrf_section_iter_init                    0x00029d49   Thumb Code    10  nrf_section_iter.o(i.nrf_section_iter_init)
    nrf_section_iter_next                    0x00029d77   Thumb Code    32  nrf_section_iter.o(i.nrf_section_iter_next)
    nrf_strerror_find                        0x00029da1   Thumb Code    52  nrf_strerror.o(i.nrf_strerror_find)
    nrf_strerror_get                         0x00029dd9   Thumb Code    14  nrf_strerror.o(i.nrf_strerror_get)
    nrfx_clock_enable                        0x00029df9   Thumb Code    38  nrfx_clock.o(i.nrfx_clock_enable)
    nrfx_clock_init                          0x00029e29   Thumb Code    26  nrfx_clock.o(i.nrfx_clock_init)
    nrfx_clock_lfclk_stop                    0x00029e49   Thumb Code    20  nrfx_clock.o(i.nrfx_clock_lfclk_stop)
    nrfx_gpiote_in_event_disable             0x00029e85   Thumb Code    66  nrfx_gpiote.o(i.nrfx_gpiote_in_event_disable)
    nrfx_gpiote_in_event_enable              0x00029ecd   Thumb Code   156  nrfx_gpiote.o(i.nrfx_gpiote_in_event_enable)
    nrfx_gpiote_in_init                      0x00029f71   Thumb Code   194  nrfx_gpiote.o(i.nrfx_gpiote_in_init)
    nrfx_gpiote_in_is_set                    0x0002a041   Thumb Code    20  nrfx_gpiote.o(i.nrfx_gpiote_in_is_set)
    nrfx_gpiote_init                         0x0002a055   Thumb Code    98  nrfx_gpiote.o(i.nrfx_gpiote_init)
    nrfx_gpiote_is_init                      0x0002a0c5   Thumb Code    14  nrfx_gpiote.o(i.nrfx_gpiote_is_init)
    nrfx_prs_acquire                         0x0002a0e9   Thumb Code    58  nrfx_prs.o(i.nrfx_prs_acquire)
    nrfx_saadc_channel_init                  0x0002a125   Thumb Code   160  nrfx_saadc.o(i.nrfx_saadc_channel_init)
    nrfx_saadc_init                          0x0002a1d1   Thumb Code   126  nrfx_saadc.o(i.nrfx_saadc_init)
    nrfx_saadc_sample_convert                0x0002a261   Thumb Code   182  nrfx_saadc.o(i.nrfx_saadc_sample_convert)
    nrfx_spim_init                           0x0002a321   Thumb Code   366  nrfx_spim.o(i.nrfx_spim_init)
    nrfx_spim_xfer                           0x0002a499   Thumb Code    94  nrfx_spim.o(i.nrfx_spim_xfer)
    nrfx_timer_compare                       0x0002a4fd   Thumb Code    58  nrfx_timer.o(i.nrfx_timer_compare)
    nrfx_timer_enable                        0x0002a539   Thumb Code    24  nrfx_timer.o(i.nrfx_timer_enable)
    nrfx_timer_extended_compare              0x0002a555   Thumb Code    42  nrfx_timer.o(i.nrfx_timer_extended_compare)
    nrfx_timer_init                          0x0002a581   Thumb Code   188  nrfx_timer.o(i.nrfx_timer_init)
    saadc_callback                           0x0002a921   Thumb Code     2  main.o(i.saadc_callback)
    saadc_init                               0x0002a925   Thumb Code    56  main.o(i.saadc_init)
    set_mux                                  0x0002ab09   Thumb Code    66  adg725.o(i.set_mux)
    nrf_log_backend_rtt_api                  0x0002b4f8   Data          12  nrf_log_backend_rtt.o(.constdata)
    m_ram_start                              0x0002b59c   Data           4  nrf_sdh_ble.o(.constdata)
    __ctype_table                            0x0002b5c8   Data         129  ctype_o.o(.constdata)
    Region$$Table$$Base                      0x0002bdac   Number         0  anon$$obj.o(Region$$Table)
    Region$$Table$$Limit                     0x0002bdcc   Number         0  anon$$obj.o(Region$$Table)
    log_const_data$$Base                     0x0002bddc   Number         0  nrf_ble_gatt.o(log_const_data)
    m_nrf_log_nrf_ble_gatt_logs_data_const   0x0002bddc   Data           8  nrf_ble_gatt.o(log_const_data)
    m_nrf_log_clock_logs_data_const          0x0002bde4   Data           8  nrf_drv_clock.o(log_const_data)
    m_nrf_log_CLOCK_logs_data_const          0x0002bdec   Data           8  nrfx_clock.o(log_const_data)
    m_nrf_log_GPIOTE_logs_data_const         0x0002bdf4   Data           8  nrfx_gpiote.o(log_const_data)
    m_nrf_log_PRS_logs_data_const            0x0002bdfc   Data           8  nrfx_prs.o(log_const_data)
    m_nrf_log_UART_logs_data_const           0x0002be04   Data           8  nrfx_uart.o(log_const_data)
    m_nrf_log_UARTE_logs_data_const          0x0002be0c   Data           8  nrfx_uarte.o(log_const_data)
    m_nrf_log_TIMER_logs_data_const          0x0002be14   Data           8  nrfx_timer.o(log_const_data)
    m_nrf_log_SAADC_logs_data_const          0x0002be1c   Data           8  nrfx_saadc.o(log_const_data)
    m_nrf_log_SPIM_logs_data_const           0x0002be24   Data           8  nrfx_spim.o(log_const_data)
    m_nrf_log_pwr_mgmt_logs_data_const       0x0002be2c   Data           8  nrf_pwr_mgmt.o(log_const_data)
    m_nrf_log_app_logs_data_const            0x0002be34   Data           8  nrf_log_frontend.o(log_const_data)
    m_nrf_log_nrf_sdh_logs_data_const        0x0002be3c   Data           8  nrf_sdh.o(log_const_data)
    m_nrf_log_nrf_sdh_ble_logs_data_const    0x0002be44   Data           8  nrf_sdh_ble.o(log_const_data)
    m_nrf_log_nrf_sdh_soc_logs_data_const    0x0002be4c   Data           8  nrf_sdh_soc.o(log_const_data)
    log_const_data$$Limit                    0x0002be54   Number         0  nrf_sdh_soc.o(log_const_data)
    log_mempool                              0x0002be54   Data          20  nrf_log_frontend.o(nrf_balloc)
    sdh_ble_observers0$$Base                 0x0002be68   Number         0  ble_conn_state.o(sdh_ble_observers0)
    sdh_ble_observers0$$Limit                0x0002be70   Number         0  ble_conn_state.o(sdh_ble_observers0)
    sdh_ble_observers1$$Base                 0x0002be70   Number         0  main.o(sdh_ble_observers1)
    sdh_ble_observers1$$Limit                0x0002be80   Number         0  ble_conn_params.o(sdh_ble_observers1)
    sdh_ble_observers2$$Base                 0x0002be80   Number         0  main.o(sdh_ble_observers2)
    sdh_ble_observers2$$Limit                0x0002be90   Number         0  main.o(sdh_ble_observers2)
    sdh_ble_observers3$$Base                 0x0002be90   Number         0  main.o(sdh_ble_observers3)
    sdh_ble_observers3$$Limit                0x0002be98   Number         0  main.o(sdh_ble_observers3)
    sdh_soc_observers0$$Base                 0x0002be98   Number         0  nrf_drv_clock.o(sdh_soc_observers0)
    sdh_soc_observers0$$Limit                0x0002bea0   Number         0  nrf_drv_clock.o(sdh_soc_observers0)
    sdh_stack_observers0$$Base               0x0002bea0   Number         0  nrf_sdh_ble.o(sdh_stack_observers0)
    sdh_stack_observers0$$Limit              0x0002beb0   Number         0  nrf_sdh_soc.o(sdh_stack_observers0)
    sdh_state_observers0$$Base               0x0002beb0   Number         0  nrf_drv_clock.o(sdh_state_observers0)
    sdh_state_observers0$$Limit              0x0002beb8   Number         0  nrf_drv_clock.o(sdh_state_observers0)
    Image$$RW_IRAM1$$Base                    0x20002b28   Number         0  anon$$obj.o ABSOLUTE
    SystemCoreClock                          0x20002bfc   Data           4  system_nrf52.o(.data)
    DataRead                                 0x20002c38   Data         256  main.o(.bss)
    DataRead_short                           0x20002d38   Data         224  main.o(.bss)
    nrf_nvic_state                           0x20003354   Data          12  app_util_platform.o(.bss)
    _SEGGER_RTT                              0x20003928   Data         120  segger_rtt.o(.bss)
    __initial_sp                             0x20005bb0   Data           0  arm_startup_nrf52.o(STACK)



==============================================================================

Memory Map of the image

  Image Entry point : 0x00026201

  Load Region LR_IROM1 (Base: 0x00026000, Size: 0x00005f90, Max: 0x0005a000, ABSOLUTE)

    Execution Region ER_IROM1 (Base: 0x00026000, Size: 0x00005eb8, Max: 0x0005a000, ABSOLUTE)

    Base Addr    Size         Type   Attr      Idx    E Section Name        Object

    0x00026000   0x00000200   Data   RO         4920    RESET               arm_startup_nrf52.o
    0x00026200   0x00000000   Code   RO         4965  * .ARM.Collect$$$$00000000  mc_w.l(entry.o)
    0x00026200   0x00000004   Code   RO         5017    .ARM.Collect$$$$00000001  mc_w.l(entry2.o)
    0x00026204   0x00000004   Code   RO         5020    .ARM.Collect$$$$00000004  mc_w.l(entry5.o)
    0x00026208   0x00000000   Code   RO         5022    .ARM.Collect$$$$00000008  mc_w.l(entry7b.o)
    0x00026208   0x00000000   Code   RO         5024    .ARM.Collect$$$$0000000A  mc_w.l(entry8b.o)
    0x00026208   0x00000008   Code   RO         5025    .ARM.Collect$$$$0000000B  mc_w.l(entry9a.o)
    0x00026210   0x00000000   Code   RO         5027    .ARM.Collect$$$$0000000D  mc_w.l(entry10a.o)
    0x00026210   0x00000000   Code   RO         5029    .ARM.Collect$$$$0000000F  mc_w.l(entry11a.o)
    0x00026210   0x00000004   Code   RO         5018    .ARM.Collect$$$$00002712  mc_w.l(entry2.o)
    0x00026214   0x0000001a   Code   RO         2896    .emb_text           app_error_handler_keil.o
    0x0002622e   0x00000002   PAD
    0x00026230   0x000000e2   Code   RO         3427    .emb_text           nrf_atomic.o
    0x00026312   0x00000002   PAD
    0x00026314   0x00000024   Code   RO         4921    .text               arm_startup_nrf52.o
    0x00026338   0x0000001e   Code   RO         4973    .text               mc_w.l(llshl.o)
    0x00026356   0x00000002   PAD
    0x00026358   0x00000008   Code   RO         4975    .text               mc_w.l(ctype_o.o)
    0x00026360   0x00000024   Code   RO         5003    .text               mc_w.l(memcpya.o)
    0x00026384   0x00000024   Code   RO         5005    .text               mc_w.l(memseta.o)
    0x000263a8   0x0000000e   Code   RO         5007    .text               mc_w.l(strlen.o)
    0x000263b6   0x00000012   Code   RO         5013    .text               mc_w.l(strcpy.o)
    0x000263c8   0x00000024   Code   RO         5033    .text               mc_w.l(init.o)
    0x000263ec   0x00000098   Code   RO         2555    i.ADG725_spi_init   adg725.o
    0x00026484   0x00000164   Code   RO         1572    i.GPIOTE_IRQHandler  nrfx_gpiote.o
    0x000265e8   0x00000016   Code   RO         3008    i.NVIC_ClearPendingIRQ  app_timer.o
    0x000265fe   0x00000016   Code   RO         3009    i.NVIC_EnableIRQ    app_timer.o
    0x00026614   0x00000016   Code   RO         3010    i.NVIC_SetPendingIRQ  app_timer.o
    0x0002662a   0x00000020   Code   RO         3011    i.NVIC_SetPriority  app_timer.o
    0x0002664a   0x00000002   PAD
    0x0002664c   0x00000058   Code   RO         1437    i.POWER_CLOCK_IRQHandler  nrfx_clock.o
    0x000266a4   0x00000024   Code   RO         3012    i.RTC1_IRQHandler   app_timer.o
    0x000266c8   0x00000148   Code   RO         2403    i.SAADC_IRQHandler  nrfx_saadc.o
    0x00026810   0x00000004   Code   RO         4363    i.SEGGER_RTT_Init   segger_rtt.o
    0x00026814   0x0000005c   Code   RO         4377    i.SEGGER_RTT_WriteNoLock  segger_rtt.o
    0x00026870   0x00000054   Code   RO         2676    i.SPIM0_SPIS0_TWIM0_TWIS0_SPI0_TWI0_IRQHandler  nrfx_spim.o
    0x000268c4   0x00000004   Code   RO         3013    i.SWI0_EGU0_IRQHandler  app_timer.o
    0x000268c8   0x00000004   Code   RO         4711    i.SWI2_EGU2_IRQHandler  nrf_sdh.o
    0x000268cc   0x0000031c   Code   RO         4929    i.SystemInit        system_nrf52.o
    0x00026be8   0x00000050   Code   RO         2274    i.TIMER2_IRQHandler  nrfx_timer.o
    0x00026c38   0x0000000c   Code   RO         1874    i.UARTE0_UART0_IRQHandler  nrfx_prs.o
    0x00026c44   0x00000068   Code   RO         4381    i._DoInit           segger_rtt.o
    0x00026cac   0x00000016   Code   RO         4382    i._GetAvailWriteSpace  segger_rtt.o
    0x00026cc2   0x0000005a   Code   RO         4384    i._WriteBlocking    segger_rtt.o
    0x00026d1c   0x00000042   Code   RO         4385    i._WriteNoCheck     segger_rtt.o
    0x00026d5e   0x0000000e   Code   RO         5037    i.__scatterload_copy  mc_w.l(handlers.o)
    0x00026d6c   0x00000002   Code   RO         5038    i.__scatterload_null  mc_w.l(handlers.o)
    0x00026d6e   0x0000000e   Code   RO         5039    i.__scatterload_zeroinit  mc_w.l(handlers.o)
    0x00026d7c   0x00000024   Code   RO         4712    i.__sd_nvic_app_accessible_irq  nrf_sdh.o
    0x00026da0   0x000000c0   Code   RO            4    i.advertising_init  main.o
    0x00026e60   0x00000028   Code   RO            5    i.advertising_start  main.o
    0x00026e88   0x00000030   Code   RO         2793    i.app_button_disable  app_button.o
    0x00026eb8   0x00000024   Code   RO         2794    i.app_button_enable  app_button.o
    0x00026edc   0x00000078   Code   RO         2795    i.app_button_init   app_button.o
    0x00026f54   0x00000164   Code   RO         2918    i.app_error_fault_handler  app_error_weak.o
    0x000270b8   0x00000064   Code   RO         2859    i.app_error_save_and_stop  app_error.o
    0x0002711c   0x00000024   Code   RO         3016    i.app_timer_create  app_timer.o
    0x00027140   0x00000054   Code   RO         3017    i.app_timer_init    app_timer.o
    0x00027194   0x00000088   Code   RO         3020    i.app_timer_start   app_timer.o
    0x0002721c   0x00000020   Code   RO         3021    i.app_timer_stop    app_timer.o
    0x0002723c   0x00000048   Code   RO         3175    i.app_util_critical_region_enter  app_util_platform.o
    0x00027284   0x00000034   Code   RO         3176    i.app_util_critical_region_exit  app_util_platform.o
    0x000272b8   0x00000182   Code   RO          595    i.ble_advdata_encode  ble_advdata.o
    0x0002743a   0x00000002   PAD
    0x0002743c   0x00000068   Code   RO          723    i.ble_conn_params_init  ble_conn_params.o
    0x000274a4   0x00000060   Code   RO          601    i.ble_device_addr_encode  ble_advdata.o
    0x00027504   0x0000014c   Code   RO            7    i.ble_evt_handler   main.o
    0x00027650   0x000000fc   Code   RO          725    i.ble_evt_handler   ble_conn_params.o
    0x0002774c   0x00000144   Code   RO          827    i.ble_evt_handler   ble_conn_state.o
    0x00027890   0x000000c8   Code   RO         1178    i.ble_lbs_init      ble_lbs.o
    0x00027958   0x0000002e   Code   RO         1180    i.ble_lbs_on_ble_evt  ble_lbs.o
    0x00027986   0x00000038   Code   RO         1182    i.ble_lbs_on_button_change1  ble_lbs.o
    0x000279be   0x00000008   Code   RO          972    i.ble_srv_is_notification_enabled  ble_srv_common.o
    0x000279c6   0x00000002   PAD
    0x000279c8   0x00000044   Code   RO            8    i.ble_stack_init    main.o
    0x00027a0c   0x00000054   Code   RO          406    i.bsp_board_init    boards.o
    0x00027a60   0x00000010   Code   RO          409    i.bsp_board_led_off  boards.o
    0x00027a70   0x00000010   Code   RO          410    i.bsp_board_led_on  boards.o
    0x00027a80   0x00000012   Code   RO          412    i.bsp_board_leds_off  boards.o
    0x00027a92   0x00000002   PAD
    0x00027a94   0x00000090   Code   RO         4118    i.buf_prealloc      nrf_log_frontend.o
    0x00027b24   0x0000001e   Code   RO         3639    i.buffer_add        nrf_fprintf_format.o
    0x00027b42   0x00000002   PAD
    0x00027b44   0x00000014   Code   RO         4119    i.buffer_is_empty   nrf_log_frontend.o
    0x00027b58   0x00000080   Code   RO            9    i.button_event_handler  main.o
    0x00027bd8   0x0000001c   Code   RO         1573    i.channel_free      nrfx_gpiote.o
    0x00027bf4   0x00000048   Code   RO         1574    i.channel_port_alloc  nrfx_gpiote.o
    0x00027c3c   0x00000010   Code   RO         1575    i.channel_port_get  nrfx_gpiote.o
    0x00027c4c   0x00000190   Code   RO          974    i.characteristic_add  ble_srv_common.o
    0x00027ddc   0x00000028   Code   RO         1230    i.clock_clk_started_notify  nrf_drv_clock.o
    0x00027e04   0x0000001c   Code   RO         1231    i.clock_irq_handler  nrf_drv_clock.o
    0x00027e20   0x000000ac   Code   RO         3023    i.compare_reg_update  app_timer.o
    0x00027ecc   0x0000003e   Code   RO          828    i.conn_handle_list_get  ble_conn_state.o
    0x00027f0a   0x00000088   Code   RO          602    i.conn_int_encode   ble_advdata.o
    0x00027f92   0x00000002   PAD
    0x00027f94   0x0000001c   Code   RO           10    i.conn_params_error_handler  main.o
    0x00027fb0   0x00000048   Code   RO          726    i.conn_params_negotiation  ble_conn_params.o
    0x00027ff8   0x000000c0   Code   RO         1032    i.data_length_update  nrf_ble_gatt.o
    0x000280b8   0x00000098   Code   RO         2797    i.detection_delay_timeout_handler  app_button.o
    0x00028150   0x00000014   Code   RO         4120    i.dropped_sat16_get  nrf_log_frontend.o
    0x00028164   0x00000040   Code   RO         3024    i.elapsed_ticks_acquire  app_timer.o
    0x000281a4   0x00000064   Code   RO           11    i.gap_params_init   main.o
    0x00028208   0x00000084   Code   RO         2798    i.gpiote_event_handler  app_button.o
    0x0002828c   0x00000014   Code   RO          727    i.instance_get      ble_conn_params.o
    0x000282a0   0x000000a6   Code   RO         3640    i.int_print         nrf_fprintf_format.o
    0x00028346   0x00000034   Code   RO         4121    i.invalid_packets_omit  nrf_log_frontend.o
    0x0002837a   0x00000044   Code   RO          728    i.is_conn_params_ok  ble_conn_params.o
    0x000283be   0x00000002   PAD
    0x000283c0   0x00000060   Code   RO           12    i.led_write_handler  main.o
    0x00028420   0x00000016   Code   RO         1033    i.link_init         nrf_ble_gatt.o
    0x00028436   0x00000002   PAD
    0x00028438   0x000000f8   Code   RO         3025    i.list_insertions_handler  app_timer.o
    0x00028530   0x0000009c   Code   RO         4122    i.log_skip          nrf_log_frontend.o
    0x000285cc   0x000001bc   Code   RO           13    i.main              main.o
    0x00028788   0x00000064   Code   RO          603    i.manuf_specific_data_encode  ble_advdata.o
    0x000287ec   0x0000007e   Code   RO         3679    i.memobj_op         nrf_memobj.o
    0x0002886a   0x00000002   PAD
    0x0002886c   0x00000030   Code   RO         4123    i.module_idx_get    nrf_log_frontend.o
    0x0002889c   0x000000a6   Code   RO          604    i.name_encode       ble_advdata.o
    0x00028942   0x00000016   Code   RO         3361    i.nrf_atflags_clear  nrf_atflags.o
    0x00028958   0x00000016   Code   RO         3366    i.nrf_atflags_get   nrf_atflags.o
    0x0002896e   0x00000014   Code   RO         3368    i.nrf_atflags_set   nrf_atflags.o
    0x00028982   0x00000006   Code   RO         3429    i.nrf_atomic_flag_clear_fetch  nrf_atomic.o
    0x00028988   0x00000006   Code   RO         3430    i.nrf_atomic_flag_set  nrf_atomic.o
    0x0002898e   0x0000000c   Code   RO         3432    i.nrf_atomic_u32_add  nrf_atomic.o
    0x0002899a   0x0000000c   Code   RO         3433    i.nrf_atomic_u32_and  nrf_atomic.o
    0x000289a6   0x0000000a   Code   RO         3436    i.nrf_atomic_u32_fetch_and  nrf_atomic.o
    0x000289b0   0x0000000a   Code   RO         3438    i.nrf_atomic_u32_fetch_store  nrf_atomic.o
    0x000289ba   0x0000000c   Code   RO         3442    i.nrf_atomic_u32_or  nrf_atomic.o
    0x000289c6   0x0000000c   Code   RO         3444    i.nrf_atomic_u32_sub  nrf_atomic.o
    0x000289d2   0x00000044   Code   RO         3563    i.nrf_balloc_alloc  nrf_balloc.o
    0x00028a16   0x00000030   Code   RO         3564    i.nrf_balloc_free   nrf_balloc.o
    0x00028a46   0x00000030   Code   RO         3565    i.nrf_balloc_init   nrf_balloc.o
    0x00028a76   0x00000010   Code   RO         1576    i.nrf_bitmask_bit_is_set  nrfx_gpiote.o
    0x00028a86   0x00000014   Code   RO         1577    i.nrf_bitmask_bit_set  nrfx_gpiote.o
    0x00028a9a   0x00000022   Code   RO         1039    i.nrf_ble_gatt_init  nrf_ble_gatt.o
    0x00028abc   0x00000150   Code   RO         1040    i.nrf_ble_gatt_on_ble_evt  nrf_ble_gatt.o
    0x00028c0c   0x00000016   Code   RO         1134    i.nrf_ble_qwr_conn_handle_assign  nrf_ble_qwr.o
    0x00028c22   0x00000024   Code   RO         1135    i.nrf_ble_qwr_init  nrf_ble_qwr.o
    0x00028c46   0x000000b6   Code   RO         1136    i.nrf_ble_qwr_on_ble_evt  nrf_ble_qwr.o
    0x00028cfc   0x0000000e   Code   RO         1438    i.nrf_clock_event_check  nrfx_clock.o
    0x00028d0a   0x00000010   Code   RO         1439    i.nrf_clock_event_clear  nrfx_clock.o
    0x00028d1a   0x00000002   PAD
    0x00028d1c   0x00000038   Code   RO         1238    i.nrf_drv_clock_init  nrf_drv_clock.o
    0x00028d54   0x00000030   Code   RO         1242    i.nrf_drv_clock_lfclk_release  nrf_drv_clock.o
    0x00028d84   0x00000070   Code   RO         2614    i.nrf_drv_spi_init  nrf_drv_spi.o
    0x00028df4   0x0000001a   Code   RO         3600    i.nrf_fprintf       nrf_fprintf.o
    0x00028e0e   0x00000018   Code   RO         3601    i.nrf_fprintf_buffer_flush  nrf_fprintf.o
    0x00028e26   0x000001da   Code   RO         3641    i.nrf_fprintf_fmt   nrf_fprintf_format.o
    0x00029000   0x00000024   Code   RO          416    i.nrf_gpio_cfg      boards.o
    0x00029024   0x00000024   Code   RO         1578    i.nrf_gpio_cfg      nrfx_gpiote.o
    0x00029048   0x00000024   Code   RO         2677    i.nrf_gpio_cfg      nrfx_spim.o
    0x0002906c   0x00000014   Code   RO         2678    i.nrf_gpio_cfg_output  nrfx_spim.o
    0x00029080   0x00000022   Code   RO         1580    i.nrf_gpio_cfg_sense_set  nrfx_gpiote.o
    0x000290a2   0x0000000e   Code   RO         2679    i.nrf_gpio_pin_clear  nrfx_spim.o
    0x000290b0   0x0000000e   Code   RO         2680    i.nrf_gpio_pin_set  nrfx_spim.o
    0x000290be   0x00000016   Code   RO          417    i.nrf_gpio_pin_write  boards.o
    0x000290d4   0x00000016   Code   RO         2556    i.nrf_gpio_pin_write  adg725.o
    0x000290ea   0x00000002   PAD
    0x000290ec   0x00000028   Code   RO         1581    i.nrf_gpio_ports_read  nrfx_gpiote.o
    0x00029114   0x00000014   Code   RO         1582    i.nrf_gpiote_event_clear  nrfx_gpiote.o
    0x00029128   0x00000010   Code   RO         1583    i.nrf_gpiote_event_is_set  nrfx_gpiote.o
    0x00029138   0x0000005c   Code   RO         4124    i.nrf_log_backend_add  nrf_log_frontend.o
    0x00029194   0x00000002   Code   RO         3961    i.nrf_log_backend_rtt_flush  nrf_log_backend_rtt.o
    0x00029196   0x00000004   Code   RO         3962    i.nrf_log_backend_rtt_init  nrf_log_backend_rtt.o
    0x0002919a   0x00000002   Code   RO         3963    i.nrf_log_backend_rtt_panic_set  nrf_log_backend_rtt.o
    0x0002919c   0x00000018   Code   RO         3964    i.nrf_log_backend_rtt_put  nrf_log_backend_rtt.o
    0x000291b4   0x000000c8   Code   RO         4030    i.nrf_log_backend_serial_put  nrf_log_backend_serial.o
    0x0002927c   0x00000030   Code   RO         4126    i.nrf_log_color_id_get  nrf_log_frontend.o
    0x000292ac   0x0000001c   Code   RO         4082    i.nrf_log_default_backends_init  nrf_log_default_backends.o
    0x000292c8   0x00000234   Code   RO         4127    i.nrf_log_frontend_dequeue  nrf_log_frontend.o
    0x000294fc   0x00000008   Code   RO         4129    i.nrf_log_frontend_std_0  nrf_log_frontend.o
    0x00029504   0x0000000e   Code   RO         4130    i.nrf_log_frontend_std_1  nrf_log_frontend.o
    0x00029512   0x00000010   Code   RO         4131    i.nrf_log_frontend_std_2  nrf_log_frontend.o
    0x00029522   0x0000001c   Code   RO         4134    i.nrf_log_frontend_std_5  nrf_log_frontend.o
    0x0002953e   0x00000002   PAD
    0x00029540   0x000000ac   Code   RO         4304    i.nrf_log_hexdump_entry_process  nrf_log_str_formatter.o
    0x000295ec   0x0000003c   Code   RO         4136    i.nrf_log_init      nrf_log_frontend.o
    0x00029628   0x00000014   Code   RO         4137    i.nrf_log_module_cnt_get  nrf_log_frontend.o
    0x0002963c   0x0000001c   Code   RO         4140    i.nrf_log_module_name_get  nrf_log_frontend.o
    0x00029658   0x0000002c   Code   RO         4141    i.nrf_log_panic     nrf_log_frontend.o
    0x00029684   0x000000b6   Code   RO         4305    i.nrf_log_std_entry_process  nrf_log_str_formatter.o
    0x0002973a   0x00000060   Code   RO         3680    i.nrf_memobj_alloc  nrf_memobj.o
    0x0002979a   0x00000032   Code   RO         3681    i.nrf_memobj_free   nrf_memobj.o
    0x000297cc   0x00000008   Code   RO         3682    i.nrf_memobj_get    nrf_memobj.o
    0x000297d4   0x00000004   Code   RO         3683    i.nrf_memobj_pool_init  nrf_memobj.o
    0x000297d8   0x0000001e   Code   RO         3684    i.nrf_memobj_put    nrf_memobj.o
    0x000297f6   0x00000010   Code   RO         3685    i.nrf_memobj_read   nrf_memobj.o
    0x00029806   0x00000010   Code   RO         3686    i.nrf_memobj_write  nrf_memobj.o
    0x00029816   0x00000002   PAD
    0x00029818   0x00000028   Code   RO         3758    i.nrf_pwr_mgmt_init  nrf_pwr_mgmt.o
    0x00029840   0x00000044   Code   RO         3759    i.nrf_pwr_mgmt_run  nrf_pwr_mgmt.o
    0x00029884   0x0000001c   Code   RO           14    i.nrf_qwr_error_handler  main.o
    0x000298a0   0x0000001c   Code   RO         3835    i.nrf_ringbuf_init  nrf_ringbuf.o
    0x000298bc   0x00000010   Code   RO         2404    i.nrf_saadc_buffer_init  nrfx_saadc.o
    0x000298cc   0x00000014   Code   RO         2405    i.nrf_saadc_channel_input_set  nrfx_saadc.o
    0x000298e0   0x00000010   Code   RO         2406    i.nrf_saadc_event_check  nrfx_saadc.o
    0x000298f0   0x00000014   Code   RO         2407    i.nrf_saadc_event_clear  nrfx_saadc.o
    0x00029904   0x00000014   Code   RO         4832    i.nrf_sdh_ble_app_ram_start_get  nrf_sdh_ble.o
    0x00029918   0x00000134   Code   RO         4833    i.nrf_sdh_ble_default_cfg_set  nrf_sdh_ble.o
    0x00029a4c   0x00000130   Code   RO         4834    i.nrf_sdh_ble_enable  nrf_sdh_ble.o
    0x00029b7c   0x000000a8   Code   RO         4835    i.nrf_sdh_ble_evts_poll  nrf_sdh_ble.o
    0x00029c24   0x00000074   Code   RO         4714    i.nrf_sdh_enable_request  nrf_sdh.o
    0x00029c98   0x00000024   Code   RO         4715    i.nrf_sdh_evts_poll  nrf_sdh.o
    0x00029cbc   0x0000000c   Code   RO         4716    i.nrf_sdh_is_enabled  nrf_sdh.o
    0x00029cc8   0x00000080   Code   RO         4886    i.nrf_sdh_soc_evts_poll  nrf_sdh_soc.o
    0x00029d48   0x0000000a   Code   RO         3893    i.nrf_section_iter_init  nrf_section_iter.o
    0x00029d52   0x00000024   Code   RO         3894    i.nrf_section_iter_item_set  nrf_section_iter.o
    0x00029d76   0x00000020   Code   RO         3895    i.nrf_section_iter_next  nrf_section_iter.o
    0x00029d96   0x0000000a   Code   RO         2681    i.nrf_spim_event_check  nrfx_spim.o
    0x00029da0   0x00000038   Code   RO         3928    i.nrf_strerror_find  nrf_strerror.o
    0x00029dd8   0x00000014   Code   RO         3929    i.nrf_strerror_get  nrf_strerror.o
    0x00029dec   0x0000000c   Code   RO         2275    i.nrf_timer_event_clear  nrfx_timer.o
    0x00029df8   0x00000030   Code   RO         1444    i.nrfx_clock_enable  nrfx_clock.o
    0x00029e28   0x00000020   Code   RO         1447    i.nrfx_clock_init   nrfx_clock.o
    0x00029e48   0x0000001c   Code   RO         1450    i.nrfx_clock_lfclk_stop  nrfx_clock.o
    0x00029e64   0x00000010   Code   RO         2409    i.nrfx_coredep_delay_us  nrfx_saadc.o
    0x00029e74   0x00000010   Code   RO         3026    i.nrfx_coredep_delay_us  app_timer.o
    0x00029e84   0x00000048   Code   RO         1587    i.nrfx_gpiote_in_event_disable  nrfx_gpiote.o
    0x00029ecc   0x000000a4   Code   RO         1588    i.nrfx_gpiote_in_event_enable  nrfx_gpiote.o
    0x00029f70   0x000000d0   Code   RO         1589    i.nrfx_gpiote_in_init  nrfx_gpiote.o
    0x0002a040   0x00000014   Code   RO         1590    i.nrfx_gpiote_in_is_set  nrfx_gpiote.o
    0x0002a054   0x00000070   Code   RO         1592    i.nrfx_gpiote_init  nrfx_gpiote.o
    0x0002a0c4   0x00000014   Code   RO         1593    i.nrfx_gpiote_is_init  nrfx_gpiote.o
    0x0002a0d8   0x00000010   Code   RO         2682    i.nrfx_is_in_ram    nrfx_spim.o
    0x0002a0e8   0x0000003a   Code   RO         1875    i.nrfx_prs_acquire  nrfx_prs.o
    0x0002a122   0x00000002   PAD
    0x0002a124   0x000000ac   Code   RO         2413    i.nrfx_saadc_channel_init  nrfx_saadc.o
    0x0002a1d0   0x00000090   Code   RO         2415    i.nrfx_saadc_init   nrfx_saadc.o
    0x0002a260   0x000000c0   Code   RO         2419    i.nrfx_saadc_sample_convert  nrfx_saadc.o
    0x0002a320   0x00000178   Code   RO         2685    i.nrfx_spim_init    nrfx_spim.o
    0x0002a498   0x00000064   Code   RO         2688    i.nrfx_spim_xfer    nrfx_spim.o
    0x0002a4fc   0x0000003a   Code   RO         2278    i.nrfx_timer_compare  nrfx_timer.o
    0x0002a536   0x00000002   PAD
    0x0002a538   0x0000001c   Code   RO         2282    i.nrfx_timer_enable  nrfx_timer.o
    0x0002a554   0x0000002a   Code   RO         2283    i.nrfx_timer_extended_compare  nrfx_timer.o
    0x0002a57e   0x00000002   PAD
    0x0002a580   0x000000c0   Code   RO         2285    i.nrfx_timer_init   nrfx_timer.o
    0x0002a640   0x00000034   Code   RO           15    i.on_conn_params_evt  main.o
    0x0002a674   0x000000a8   Code   RO         1041    i.on_connected_evt  nrf_ble_gatt.o
    0x0002a71c   0x000000ac   Code   RO         1042    i.on_exchange_mtu_request_evt  nrf_ble_gatt.o
    0x0002a7c8   0x00000018   Code   RO         1609    i.pin_in_use_by_port  nrfx_gpiote.o
    0x0002a7e0   0x00000018   Code   RO         1610    i.pin_in_use_by_te  nrfx_gpiote.o
    0x0002a7f8   0x0000003c   Code   RO         4307    i.postfix_process   nrf_log_str_formatter.o
    0x0002a834   0x00000098   Code   RO         4308    i.prefix_process    nrf_log_str_formatter.o
    0x0002a8cc   0x00000018   Code   RO         1877    i.prs_box_get       nrfx_prs.o
    0x0002a8e4   0x0000003c   Code   RO         3027    i.rtc1_stop         app_timer.o
    0x0002a920   0x00000002   Code   RO           16    i.saadc_callback    main.o
    0x0002a922   0x00000002   PAD
    0x0002a924   0x00000050   Code   RO           17    i.saadc_init        main.o
    0x0002a974   0x00000050   Code   RO         1245    i.sd_state_evt_handler  nrf_drv_clock.o
    0x0002a9c4   0x00000030   Code   RO         4721    i.sdh_request_observer_notify  nrf_sdh.o
    0x0002a9f4   0x0000002c   Code   RO         4722    i.sdh_state_observer_notify  nrf_sdh.o
    0x0002aa20   0x00000010   Code   RO          729    i.send_error_evt    ble_conn_params.o
    0x0002aa30   0x00000050   Code   RO         3965    i.serial_tx         nrf_log_backend_rtt.o
    0x0002aa80   0x00000088   Code   RO          605    i.service_data_encode  ble_advdata.o
    0x0002ab08   0x00000084   Code   RO         2557    i.set_mux           adg725.o
    0x0002ab8c   0x00000030   Code   RO          976    i.set_security_req  ble_srv_common.o
    0x0002abbc   0x00000018   Code   RO         1246    i.soc_evt_handler   nrf_drv_clock.o
    0x0002abd4   0x00000098   Code   RO         4724    i.softdevices_evt_irq_enable  nrf_sdh.o
    0x0002ac6c   0x00000038   Code   RO         2615    i.spim_evt_handler  nrf_drv_spi.o
    0x0002aca4   0x000000bc   Code   RO         2689    i.spim_xfer         nrfx_spim.o
    0x0002ad60   0x0000008c   Code   RO         4143    i.std_n             nrf_log_frontend.o
    0x0002adec   0x000000b0   Code   RO           18    i.thi_monitor_handler  main.o
    0x0002ae9c   0x0000000c   Code   RO           19    i.thi_monitor_timeout_handler  main.o
    0x0002aea8   0x00000080   Code   RO         3028    i.timer_list_handler  app_timer.o
    0x0002af28   0x0000003c   Code   RO         3029    i.timer_list_insert  app_timer.o
    0x0002af64   0x00000060   Code   RO         3030    i.timer_list_remove  app_timer.o
    0x0002afc4   0x00000048   Code   RO         3031    i.timer_stop_op_schedule  app_timer.o
    0x0002b00c   0x00000074   Code   RO         3032    i.timer_timeouts_check  app_timer.o
    0x0002b080   0x0000000a   Code   RO          606    i.uint16_encode     ble_advdata.o
    0x0002b08a   0x00000002   PAD
    0x0002b08c   0x000000b4   Code   RO         3642    i.unsigned_print    nrf_fprintf_format.o
    0x0002b140   0x00000068   Code   RO          730    i.update_timeout_handler  ble_conn_params.o
    0x0002b1a8   0x00000024   Code   RO         1137    i.user_mem_reply    nrf_ble_qwr.o
    0x0002b1cc   0x00000030   Code   RO         3033    i.user_op_alloc     app_timer.o
    0x0002b1fc   0x00000030   Code   RO          607    i.uuid_list_encode  ble_advdata.o
    0x0002b22c   0x0000009e   Code   RO          608    i.uuid_list_sized_encode  ble_advdata.o
    0x0002b2ca   0x00000002   PAD
    0x0002b2cc   0x00000021   Data   RO           23    .constdata          main.o
    0x0002b2ed   0x00000008   Data   RO          418    .constdata          boards.o
    0x0002b2f5   0x00000003   PAD
    0x0002b2f8   0x00000016   Data   RO         1043    .constdata          nrf_ble_gatt.o
    0x0002b30e   0x00000002   PAD
    0x0002b310   0x00000010   Data   RO         1183    .constdata          ble_lbs.o
    0x0002b320   0x00000004   Data   RO         1612    .constdata          nrfx_gpiote.o
    0x0002b324   0x0000000c   PAD
    0x0002b330   0x00000006   Data   RO         2423    .constdata          nrfx_saadc.o
    0x0002b336   0x00000002   PAD
    0x0002b338   0x00000020   Data   RO         2559    .constdata          adg725.o
    0x0002b358   0x00000010   Data   RO         2617    .constdata          nrf_drv_spi.o
    0x0002b368   0x00000004   Data   RO         2692    .constdata          nrfx_spim.o
    0x0002b36c   0x00000008   Data   RO         2800    .constdata          app_button.o
    0x0002b374   0x0000000c   PAD
    0x0002b380   0x00000006   Data   RO         3035    .constdata          app_timer.o
    0x0002b386   0x00000010   Data   RO         3643    .constdata          nrf_fprintf_format.o
    0x0002b396   0x00000002   PAD
    0x0002b398   0x00000018   Data   RO         3763    .constdata          nrf_pwr_mgmt.o
    0x0002b3b0   0x0000000c   Data   RO         3764    .constdata          nrf_pwr_mgmt.o
    0x0002b3bc   0x0000013c   Data   RO         3930    .constdata          nrf_strerror.o
    0x0002b4f8   0x0000000c   Data   RO         3967    .constdata          nrf_log_backend_rtt.o
    0x0002b504   0x0000000c   PAD
    0x0002b510   0x00000006   Data   RO         3968    .constdata          nrf_log_backend_rtt.o
    0x0002b516   0x00000002   PAD
    0x0002b518   0x0000000c   Data   RO         4148    .constdata          nrf_log_frontend.o
    0x0002b524   0x00000010   Data   RO         4725    .constdata          nrf_sdh.o
    0x0002b534   0x00000028   Data   RO         4726    .constdata          nrf_sdh.o
    0x0002b55c   0x00000010   Data   RO         4727    .constdata          nrf_sdh.o
    0x0002b56c   0x00000010   Data   RO         4728    .constdata          nrf_sdh.o
    0x0002b57c   0x00000020   Data   RO         4836    .constdata          nrf_sdh_ble.o
    0x0002b59c   0x00000010   Data   RO         4837    .constdata          nrf_sdh_ble.o
    0x0002b5ac   0x00000010   Data   RO         4887    .constdata          nrf_sdh_soc.o
    0x0002b5bc   0x0000000c   Data   RO         4888    .constdata          nrf_sdh_soc.o
    0x0002b5c8   0x00000081   Data   RO         4976    .constdata          mc_w.l(ctype_o.o)
    0x0002b649   0x00000003   PAD
    0x0002b64c   0x00000004   Data   RO         4977    .constdata          mc_w.l(ctype_o.o)
    0x0002b650   0x000000a2   Data   RO         1044    .conststring        nrf_ble_gatt.o
    0x0002b6f2   0x00000002   PAD
    0x0002b6f4   0x000003eb   Data   RO         3931    .conststring        nrf_strerror.o
    0x0002badf   0x00000001   PAD
    0x0002bae0   0x00000066   Data   RO         4309    .conststring        nrf_log_str_formatter.o
    0x0002bb46   0x00000002   PAD
    0x0002bb48   0x000001cf   Data   RO         4838    .conststring        nrf_sdh_ble.o
    0x0002bd17   0x00000001   PAD
    0x0002bd18   0x0000000d   Data   RO         1045    .conststrlit        nrf_ble_gatt.o
    0x0002bd25   0x00000003   PAD
    0x0002bd28   0x00000006   Data   RO         1252    .conststrlit        nrf_drv_clock.o
    0x0002bd2e   0x00000002   PAD
    0x0002bd30   0x00000006   Data   RO         1454    .conststrlit        nrfx_clock.o
    0x0002bd36   0x00000002   PAD
    0x0002bd38   0x00000007   Data   RO         1616    .conststrlit        nrfx_gpiote.o
    0x0002bd3f   0x00000001   PAD
    0x0002bd40   0x00000004   Data   RO         1879    .conststrlit        nrfx_prs.o
    0x0002bd44   0x00000005   Data   RO         1959    .conststrlit        nrfx_uart.o
    0x0002bd49   0x00000003   PAD
    0x0002bd4c   0x00000006   Data   RO         2145    .conststrlit        nrfx_uarte.o
    0x0002bd52   0x00000002   PAD
    0x0002bd54   0x00000006   Data   RO         2292    .conststrlit        nrfx_timer.o
    0x0002bd5a   0x00000002   PAD
    0x0002bd5c   0x00000006   Data   RO         2431    .conststrlit        nrfx_saadc.o
    0x0002bd62   0x00000002   PAD
    0x0002bd64   0x00000005   Data   RO         2695    .conststrlit        nrfx_spim.o
    0x0002bd69   0x00000003   PAD
    0x0002bd6c   0x00000009   Data   RO         3765    .conststrlit        nrf_pwr_mgmt.o
    0x0002bd75   0x00000003   PAD
    0x0002bd78   0x00000010   Data   RO         4083    .conststrlit        nrf_log_default_backends.o
    0x0002bd88   0x00000004   Data   RO         4149    .conststrlit        nrf_log_frontend.o
    0x0002bd8c   0x00000008   Data   RO         4729    .conststrlit        nrf_sdh.o
    0x0002bd94   0x0000000c   Data   RO         4839    .conststrlit        nrf_sdh_ble.o
    0x0002bda0   0x0000000c   Data   RO         4889    .conststrlit        nrf_sdh_soc.o
    0x0002bdac   0x00000020   Data   RO         5035    Region$$Table       anon$$obj.o
    0x0002bdcc   0x00000010   Data   RO         4085    log_backends        nrf_log_default_backends.o
    0x0002bddc   0x00000008   Data   RO         1046    log_const_data      nrf_ble_gatt.o
    0x0002bde4   0x00000008   Data   RO         1253    log_const_data      nrf_drv_clock.o
    0x0002bdec   0x00000008   Data   RO         1456    log_const_data      nrfx_clock.o
    0x0002bdf4   0x00000008   Data   RO         1617    log_const_data      nrfx_gpiote.o
    0x0002bdfc   0x00000008   Data   RO         1881    log_const_data      nrfx_prs.o
    0x0002be04   0x00000008   Data   RO         1960    log_const_data      nrfx_uart.o
    0x0002be0c   0x00000008   Data   RO         2146    log_const_data      nrfx_uarte.o
    0x0002be14   0x00000008   Data   RO         2293    log_const_data      nrfx_timer.o
    0x0002be1c   0x00000008   Data   RO         2432    log_const_data      nrfx_saadc.o
    0x0002be24   0x00000008   Data   RO         2696    log_const_data      nrfx_spim.o
    0x0002be2c   0x00000008   Data   RO         3767    log_const_data      nrf_pwr_mgmt.o
    0x0002be34   0x00000008   Data   RO         4152    log_const_data      nrf_log_frontend.o
    0x0002be3c   0x00000008   Data   RO         4731    log_const_data      nrf_sdh.o
    0x0002be44   0x00000008   Data   RO         4841    log_const_data      nrf_sdh_ble.o
    0x0002be4c   0x00000008   Data   RO         4890    log_const_data      nrf_sdh_soc.o
    0x0002be54   0x00000014   Data   RO         4153    nrf_balloc          nrf_log_frontend.o
    0x0002be68   0x00000008   Data   RO          832    sdh_ble_observers0  ble_conn_state.o
    0x0002be70   0x00000008   Data   RO           26    sdh_ble_observers1  main.o
    0x0002be78   0x00000008   Data   RO          733    sdh_ble_observers1  ble_conn_params.o
    0x0002be80   0x00000010   Data   RO           27    sdh_ble_observers2  main.o
    0x0002be90   0x00000008   Data   RO           28    sdh_ble_observers3  main.o
    0x0002be98   0x00000008   Data   RO         1254    sdh_soc_observers0  nrf_drv_clock.o
    0x0002bea0   0x00000008   Data   RO         4842    sdh_stack_observers0  nrf_sdh_ble.o
    0x0002bea8   0x00000008   Data   RO         4891    sdh_stack_observers0  nrf_sdh_soc.o
    0x0002beb0   0x00000008   Data   RO         1255    sdh_state_observers0  nrf_drv_clock.o


    Execution Region RW_IRAM1 (Base: 0x20002b28, Size: 0x00003088, Max: 0x0000dd48, ABSOLUTE)

    Base Addr    Size         Type   Attr      Idx    E Section Name        Object

    0x20002b28   0x0000001c   Data   RW           24    .data               main.o
    0x20002b44   0x00000008   Data   RW          732    .data               ble_conn_params.o
    0x20002b4c   0x00000008   Data   RW         1455    .data               nrfx_clock.o
    0x20002b54   0x00000008   Data   RW         1880    .data               nrfx_prs.o
    0x20002b5c   0x00000004   PAD
    0x20002b60   0x00000020   Data   RW         2801    .data               app_button.o
    0x20002b80   0x00000014   Data   RW         3036    .data               app_timer.o
    0x20002b94   0x00000008   Data   RW         3766    .data               nrf_pwr_mgmt.o
    0x20002b9c   0x00000001   Data   RW         3969    .data               nrf_log_backend_rtt.o
    0x20002b9d   0x00000003   PAD
    0x20002ba0   0x00000008   Data   RW         4084    .data               nrf_log_default_backends.o
    0x20002ba8   0x00000008   Data   RW         4150    .data               nrf_log_frontend.o
    0x20002bb0   0x00000008   Data   RW         4151    .data               nrf_log_frontend.o
    0x20002bb8   0x00000040   Data   RW         4310    .data               nrf_log_str_formatter.o
    0x20002bf8   0x00000003   Data   RW         4730    .data               nrf_sdh.o
    0x20002bfb   0x00000001   Data   RW         4840    .data               nrf_sdh_ble.o
    0x20002bfc   0x00000004   Data   RW         4930    .data               system_nrf52.o
    0x20002c00   0x00000218   Zero   RW           20    .bss                main.o
    0x20002e18   0x0000001f   Zero   RW           21    .bss                main.o
    0x20002e37   0x0000001f   Zero   RW           22    .bss                main.o
    0x20002e56   0x00000002   PAD
    0x20002e58   0x00000050   Zero   RW          731    .bss                ble_conn_params.o
    0x20002ea8   0x00000078   Zero   RW          831    .bss                ble_conn_state.o
    0x20002f20   0x00000014   Zero   RW         1247    .bss                nrf_drv_clock.o
    0x20002f34   0x0000005c   Zero   RW         1611    .bss                nrfx_gpiote.o
    0x20002f90   0x0000000c   Zero   RW         2290    .bss                nrfx_timer.o
    0x20002f9c   0x00000030   Zero   RW         2422    .bss                nrfx_saadc.o
    0x20002fcc   0x00000200   Zero   RW         2558    .bss                adg725.o
    0x200031cc   0x00000018   Zero   RW         2616    .bss                nrf_drv_spi.o
    0x200031e4   0x00000024   Zero   RW         2690    .bss                nrfx_spim.o
    0x20003208   0x00000020   Zero   RW         2799    .bss                app_button.o
    0x20003228   0x00000020   Zero   RW         2860    .bss                app_error.o
    0x20003248   0x0000010c   Zero   RW         3034    .bss                app_timer.o
    0x20003354   0x0000000c   Zero   RW         3181    .bss                app_util_platform.o
    0x20003360   0x0000000c   Zero   RW         3762    .bss                nrf_pwr_mgmt.o
    0x2000336c   0x00000040   Zero   RW         3966    .bss                nrf_log_backend_rtt.o
    0x200033ac   0x000000c0   Zero   RW         4144    .bss                nrf_log_frontend.o
    0x2000346c   0x00000080   Zero   RW         4145    .bss                nrf_log_frontend.o
    0x200034ec   0x00000018   Zero   RW         4146    .bss                nrf_log_frontend.o
    0x20003504   0x00000424   Zero   RW         4147    .bss                nrf_log_frontend.o
    0x20003928   0x00000288   Zero   RW         4386    .bss                segger_rtt.o
    0x20003bb0   0x00002000   Zero   RW         4918    STACK               arm_startup_nrf52.o


==============================================================================

Image component sizes


      Code (inc. data)   RO Data    RW Data    ZI Data      Debug   Object Name

       306        132         32          0        512      20716   adg725.o
       488         46          8         32         32      14279   app_button.o
       100          4          0          0         32       3550   app_error.o
        26          0          0          0          0        624   app_error_handler_keil.o
       356        192          0          0          0       5042   app_error_weak.o
      1506        118          6         20        268      49043   app_timer.o
       124         14          0          0         12       9846   app_util_platform.o
        36          8        512          0       8192        980   arm_startup_nrf52.o
      1236          0          0          0          0      97483   ble_advdata.o
       636         44          8          8         80      15083   ble_conn_params.o
       386         66          8          0        120       5773   ble_conn_state.o
       302          4         16          0          0       5404   ble_lbs.o
       456          6          0          0          0       3571   ble_srv_common.o
       192         16          8          0          0      43817   boards.o
      1778        396         65         28        598     191270   main.o
        64          0          0          0          0       3164   nrf_atflags.o
       306          0          0          0          0       8535   nrf_atomic.o
       164          0          0          0          0       3832   nrf_balloc.o
       924        272        205          0          0      37047   nrf_ble_gatt.o
       276          0          0          0          0       6509   nrf_ble_qwr.o
       276         34         30          0         20      39920   nrf_drv_clock.o
       168         18         16          0         24      14363   nrf_drv_spi.o
        50          0          0          0          0       3733   nrf_fprintf.o
       850          4         16          0          0       5738   nrf_fprintf_format.o
       112         18         18          1         64       6585   nrf_log_backend_rtt.o
       200          0          0          0          0      11057   nrf_log_backend_serial.o
        28          4         32          8          0       3485   nrf_log_default_backends.o
      1502        114         44         16       1404      31671   nrf_log_frontend.o
       566        108        102         64          0       5932   nrf_log_str_formatter.o
       346          0          0          0          0      10031   nrf_memobj.o
       108         16         53          8         12      36602   nrf_pwr_mgmt.o
        28          0          0          0          0       2519   nrf_ringbuf.o
       448        106        104          3          0      39839   nrf_sdh.o
       800        298        539          1          0       6229   nrf_sdh_ble.o
       128         68         56          0          0       2628   nrf_sdh_soc.o
        78          0          0          0          0       2980   nrf_section_iter.o
        76         10       1319          0          0       2947   nrf_strerror.o
       226         30         14          8          0      42026   nrfx_clock.o
      1298         98         19          0         92      60858   nrfx_gpiote.o
        94         16         12          8          0       4021   nrfx_prs.o
       924         70         20          0         48      19326   nrfx_saadc.o
       858         24         17          0         36      21878   nrfx_spim.o
       412         18         14          0         12      14984   nrfx_timer.o
         0          0         13          0          0      12384   nrfx_uart.o
         0          0         14          0          0      10430   nrfx_uarte.o
       378         34          0          0        648       9457   segger_rtt.o
       796         70          0          4          0      29702   system_nrf52.o

    ----------------------------------------------------------------------
     20454       2476       3428        216      12208     976893   Object Totals
         0          0         32          0          0          0   (incl. Generated)
        42          0         76          7          2          0   (incl. Padding)

    ----------------------------------------------------------------------

      Code (inc. data)   RO Data    RW Data    ZI Data      Debug   Library Member Name

         8          4        133          0          0         68   ctype_o.o
         0          0          0          0          0          0   entry.o
         0          0          0          0          0          0   entry10a.o
         0          0          0          0          0          0   entry11a.o
         8          4          0          0          0          0   entry2.o
         4          0          0          0          0          0   entry5.o
         0          0          0          0          0          0   entry7b.o
         0          0          0          0          0          0   entry8b.o
         8          4          0          0          0          0   entry9a.o
        30          0          0          0          0          0   handlers.o
        36          8          0          0          0         68   init.o
        30          0          0          0          0         68   llshl.o
        36          0          0          0          0         68   memcpya.o
        36          0          0          0          0        108   memseta.o
        18          0          0          0          0         68   strcpy.o
        14          0          0          0          0         68   strlen.o

    ----------------------------------------------------------------------
       230         20        136          0          0        516   Library Totals
         2          0          3          0          0          0   (incl. Padding)

    ----------------------------------------------------------------------

      Code (inc. data)   RO Data    RW Data    ZI Data      Debug   Library Name

       228         20        133          0          0        516   mc_w.l

    ----------------------------------------------------------------------
       230         20        136          0          0        516   Library Totals

    ----------------------------------------------------------------------

==============================================================================


      Code (inc. data)   RO Data    RW Data    ZI Data      Debug   

     20684       2496       3564        216      12208     954457   Grand Totals
     20684       2496       3564        216      12208     954457   ELF Image Totals
     20684       2496       3564        216          0          0   ROM Totals

==============================================================================

    Total RO  Size (Code + RO Data)                24248 (  23.68kB)
    Total RW  Size (RW Data + ZI Data)             12424 (  12.13kB)
    Total ROM Size (Code + RO Data + RW Data)      24464 (  23.89kB)

==============================================================================

