<html>
<body>
<pre>
<h1>µVision Build Log</h1>
<h2>Tool Versions:</h2>
IDE-Version: ¦ÌVision V5.18a
Copyright (C) 2016 ARM Ltd and ARM Germany GmbH. All rights reserved.
License Information: mao xinxin, thu, LIC=03C6R-KVYMR-2ZPW4-FYXN0-6JJCT-BE638
 
Tool Versions:
Toolchain:       MDK-ARM Standard  Version: 5.18a
Toolchain Path:  C:\Keil_v5\ARM\ARMCC\Bin
C Compiler:      Armcc.exe V5.06 update 1 (build 61)
Assembler:       Armasm.exe V5.06 update 1 (build 61)
Linker/Locator:  ArmLink.exe V5.06 update 1 (build 61)
Library Manager: ArmAr.exe V5.06 update 1 (build 61)
Hex Converter:   FromElf.exe V5.06 update 1 (build 61)
CPU DLL:         
Dialog DLL:      
Target DLL:      Segger\JL2CM3.dll V2.99.19.0
Dialog DLL:      TCM.DLL V1.14.8.0
 
<h2>Project:</h2>
C:\Users\maoxi\Desktop\nRF52832\BLEproject\BLE_ADG725\ADG725_Slave_2020.4.1\nRF5_SDK_15.2.0_9412b96\examples\ble_peripheral\ble_app_blinky\pca10040\s132\arm5_no_packs\ble_app_blinky_pca10040_s132.uvprojx
Project File Date:  04/01/2020

<h2>Output:</h2>
*** Using Compiler 'V5.06 update 1 (build 61)', folder: 'C:\Keil_v5\ARM\ARMCC\Bin'
Build target 'nrf52832_xxaa'
compiling utf.c...
compiling nrf_ble_gatt.c...
compiling ble_srv_common.c...
compiling nrf_ble_qwr.c...
compiling ble_lbs.c...
..\..\..\..\..\..\components\ble\ble_services\ble_lbs\ble_lbs.c(178): warning:  #177-D: variable "err_code" was declared but never referenced
  	  uint32_t err_code;
..\..\..\..\..\..\components\ble\ble_services\ble_lbs\ble_lbs.c: 1 warning, 0 errors
compiling ble_conn_state.c...
compiling ble_advdata.c...
compiling ble_conn_params.c...
compiling nrfx_prs.c...
compiling nrfx_power_clock.c...
compiling nrf_drv_uart.c...
compiling boards.c...
compiling nrf_drv_clock.c...
compiling nrfx_clock.c...
compiling nrfx_gpiote.c...
compiling app_error.c...
compiling main.c...
..\..\..\main.c(602): warning:  #550-D: variable "matrix_scan" was set but never used
  	  uint16_t matrix_scan=0;
..\..\..\main.c: 1 warning, 0 errors
compiling app_error_handler_keil.c...
compiling app_scheduler.c...
compiling nrf_drv_spi.c...
compiling app_error_weak.c...
compiling nrfx_spi.c...
compiling nrfx_uarte.c...
compiling nrfx_uart.c...
compiling nrfx_timer.c...
compiling app_button.c...
compiling ADG725.c...
compiling nrfx_saadc.c...
compiling app_util_platform.c...
compiling nrfx_spim.c...
compiling app_timer.c...
compiling nrf_assert.c...
compiling hardfault_implementation.c...
compiling nrf_atflags.c...
compiling nrf_fprintf.c...
compiling nrf_section_iter.c...
compiling nrf_atomic.c...
compiling nrf_atfifo.c...
compiling nrf_fprintf_format.c...
compiling nrf_ringbuf.c...
compiling nrf_balloc.c...
compiling nrf_strerror.c...
compiling nrf_memobj.c...
compiling nrf_log_backend_uart.c...
assembling arm_startup_nrf52.s...
compiling nrf_log_backend_serial.c...
compiling nrf_log_default_backends.c...
compiling nrf_log_backend_rtt.c...
compiling system_nrf52.c...
compiling nrf_pwr_mgmt.c...
compiling SEGGER_RTT_Syscalls_KEIL.c...
compiling SEGGER_RTT.c...
compiling SEGGER_RTT_printf.c...
compiling nrf_sdh_soc.c...
compiling nrf_log_str_formatter.c...
compiling nrf_sdh_ble.c...
compiling nrf_log_frontend.c...
compiling nrf_sdh.c...
..\..\..\..\..\..\components\softdevice\common\nrf_sdh.c(78): warning:  #1215-D: #warning directive: Please select NRF_CLOCK_LF_ACCURACY_500_PPM when using NRF_CLOCK_LF_SRC_RC
      #warning Please select NRF_CLOCK_LF_ACCURACY_500_PPM when using NRF_CLOCK_LF_SRC_RC
..\..\..\..\..\..\components\softdevice\common\nrf_sdh.c: 1 warning, 0 errors
linking...
Program Size: Code=20684 RO-data=3564 RW-data=216 ZI-data=12208  
FromELF: creating hex file...
".\_build\nrf52832_xxaa.axf" - 0 Error(s), 3 Warning(s).

<h2>Software Packages used:</h2>

Package Vendor: ARM
                http://www.keil.com/pack/ARM.CMSIS.4.5.0.pack
                ARM::CMSIS:CORE:4.3.0
                CMSIS (Cortex Microcontroller Software Interface Standard)
   * Component: CORE Version: 4.3.0

Package Vendor: NordicSemiconductor
                http://developer.nordicsemi.com/nRF5_SDK/pieces/nRF_DeviceFamilyPack/NordicSemiconductor.nRF_DeviceFamilyPack.8.17.0.pack
                NordicSemiconductor::Device:Startup:8.17.0
                Nordic Semiconductor nRF ARM devices Device Family Pack.
   * Component: Startup Version: 8.17.0

<h2>Collection of Component include folders:</h2>
  C:\Users\maoxi\Desktop\nRF52832\BLEproject\BLE_ADG725\ADG725_Slave_2020.4.1\nRF5_SDK_15.2.0_9412b96\examples\ble_peripheral\ble_app_blinky\pca10040\s132\arm5_no_packs\RTE
  C:\Keil_v5\ARM\PACK\ARM\CMSIS\4.5.0\CMSIS\Include
  C:\Keil_v5\ARM\PACK\NordicSemiconductor\nRF_DeviceFamilyPack\8.17.0\Device\Include
  C:\Keil_v5\ARM\PACK\NordicSemiconductor\nRF_DeviceFamilyPack\8.42.0\Device\Include

<h2>Collection of Component Files used:</h2>

   * Component: ARM::CMSIS:CORE:4.3.0

   * Component: NordicSemiconductor::Device:Startup:8.17.0
      Source file:   Device\Source\arm\arm_startup_nrf52.s
      Source file:   Device\Source\system_nrf52.c
      Include file:  Device\Include\system_nrf52.h
Build Time Elapsed:  00:00:09
</pre>
</body>
</html>
