Component: ARM Compiler 5.06 update 1 (build 61) Tool: armlink [4d35a8]

==============================================================================

Section Cross References

    main.o(i.advertising_init) refers to memseta.o(.text) for __aeabi_memclr4
    main.o(i.advertising_init) refers to ble_advdata.o(i.ble_advdata_encode) for ble_advdata_encode
    main.o(i.advertising_init) refers to app_error_handler_keil.o(.emb_text) for app_error_handler
    main.o(i.advertising_init) refers to main.o(.constdata) for .constdata
    main.o(i.advertising_init) refers to main.o(.bss) for .bss
    main.o(i.advertising_init) refers to main.o(.data) for .data
    main.o(i.advertising_start) refers to nrf_log_frontend.o(i.nrf_log_frontend_std_0) for nrf_log_frontend_std_0
    main.o(i.advertising_start) refers to peer_manager.o(i.pm_peers_delete) for pm_peers_delete
    main.o(i.advertising_start) refers to app_error_handler_keil.o(.emb_text) for app_error_handler
    main.o(i.advertising_start) refers to nrf_log_frontend.o(log_const_data) for m_nrf_log_app_logs_data_const
    main.o(i.advertising_start) refers to main.o(.data) for .data
    main.o(i.app_shutdown_handler) refers to nrf_log_frontend.o(i.nrf_log_frontend_std_0) for nrf_log_frontend_std_0
    main.o(i.app_shutdown_handler) refers to nrf_log_frontend.o(log_const_data) for m_nrf_log_app_logs_data_const
    main.o(i.assert_nrf_callback) refers to app_error_handler_keil.o(.emb_text) for app_error_handler
    main.o(i.ble_dfu_evt_handler) refers to nrf_log_frontend.o(i.nrf_log_frontend_std_0) for nrf_log_frontend_std_0
    main.o(i.ble_dfu_evt_handler) refers to nrf_log_frontend.o(log_const_data) for m_nrf_log_app_logs_data_const
    main.o(i.ble_evt_handler) refers to app_error_handler_keil.o(.emb_text) for app_error_handler
    main.o(i.ble_evt_handler) refers to nrf_log_frontend.o(i.nrf_log_frontend_std_0) for nrf_log_frontend_std_0
    main.o(i.ble_evt_handler) refers to boards.o(i.bsp_board_led_on) for bsp_board_led_on
    main.o(i.ble_evt_handler) refers to boards.o(i.bsp_board_led_off) for bsp_board_led_off
    main.o(i.ble_evt_handler) refers to nrf_ble_qwr.o(i.nrf_ble_qwr_conn_handle_assign) for nrf_ble_qwr_conn_handle_assign
    main.o(i.ble_evt_handler) refers to app_button.o(i.app_button_enable) for app_button_enable
    main.o(i.ble_evt_handler) refers to app_button.o(i.app_button_disable) for app_button_disable
    main.o(i.ble_evt_handler) refers to main.o(i.advertising_start) for advertising_start
    main.o(i.ble_evt_handler) refers to main.o(.data) for .data
    main.o(i.ble_evt_handler) refers to nrf_log_frontend.o(log_const_data) for m_nrf_log_app_logs_data_const
    main.o(i.ble_evt_handler) refers to main.o(.bss) for .bss
    main.o(i.ble_stack_init) refers to nrf_sdh.o(i.nrf_sdh_enable_request) for nrf_sdh_enable_request
    main.o(i.ble_stack_init) refers to app_error_handler_keil.o(.emb_text) for app_error_handler
    main.o(i.ble_stack_init) refers to nrf_sdh_ble.o(i.nrf_sdh_ble_default_cfg_set) for nrf_sdh_ble_default_cfg_set
    main.o(i.ble_stack_init) refers to nrf_sdh_ble.o(i.nrf_sdh_ble_enable) for nrf_sdh_ble_enable
    main.o(i.ble_stack_init) refers to main.o(i.advertising_start) for i.advertising_start
    main.o(i.button_event_handler) refers to nrf_log_frontend.o(i.nrf_log_frontend_std_0) for nrf_log_frontend_std_0
    main.o(i.button_event_handler) refers to app_error_handler_keil.o(.emb_text) for app_error_handler
    main.o(i.button_event_handler) refers to nrf_log_frontend.o(log_const_data) for m_nrf_log_app_logs_data_const
    main.o(i.conn_params_error_handler) refers to app_error_handler_keil.o(.emb_text) for app_error_handler
    main.o(i.fatfs_disk_init_uninit) refers to nrf_log_frontend.o(i.nrf_log_frontend_std_0) for nrf_log_frontend_std_0
    main.o(i.fatfs_disk_init_uninit) refers to diskio_blkdev.o(i.disk_initialize) for disk_initialize
    main.o(i.fatfs_disk_init_uninit) refers to ff.o(i.f_mount) for f_mount
    main.o(i.fatfs_disk_init_uninit) refers to diskio_blkdev.o(i.disk_uninitialize) for disk_uninitialize
    main.o(i.fatfs_disk_init_uninit) refers to nrf_log_frontend.o(i.nrf_log_frontend_std_1) for nrf_log_frontend_std_1
    main.o(i.fatfs_disk_init_uninit) refers to nrf_log_frontend.o(log_const_data) for m_nrf_log_app_logs_data_const
    main.o(i.fatfs_disk_init_uninit) refers to nrf_block_dev_sdc.o(.constdata) for nrf_block_device_sdc_ops
    main.o(i.fatfs_disk_init_uninit) refers to main.o(.constdata) for .constdata
    main.o(i.fatfs_disk_init_uninit) refers to main.o(.bss) for .bss
    main.o(i.fatfs_file_read) refers to nrf_log_frontend.o(i.nrf_log_frontend_std_0) for nrf_log_frontend_std_0
    main.o(i.fatfs_file_read) refers to diskio_blkdev.o(i.disk_initialize) for disk_initialize
    main.o(i.fatfs_file_read) refers to ff.o(i.f_mount) for f_mount
    main.o(i.fatfs_file_read) refers to nrf_log_frontend.o(i.nrf_log_frontend_std_1) for nrf_log_frontend_std_1
[...]
    sdh_ble_observers0$$Limit                0x000353f0   Number         0  ble_conn_state.o(sdh_ble_observers0)
    sdh_ble_observers1$$Base                 0x000353f0   Number         0  main.o(sdh_ble_observers1)
    sdh_ble_observers1$$Limit                0x00035408   Number         0  peer_manager.o(sdh_ble_observers1)
    sdh_ble_observers2$$Base                 0x00035408   Number         0  main.o(sdh_ble_observers2)
    sdh_ble_observers2$$Limit                0x00035420   Number         0  ble_dfu.o(sdh_ble_observers2)
    sdh_ble_observers3$$Base                 0x00035420   Number         0  main.o(sdh_ble_observers3)
    m_req_obs                                0x00035428   Data           8  nrf_fstorage_sd.o(sdh_req_observers0)
    sdh_ble_observers3$$Limit                0x00035428   Number         0  main.o(sdh_ble_observers3)
    sdh_req_observers0$$Base                 0x00035428   Number         0  nrf_fstorage_sd.o(sdh_req_observers0)
    sdh_req_observers0$$Limit                0x00035430   Number         0  nrf_fstorage_sd.o(sdh_req_observers0)
    sdh_soc_observers0$$Base                 0x00035430   Number         0  nrf_drv_clock.o(sdh_soc_observers0)
    sdh_soc_observers0$$Limit                0x00035440   Number         0  nrf_fstorage_sd.o(sdh_soc_observers0)
    sdh_soc_observers1$$Base                 0x00035440   Number         0  ble_dfu_unbonded.o(sdh_soc_observers1)
    sdh_soc_observers1$$Limit                0x00035448   Number         0  ble_dfu_unbonded.o(sdh_soc_observers1)
    sdh_stack_observers0$$Base               0x00035448   Number         0  nrf_sdh_ble.o(sdh_stack_observers0)
    sdh_stack_observers0$$Limit              0x00035458   Number         0  nrf_sdh_soc.o(sdh_stack_observers0)
    sdh_state_observers0$$Base               0x00035458   Number         0  nrf_drv_clock.o(sdh_state_observers0)
    sdh_state_observers0$$Limit              0x00035468   Number         0  nrf_fstorage_sd.o(sdh_state_observers0)
    Image$$RW_IRAM1$$Base                    0x20002aa8   Number         0  anon$$obj.o ABSOLUTE
    file_open                                0x20002aa9   Data           1  main.o(.data)
    read_file_flag                           0x20002aaa   Data           1  main.o(.data)
    get_timestamp_flag                       0x20002aab   Data           1  main.o(.data)
    flag_connect                             0x20002aac   Data           1  main.o(.data)
    temp_connect                             0x20002aad   Data           1  main.o(.data)
    real_time_trans                          0x20002aae   Data           1  main.o(.data)
    timer_on_process                         0x20002aaf   Data           1  main.o(.data)
    cannot_start_flag                        0x20002ab0   Data           1  main.o(.data)
    cannot_fread_flag                        0x20002ab1   Data           1  main.o(.data)
    cannot_instruct_flag                     0x20002ab2   Data           1  main.o(.data)
    file_close_flag                          0x20002ab3   Data           1  main.o(.data)
    FILE_NAME                                0x20002ab8   Data           4  main.o(.data)
    READ_FILE_NAME                           0x20002abc   Data           4  main.o(.data)
    setedTimeStamp                           0x20002ac0   Data           4  main.o(.data)
    count                                    0x20002ac4   Data           4  main.o(.data)
    switch_pos                               0x20002ac8   Data           4  main.o(.data)
    switch_times                             0x20002acc   Data           4  main.o(.data)
    switch_control                           0x20002ad0   Data           4  main.o(.data)
    READ_FILE_CONTENT                        0x20002ad4   Data           4  main.o(.data)
    last_acu_data                            0x20002ad8   Data           6  main.o(.data)
    file_name_str                            0x20002af8   Data           9  main.o(.data)
    timer_state_change                       0x20002b10   Data           1  board_rtc.o(.data)
    timer_saadc_stop                         0x20002b11   Data           1  board_rtc.o(.data)
    timer_saadc_stop_flag                    0x20002b13   Data           1  board_rtc.o(.data)
    g_timestamp                              0x20002b14   Data           4  board_rtc.o(.data)
    timer_state                              0x20002b18   Data           4  board_rtc.o(.data)
    mp_dfu                                   0x20002c84   Data           4  ble_dfu_unbonded.o(.data)
    SystemCoreClock                          0x20002c88   Data           4  system_nrf52.o(.data)
    __microlib_freelist                      0x20002c8c   Data           4  mvars.o(.data)
    __microlib_freelist_initialised          0x20002c90   Data           4  mvars.o(.data)
    fs_data$$Base                            0x20002c94   Number         0  fds.o(fs_data)
    m_fs                                     0x20002c94   Data          20  fds.o(fs_data)
    fs_data$$Limit                           0x20002ca8   Number         0  fds.o(fs_data)
    read_file_name_str                       0x20002ca8   Data           9  main.o(.bss)
    buff_write                               0x20002cb1   Data          17  main.o(.bss)
    buff                                     0x20002cc2   Data         300  main.o(.bss)
    DataRead                                 0x2000376c   Data          32  main.o(.bss)
    nrf_nvic_state                           0x20003dd4   Data          12  app_util_platform.o(.bss)
    _SEGGER_RTT                              0x200045a4   Data         120  segger_rtt.o(.bss)
    __heap_base                              0x20004870   Data           0  arm_startup_nrf52.o(HEAP)
    __heap_limit                             0x20006870   Data           0  arm_startup_nrf52.o(HEAP)
    __initial_sp                             0x20008870   Data           0  arm_startup_nrf52.o(STACK)



==============================================================================

Memory Map of the image

  Image Entry point : 0x00026201

  Load Region LR_IROM1 (Base: 0x00026000, Size: 0x0000f668, Max: 0x0005a000, ABSOLUTE, COMPRESSED[0x0000f4d8])

    Execution Region ER_IROM1 (Base: 0x00026000, Size: 0x0000f468, Max: 0x0005a000, ABSOLUTE)

    Base Addr    Size         Type   Attr      Idx    E Section Name        Object

    0x00026000   0x00000200   Data   RO         8198    RESET               arm_startup_nrf52.o
    0x00026200   0x00000000   Code   RO         8243  * .ARM.Collect$$$$00000000  mc_w.l(entry.o)
    0x00026200   0x00000004   Code   RO         8323    .ARM.Collect$$$$00000001  mc_w.l(entry2.o)
    0x00026204   0x00000004   Code   RO         8326    .ARM.Collect$$$$00000004  mc_w.l(entry5.o)
    0x00026208   0x00000000   Code   RO         8328    .ARM.Collect$$$$00000008  mc_w.l(entry7b.o)
    0x00026208   0x00000000   Code   RO         8330    .ARM.Collect$$$$0000000A  mc_w.l(entry8b.o)
    0x00026208   0x00000008   Code   RO         8331    .ARM.Collect$$$$0000000B  mc_w.l(entry9a.o)
    0x00026210   0x00000000   Code   RO         8333    .ARM.Collect$$$$0000000D  mc_w.l(entry10a.o)
    0x00026210   0x00000000   Code   RO         8335    .ARM.Collect$$$$0000000F  mc_w.l(entry11a.o)
    0x00026210   0x00000004   Code   RO         8324    .ARM.Collect$$$$00002712  mc_w.l(entry2.o)
    0x00026214   0x0000001a   Code   RO         4796    .emb_text           app_error_handler_keil.o
    0x0002622e   0x00000002   PAD
    0x00026230   0x000000c8   Code   RO         5188    .emb_text           nrf_atfifo.o
    0x000262f8   0x000000e2   Code   RO         5327    .emb_text           nrf_atomic.o
    0x000263da   0x00000002   PAD
    0x000263dc   0x00000024   Code   RO         8199    .text               arm_startup_nrf52.o
    0x00026400   0x0000001e   Code   RO         8251    .text               mc_w.l(llshl.o)
    0x0002641e   0x00000002   PAD
    0x00026420   0x00000008   Code   RO         8253    .text               mc_w.l(ctype_o.o)
    0x00026428   0x00000024   Code   RO         8281    .text               mc_w.l(memcpya.o)
    0x0002644c   0x00000024   Code   RO         8283    .text               mc_w.l(memseta.o)
    0x00026470   0x0000000e   Code   RO         8285    .text               mc_w.l(strlen.o)
    0x0002647e   0x0000001a   Code   RO         8289    .text               mc_w.l(memcmp.o)
    0x00026498   0x00000012   Code   RO         8291    .text               mc_w.l(strcpy.o)
    0x000264aa   0x00000002   PAD
    0x000264ac   0x00000024   Code   RO         8341    .text               mc_w.l(init.o)
    0x000264d0   0x00000056   Code   RO         8351    .text               mc_w.l(__dczerorl2.o)
    0x00026526   0x00000002   PAD
    0x00026528   0x00000164   Code   RO         3340    i.GPIOTE_IRQHandler  nrfx_gpiote.o
    0x0002668c   0x00000016   Code   RO         4908    i.NVIC_ClearPendingIRQ  app_timer.o
    0x000266a2   0x00000016   Code   RO         4909    i.NVIC_EnableIRQ    app_timer.o
    0x000266b8   0x00000016   Code   RO         4910    i.NVIC_SetPendingIRQ  app_timer.o
    0x000266ce   0x00000020   Code   RO         4911    i.NVIC_SetPriority  app_timer.o
    0x000266ee   0x00000002   PAD
    0x000266f0   0x00000058   Code   RO         3205    i.POWER_CLOCK_IRQHandler  nrfx_clock.o
    0x00026748   0x00000024   Code   RO         4912    i.RTC1_IRQHandler   app_timer.o
    0x0002676c   0x00000010   Code   RO         4569    i.RTC2_IRQHandler   nrfx_rtc.o
    0x0002677c   0x00000024   Code   RO          575    i.RTC_Disable       board_rtc.o
    0x000267a0   0x00000024   Code   RO          576    i.RTC_Enable        board_rtc.o
    0x000267c4   0x0000000c   Code   RO          577    i.RTC_GetTime       board_rtc.o
    0x000267d0   0x00000070   Code   RO          578    i.RTC_Init          board_rtc.o
    0x00026840   0x00000148   Code   RO         4179    i.SAADC_IRQHandler  nrfx_saadc.o
    0x00026988   0x00000004   Code   RO         7114    i.SEGGER_RTT_Init   segger_rtt.o
    0x0002698c   0x0000005c   Code   RO         7128    i.SEGGER_RTT_WriteNoLock  segger_rtt.o
    0x000269e8   0x00000054   Code   RO         4452    i.SPIM0_SPIS0_TWIM0_TWIS0_SPI0_TWI0_IRQHandler  nrfx_spim.o
    0x00026a3c   0x00000004   Code   RO         4913    i.SWI0_EGU0_IRQHandler  app_timer.o
    0x00026a40   0x00000004   Code   RO         7462    i.SWI2_EGU2_IRQHandler  nrf_sdh.o
    0x00026a44   0x0000031c   Code   RO         8207    i.SystemInit        system_nrf52.o
    0x00026d60   0x00000014   Code   RO         4039    i.TIMER1_IRQHandler  nrfx_timer.o
    0x00026d74   0x00000014   Code   RO         4040    i.TIMER2_IRQHandler  nrfx_timer.o
    0x00026d88   0x0000000c   Code   RO         3639    i.UARTE0_UART0_IRQHandler  nrfx_prs.o
    0x00026d94   0x00000068   Code   RO         7132    i._DoInit           segger_rtt.o
    0x00026dfc   0x00000016   Code   RO         7133    i._GetAvailWriteSpace  segger_rtt.o
    0x00026e12   0x0000005a   Code   RO         7135    i._WriteBlocking    segger_rtt.o
    0x00026e6c   0x00000042   Code   RO         7136    i._WriteNoCheck     segger_rtt.o
    0x00026eae   0x0000000e   Code   RO         8345    i.__scatterload_copy  mc_w.l(handlers.o)
    0x00026ebc   0x00000002   Code   RO         8346    i.__scatterload_null  mc_w.l(handlers.o)
    0x00026ebe   0x0000000e   Code   RO         8347    i.__scatterload_zeroinit  mc_w.l(handlers.o)
    0x00026ecc   0x00000024   Code   RO         7463    i.__sd_nvic_app_accessible_irq  nrf_sdh.o
    0x00026ef0   0x00000026   Code   RO         1690    i.addr_compare      id_manager.o
    0x00026f16   0x0000000c   Code   RO         6311    i.addr_is_aligned32  nrf_fstorage.o
    0x00026f22   0x00000018   Code   RO         6312    i.addr_is_within_bounds  nrf_fstorage.o
    0x00026f3a   0x00000002   PAD
    0x00026f3c   0x000000c8   Code   RO            4    i.advertising_init  main.o
    0x00027004   0x00000070   Code   RO            5    i.advertising_start  main.o
    0x00027074   0x00000052   Code   RO         1691    i.ah                id_manager.o
    0x000270c6   0x00000002   PAD
    0x000270c8   0x0000000c   Code   RO         2643    i.allow_repairing   security_dispatcher.o
    0x000270d4   0x00000030   Code   RO         4687    i.app_button_disable  app_button.o
    0x00027104   0x00000024   Code   RO         4688    i.app_button_enable  app_button.o
    0x00027128   0x00000078   Code   RO         4689    i.app_button_init   app_button.o
    0x000271a0   0x00000164   Code   RO         4818    i.app_error_fault_handler  app_error_weak.o
    0x00027304   0x00000064   Code   RO         4759    i.app_error_save_and_stop  app_error.o
    0x00027368   0x0000009c   Code   RO         6398    i.app_sdc_block_read  app_sdcard.o
    0x00027404   0x000000bc   Code   RO         6399    i.app_sdc_block_write  app_sdcard.o
    0x000274c0   0x0000001c   Code   RO         6400    i.app_sdc_busy_check  app_sdcard.o
    0x000274dc   0x00000018   Code   RO         6401    i.app_sdc_info_get  app_sdcard.o
    0x000274f4   0x00000110   Code   RO         6402    i.app_sdc_init      app_sdcard.o
    0x00027604   0x00000048   Code   RO         6403    i.app_sdc_uninit    app_sdcard.o
    0x0002764c   0x00000090   Code   RO            6    i.app_shutdown_handler  main.o
    0x000276dc   0x00000024   Code   RO         4916    i.app_timer_create  app_timer.o
    0x00027700   0x00000054   Code   RO         4917    i.app_timer_init    app_timer.o
    0x00027754   0x00000088   Code   RO         4920    i.app_timer_start   app_timer.o
    0x000277dc   0x00000020   Code   RO         4921    i.app_timer_stop    app_timer.o
    0x000277fc   0x00000048   Code   RO         5075    i.app_util_critical_region_enter  app_util_platform.o
    0x00027844   0x00000034   Code   RO         5076    i.app_util_critical_region_exit  app_util_platform.o
    0x00027878   0x00000004   Code   RO         1437    i.apply_pending_handle  gatt_cache_manager.o
    0x0002787c   0x00000180   Code   RO         2644    i.auth_status_success_process  security_dispatcher.o
    0x000279fc   0x00000182   Code   RO          860    i.ble_advdata_encode  ble_advdata.o
    0x00027b7e   0x00000002   PAD
    0x00027b80   0x00000068   Code   RO          988    i.ble_conn_params_init  ble_conn_params.o
    0x00027be8   0x00000020   Code   RO         1073    i.ble_conn_state_encrypted  ble_conn_state.o
    0x00027c08   0x0000002c   Code   RO         1075    i.ble_conn_state_for_each_set_user_flag  ble_conn_state.o
    0x00027c34   0x00000024   Code   RO         1080    i.ble_conn_state_role  ble_conn_state.o
    0x00027c58   0x00000018   Code   RO         1082    i.ble_conn_state_user_flag_acquire  ble_conn_state.o
    0x00027c70   0x00000030   Code   RO         1083    i.ble_conn_state_user_flag_get  ble_conn_state.o
    0x00027ca0   0x00000040   Code   RO         1084    i.ble_conn_state_user_flag_set  ble_conn_state.o
    0x00027ce0   0x00000014   Code   RO         1085    i.ble_conn_state_valid  ble_conn_state.o
    0x00027cf4   0x00000060   Code   RO          866    i.ble_device_addr_encode  ble_advdata.o
    0x00027d54   0x00000024   Code   RO         8109    i.ble_dfu_buttonless_async_svci_init  ble_dfu_unbonded.o
    0x00027d78   0x00000014   Code   RO         8110    i.ble_dfu_buttonless_backend_init  ble_dfu_unbonded.o
    0x00027d8c   0x0000002c   Code   RO         8014    i.ble_dfu_buttonless_bootloader_start_finalize  ble_dfu.o
    0x00027db8   0x00000018   Code   RO         8111    i.ble_dfu_buttonless_bootloader_start_prepare  ble_dfu_unbonded.o
    0x00027dd0   0x00000050   Code   RO         8112    i.ble_dfu_buttonless_char_add  ble_dfu_unbonded.o
    0x00027e20   0x00000070   Code   RO         8015    i.ble_dfu_buttonless_init  ble_dfu.o
    0x00027e90   0x000000bc   Code   RO         8016    i.ble_dfu_buttonless_on_ble_evt  ble_dfu.o
    0x00027f4c   0x000000dc   Code   RO         8113    i.ble_dfu_buttonless_on_ctrl_pt_write  ble_dfu_unbonded.o
    0x00028028   0x00000060   Code   RO         8114    i.ble_dfu_buttonless_on_sys_evt  ble_dfu_unbonded.o
    0x00028088   0x00000054   Code   RO         8017    i.ble_dfu_buttonless_resp_send  ble_dfu.o
    0x000280dc   0x00000138   Code   RO            8    i.ble_dfu_evt_handler  main.o
    0x00028214   0x0000015c   Code   RO            9    i.ble_evt_handler   main.o
    0x00028370   0x000000fc   Code   RO          990    i.ble_evt_handler   ble_conn_params.o
    0x0002846c   0x00000144   Code   RO         1086    i.ble_evt_handler   ble_conn_state.o
    0x000285b0   0x00000028   Code   RO         2205    i.ble_evt_handler   peer_manager.o
    0x000285d8   0x000000d0   Code   RO         2952    i.ble_lbs_init      ble_lbs.o
    0x000286a8   0x00000044   Code   RO         2954    i.ble_lbs_on_ble_evt  ble_lbs.o
    0x000286ec   0x0000003e   Code   RO         2956    i.ble_lbs_on_button_change1  ble_lbs.o
    0x0002872a   0x00000008   Code   RO         1230    i.ble_srv_is_indication_enabled  ble_srv_common.o
    0x00028732   0x00000008   Code   RO         1231    i.ble_srv_is_notification_enabled  ble_srv_common.o
    0x0002873a   0x00000002   PAD
    0x0002873c   0x00000044   Code   RO           10    i.ble_stack_init    main.o
    0x00028780   0x0000002c   Code   RO         7672    i.block_dev_handler  diskio_blkdev.o
    0x000287ac   0x00000004   Code   RO         6535    i.block_dev_sdc_geometry  nrf_block_dev_sdc.o
    0x000287b0   0x00000074   Code   RO         6536    i.block_dev_sdc_init  nrf_block_dev_sdc.o
    0x00028824   0x00000020   Code   RO         6537    i.block_dev_sdc_ioctl  nrf_block_dev_sdc.o
    0x00028844   0x0000007c   Code   RO         6538    i.block_dev_sdc_read_req  nrf_block_dev_sdc.o
    0x000288c0   0x00000054   Code   RO         6539    i.block_dev_sdc_uninit  nrf_block_dev_sdc.o
    0x00028914   0x0000007c   Code   RO         6540    i.block_dev_sdc_write_req  nrf_block_dev_sdc.o
    0x00028990   0x00000054   Code   RO          694    i.bsp_board_init    boards.o
    0x000289e4   0x00000010   Code   RO          697    i.bsp_board_led_off  boards.o
    0x000289f4   0x00000010   Code   RO          698    i.bsp_board_led_on  boards.o
    0x00028a04   0x00000012   Code   RO          700    i.bsp_board_leds_off  boards.o
    0x00028a16   0x00000002   PAD
    0x00028a18   0x00000090   Code   RO         6869    i.buf_prealloc      nrf_log_frontend.o
    0x00028aa8   0x0000001e   Code   RO         5539    i.buffer_add        nrf_fprintf_format.o
    0x00028ac6   0x00000002   PAD
    0x00028ac8   0x00000014   Code   RO         6870    i.buffer_is_empty   nrf_log_frontend.o
    0x00028adc   0x00000080   Code   RO           11    i.button_event_handler  main.o
    0x00028b5c   0x00000028   Code   RO         1438    i.car_update_needed  gatt_cache_manager.o
    0x00028b84   0x00000028   Code   RO         1439    i.car_update_pending_handle  gatt_cache_manager.o
    0x00028bac   0x0000001c   Code   RO         3341    i.channel_free      nrfx_gpiote.o
    0x00028bc8   0x00000048   Code   RO         3342    i.channel_port_alloc  nrfx_gpiote.o
    0x00028c10   0x00000010   Code   RO         3343    i.channel_port_get  nrfx_gpiote.o
    0x00028c20   0x00000190   Code   RO         1233    i.characteristic_add  ble_srv_common.o
    0x00028db0   0x00000070   Code   RO         7752    i.check_fs          ff.o
    0x00028e20   0x0000003e   Code   RO         2115    i.claim             peer_id.o
    0x00028e5e   0x00000002   PAD
    0x00028e60   0x00000028   Code   RO         3004    i.clock_clk_started_notify  nrf_drv_clock.o
    0x00028e88   0x0000001c   Code   RO         3005    i.clock_irq_handler  nrf_drv_clock.o
    0x00028ea4   0x00000018   Code   RO         7753    i.clust2sect        ff.o
    0x00028ebc   0x000000ac   Code   RO         4923    i.compare_reg_update  app_timer.o
    0x00028f68   0x0000003e   Code   RO         1087    i.conn_handle_list_get  ble_conn_state.o
    0x00028fa6   0x00000088   Code   RO          867    i.conn_int_encode   ble_advdata.o
    0x0002902e   0x00000002   PAD
    0x00029030   0x0000001c   Code   RO           12    i.conn_params_error_handler  main.o
    0x0002904c   0x00000048   Code   RO          991    i.conn_params_negotiation  ble_conn_params.o
    0x00029094   0x00000044   Code   RO         2645    i.conn_sec_failure  security_dispatcher.o
    0x000290d8   0x000000a4   Code   RO         7754    i.create_chain      ff.o
    0x0002917c   0x000000e4   Code   RO         7755    i.create_name       ff.o
    0x00029260   0x000000c0   Code   RO         1291    i.data_length_update  nrf_ble_gatt.o
    0x00029320   0x00000030   Code   RO         1440    i.db_update_pending_handle  gatt_cache_manager.o
    0x00029350   0x00000004   Code   RO         7673    i.default_wait_func  diskio_blkdev.o
    0x00029354   0x00000080   Code   RO         5949    i.delete_execute    fds.o
    0x000293d4   0x00000098   Code   RO         4691    i.detection_delay_timeout_handler  app_button.o
    0x0002946c   0x00000064   Code   RO         7756    i.dir_find          ff.o
    0x000294d0   0x000000f4   Code   RO         7757    i.dir_next          ff.o
    0x000295c4   0x00000060   Code   RO         7758    i.dir_read          ff.o
    0x00029624   0x00000066   Code   RO         7759    i.dir_register      ff.o
    0x0002968a   0x00000082   Code   RO         7761    i.dir_sdi           ff.o
    0x0002970c   0x00000080   Code   RO         7674    i.disk_initialize   diskio_blkdev.o
    0x0002978c   0x0000007c   Code   RO         7675    i.disk_ioctl        diskio_blkdev.o
    0x00029808   0x0000007c   Code   RO         7676    i.disk_read         diskio_blkdev.o
    0x00029884   0x00000020   Code   RO         7677    i.disk_status       diskio_blkdev.o
    0x000298a4   0x00000070   Code   RO         7678    i.disk_uninitialize  diskio_blkdev.o
    0x00029914   0x00000088   Code   RO         7679    i.disk_write        diskio_blkdev.o
    0x0002999c   0x0000000c   Code   RO         7680    i.diskio_blockdev_register  diskio_blkdev.o
    0x000299a8   0x00000014   Code   RO         6871    i.dropped_sat16_get  nrf_log_frontend.o
    0x000299bc   0x00000002   Code   RO         8018    i.dummy_evt_handler  ble_dfu.o
    0x000299be   0x00000002   PAD
    0x000299c0   0x00000040   Code   RO         4924    i.elapsed_ticks_acquire  app_timer.o
    0x00029a00   0x0000000a   Code   RO         2646    i.encryption_failure  security_dispatcher.o
    0x00029a0a   0x00000002   PAD
    0x00029a0c   0x0000004c   Code   RO         6600    i.erase             nrf_fstorage_sd.o
    0x00029a58   0x00000074   Code   RO         5950    i.event_prepare     fds.o
    0x00029acc   0x00000020   Code   RO         5951    i.event_send        fds.o
    0x00029aec   0x00000054   Code   RO         6601    i.event_send        nrf_fstorage_sd.o
    0x00029b40   0x000000ac   Code   RO         2799    i.events_send_from_err_code  security_manager.o
    0x00029bec   0x0000001c   Code   RO         1441    i.evt_send          gatt_cache_manager.o
    0x00029c08   0x0000002c   Code   RO         2206    i.evt_send          peer_manager.o
    0x00029c34   0x0000001c   Code   RO         2647    i.evt_send          security_dispatcher.o
    0x00029c50   0x0000000c   Code   RO         2800    i.evt_send          security_manager.o
    0x00029c5c   0x0000001e   Code   RO         7762    i.f_close           ff.o
    0x00029c7a   0x00000002   PAD
    0x00029c7c   0x0000004c   Code   RO         7768    i.f_mount           ff.o
    0x00029cc8   0x000001b4   Code   RO         7769    i.f_open            ff.o
    0x00029e7c   0x00000062   Code   RO         7770    i.f_opendir         ff.o
    0x00029ede   0x00000144   Code   RO         7771    i.f_read            ff.o
    0x0002a022   0x00000040   Code   RO         7772    i.f_readdir         ff.o
    0x0002a062   0x00000002   PAD
    0x0002a064   0x00000090   Code   RO         7775    i.f_sync            ff.o
    0x0002a0f4   0x0000017e   Code   RO         7778    i.f_write           ff.o
    0x0002a272   0x00000002   PAD
    0x0002a274   0x00000160   Code   RO           13    i.fatfs_disk_init_uninit  main.o
    0x0002a3d4   0x0000034c   Code   RO           14    i.fatfs_file_read   main.o
    0x0002a720   0x00000350   Code   RO           15    i.fatfs_file_write  main.o
    0x0002aa70   0x000000ec   Code   RO         1856    i.fds_evt_handler   peer_data_storage.o
    0x0002ab5c   0x00000044   Code   RO         5953    i.fds_file_delete   fds.o
    0x0002aba0   0x0000003c   Code   RO         5954    i.fds_gc            fds.o
    0x0002abdc   0x000000d0   Code   RO         5955    i.fds_init          fds.o
    0x0002acac   0x00000040   Code   RO         5956    i.fds_record_close  fds.o
    0x0002acec   0x0000000e   Code   RO         5958    i.fds_record_find   fds.o
    0x0002acfa   0x00000010   Code   RO         5959    i.fds_record_find_by_key  fds.o
    0x0002ad0a   0x00000010   Code   RO         5960    i.fds_record_find_in_file  fds.o
    0x0002ad1a   0x00000010   Code   RO         5961    i.fds_record_id_from_desc  fds.o
    0x0002ad2a   0x00000002   PAD
    0x0002ad2c   0x00000048   Code   RO         5963    i.fds_record_open   fds.o
    0x0002ad74   0x0000000e   Code   RO         5964    i.fds_record_update  fds.o
    0x0002ad82   0x00000008   Code   RO         5965    i.fds_record_write  fds.o
    0x0002ad8a   0x00000002   PAD
    0x0002ad8c   0x0000002c   Code   RO         5967    i.fds_register      fds.o
    0x0002adb8   0x00000014   Code   RO         1857    i.file_id_within_pm_range  peer_data_storage.o
    0x0002adcc   0x0000024c   Code   RO         7779    i.find_volume       ff.o
    0x0002b018   0x00000012   Code   RO         2648    i.flag_id_init      security_dispatcher.o
    0x0002b02a   0x00000012   Code   RO         2801    i.flag_id_init      security_manager.o
    0x0002b03c   0x00000030   Code   RO         2802    i.flags_set_from_err_code  security_manager.o
    0x0002b06c   0x00000074   Code   RO         7780    i.follow_path       ff.o
    0x0002b0e0   0x00000030   Code   RO         1088    i.for_each_set_flag  ble_conn_state.o
    0x0002b110   0x00000050   Code   RO         8295    i.free              mc_w.l(malloc.o)
    0x0002b160   0x00000006   Code   RO         5971    i.fs_event_handler  fds.o
    0x0002b166   0x00000002   PAD
    0x0002b168   0x0000006c   Code   RO           16    i.gap_params_init   main.o
    0x0002b1d4   0x00000074   Code   RO         5972    i.gc_execute        fds.o
    0x0002b248   0x0000004c   Code   RO         5973    i.gc_next_page      fds.o
    0x0002b294   0x00000040   Code   RO         5974    i.gc_page_erase     fds.o
    0x0002b2d4   0x00000034   Code   RO         5975    i.gc_record_copy    fds.o
    0x0002b308   0x00000024   Code   RO         5976    i.gc_record_find_next  fds.o
    0x0002b32c   0x00000088   Code   RO         5977    i.gc_state_advance  fds.o
    0x0002b3b4   0x000001b8   Code   RO         1442    i.gcm_ble_evt_handler  gatt_cache_manager.o
    0x0002b56c   0x0000003c   Code   RO         1443    i.gcm_im_evt_handler  gatt_cache_manager.o
    0x0002b5a8   0x0000007c   Code   RO         1444    i.gcm_init          gatt_cache_manager.o
    0x0002b624   0x00000088   Code   RO         1447    i.gcm_pdb_evt_handler  gatt_cache_manager.o
    0x0002b6ac   0x000000be   Code   RO         7781    i.get_fat           ff.o
    0x0002b76a   0x00000062   Code   RO         7782    i.get_fileinfo      ff.o
    0x0002b7cc   0x0000003c   Code   RO         7783    i.get_ldnumber      ff.o
    0x0002b808   0x00000084   Code   RO         4692    i.gpiote_event_handler  app_button.o
    0x0002b88c   0x0000001c   Code   RO         1600    i.gscm_db_change_notification_done  gatts_cache_manager.o
    0x0002b8a8   0x00000014   Code   RO         1601    i.gscm_init         gatts_cache_manager.o
    0x0002b8bc   0x00000090   Code   RO         1603    i.gscm_local_db_cache_apply  gatts_cache_manager.o
    0x0002b94c   0x000000ac   Code   RO         1604    i.gscm_local_db_cache_update  gatts_cache_manager.o
    0x0002b9f8   0x00000018   Code   RO         1605    i.gscm_pdb_evt_handler  gatts_cache_manager.o
    0x0002ba10   0x0000001e   Code   RO         1606    i.gscm_service_changed_ind_needed  gatts_cache_manager.o
    0x0002ba2e   0x00000002   PAD
    0x0002ba30   0x0000005c   Code   RO         1607    i.gscm_service_changed_ind_send  gatts_cache_manager.o
    0x0002ba8c   0x00000026   Code   RO         5978    i.header_check      fds.o
    0x0002bab2   0x00000012   Code   RO         5979    i.header_has_next   fds.o
    0x0002bac4   0x00000046   Code   RO         1692    i.im_address_resolve  id_manager.o
    0x0002bb0a   0x00000002   PAD
    0x0002bb0c   0x00000038   Code   RO         1693    i.im_ble_addr_get   id_manager.o
    0x0002bb44   0x000000dc   Code   RO         1694    i.im_ble_evt_handler  id_manager.o
    0x0002bc20   0x00000040   Code   RO         1695    i.im_conn_handle_get  id_manager.o
    0x0002bc60   0x00000038   Code   RO         1697    i.im_find_duplicate_bonding_data  id_manager.o
    0x0002bc98   0x00000072   Code   RO         1700    i.im_is_duplicate_bonding_data  id_manager.o
    0x0002bd0a   0x00000018   Code   RO         1701    i.im_master_id_is_valid  id_manager.o
    0x0002bd22   0x0000002a   Code   RO         1702    i.im_master_ids_compare  id_manager.o
    0x0002bd4c   0x00000014   Code   RO         1703    i.im_new_peer_id    id_manager.o
    0x0002bd60   0x0000002c   Code   RO         1704    i.im_peer_free      id_manager.o
    0x0002bd8c   0x00000024   Code   RO         1705    i.im_peer_id_get_by_conn_handle  id_manager.o
    0x0002bdb0   0x0000003c   Code   RO         1706    i.im_peer_id_get_by_master_id  id_manager.o
    0x0002bdec   0x00000034   Code   RO         6602    i.init              nrf_fstorage_sd.o
    0x0002be20   0x000000c8   Code   RO         5980    i.init_execute      fds.o
    0x0002bee8   0x00000014   Code   RO          992    i.instance_get      ble_conn_params.o
    0x0002befc   0x000000a6   Code   RO         5540    i.int_print         nrf_fprintf_format.o
    0x0002bfa2   0x00000034   Code   RO         6872    i.invalid_packets_omit  nrf_log_frontend.o
    0x0002bfd6   0x00000002   PAD
    0x0002bfd8   0x00000046   Code   RO         4041    i.irq_handler       nrfx_timer.o
    0x0002c01e   0x00000002   PAD
    0x0002c020   0x000000a0   Code   RO         4570    i.irq_handler       nrfx_rtc.o
    0x0002c0c0   0x00000010   Code   RO         6603    i.is_busy           nrf_fstorage_sd.o
    0x0002c0d0   0x00000044   Code   RO          993    i.is_conn_params_ok  ble_conn_params.o
    0x0002c114   0x00000014   Code   RO         1711    i.is_valid_irk      id_manager.o
    0x0002c128   0x0000000c   Code   RO         5981    i.is_word_aligned   fds.o
    0x0002c134   0x00000026   Code   RO         7784    i.ld_clust          ff.o
    0x0002c15a   0x00000016   Code   RO         7785    i.ld_dword          ff.o
    0x0002c170   0x0000000a   Code   RO         7786    i.ld_word           ff.o
    0x0002c17a   0x00000002   PAD
    0x0002c17c   0x00000060   Code   RO           17    i.led_write_handler  main.o
    0x0002c1dc   0x00000018   Code   RO         1292    i.link_init         nrf_ble_gatt.o
    0x0002c1f4   0x000000d0   Code   RO         2803    i.link_secure       security_manager.o
    0x0002c2c4   0x0000000a   Code   RO         2649    i.link_secure_authenticate  security_dispatcher.o
    0x0002c2ce   0x00000002   PAD
    0x0002c2d0   0x00000068   Code   RO         2650    i.link_secure_central  security_dispatcher.o
    0x0002c338   0x00000094   Code   RO         2651    i.link_secure_central_encryption  security_dispatcher.o
    0x0002c3cc   0x0000003c   Code   RO         2652    i.link_secure_failure  security_dispatcher.o
    0x0002c408   0x0000002c   Code   RO         2804    i.link_secure_pending_handle  security_manager.o
    0x0002c434   0x000000f8   Code   RO         4925    i.list_insertions_handler  app_timer.o
    0x0002c52c   0x000000a8   Code   RO         1448    i.local_db_apply_in_evt  gatt_cache_manager.o
    0x0002c5d4   0x00000010   Code   RO         1449    i.local_db_update   gatt_cache_manager.o
    0x0002c5e4   0x0000010c   Code   RO         1450    i.local_db_update_in_evt  gatt_cache_manager.o
    0x0002c6f0   0x0000009c   Code   RO         6873    i.log_skip          nrf_log_frontend.o
    0x0002c78c   0x00000330   Code   RO           18    i.main              main.o
    0x0002cabc   0x0000006c   Code   RO         8296    i.malloc            mc_w.l(malloc.o)
    0x0002cb28   0x00000064   Code   RO          868    i.manuf_specific_data_encode  ble_advdata.o
    0x0002cb8c   0x00000012   Code   RO         7787    i.mem_cpy           ff.o
    0x0002cb9e   0x00000002   PAD
    0x0002cba0   0x0000000e   Code   RO         7788    i.mem_set           ff.o
    0x0002cbae   0x0000007e   Code   RO         5579    i.memobj_op         nrf_memobj.o
    0x0002cc2c   0x00000030   Code   RO         6874    i.module_idx_get    nrf_log_frontend.o
    0x0002cc5c   0x00000032   Code   RO         7789    i.move_window       ff.o
    0x0002cc8e   0x00000008   Code   RO         2596    i.mutex_lock_status_get  pm_buffer.o
    0x0002cc96   0x00000002   PAD
    0x0002cc98   0x0000006c   Code   RO           19    i.nToHexstr         main.o
    0x0002cd04   0x000000a6   Code   RO          869    i.name_encode       ble_advdata.o
    0x0002cdaa   0x00000002   PAD
    0x0002cdac   0x00000014   Code   RO         2805    i.new_context_get   security_manager.o
    0x0002cdc0   0x00000030   Code   RO         2116    i.next_id_get       peer_id.o
    0x0002cdf0   0x00000010   Code   RO         5190    i.nrf_atfifo_clear  nrf_atfifo.o
    0x0002ce00   0x00000026   Code   RO         5192    i.nrf_atfifo_init   nrf_atfifo.o
    0x0002ce26   0x00000016   Code   RO         5193    i.nrf_atfifo_item_alloc  nrf_atfifo.o
    0x0002ce3c   0x00000016   Code   RO         5194    i.nrf_atfifo_item_free  nrf_atfifo.o
    0x0002ce52   0x00000016   Code   RO         5195    i.nrf_atfifo_item_get  nrf_atfifo.o
    0x0002ce68   0x00000016   Code   RO         5196    i.nrf_atfifo_item_put  nrf_atfifo.o
    0x0002ce7e   0x00000016   Code   RO         5261    i.nrf_atflags_clear  nrf_atflags.o
    0x0002ce94   0x00000020   Code   RO         5263    i.nrf_atflags_fetch_set  nrf_atflags.o
    0x0002ceb4   0x0000004a   Code   RO         5265    i.nrf_atflags_find_and_set_flag  nrf_atflags.o
    0x0002cefe   0x00000016   Code   RO         5266    i.nrf_atflags_get   nrf_atflags.o
    0x0002cf14   0x00000014   Code   RO         5268    i.nrf_atflags_set   nrf_atflags.o
    0x0002cf28   0x00000006   Code   RO         5329    i.nrf_atomic_flag_clear_fetch  nrf_atomic.o
    0x0002cf2e   0x00000006   Code   RO         5330    i.nrf_atomic_flag_set  nrf_atomic.o
    0x0002cf34   0x00000006   Code   RO         5331    i.nrf_atomic_flag_set_fetch  nrf_atomic.o
    0x0002cf3a   0x0000000c   Code   RO         5332    i.nrf_atomic_u32_add  nrf_atomic.o
    0x0002cf46   0x0000000c   Code   RO         5333    i.nrf_atomic_u32_and  nrf_atomic.o
    0x0002cf52   0x0000000a   Code   RO         5335    i.nrf_atomic_u32_fetch_add  nrf_atomic.o
    0x0002cf5c   0x0000000a   Code   RO         5336    i.nrf_atomic_u32_fetch_and  nrf_atomic.o
    0x0002cf66   0x0000000a   Code   RO         5337    i.nrf_atomic_u32_fetch_or  nrf_atomic.o
    0x0002cf70   0x0000000a   Code   RO         5338    i.nrf_atomic_u32_fetch_store  nrf_atomic.o
    0x0002cf7a   0x0000000c   Code   RO         5342    i.nrf_atomic_u32_or  nrf_atomic.o
    0x0002cf86   0x0000000c   Code   RO         5344    i.nrf_atomic_u32_sub  nrf_atomic.o
    0x0002cf92   0x00000044   Code   RO         5463    i.nrf_balloc_alloc  nrf_balloc.o
    0x0002cfd6   0x00000030   Code   RO         5464    i.nrf_balloc_free   nrf_balloc.o
    0x0002d006   0x00000030   Code   RO         5465    i.nrf_balloc_init   nrf_balloc.o
    0x0002d036   0x00000010   Code   RO         3344    i.nrf_bitmask_bit_is_set  nrfx_gpiote.o
    0x0002d046   0x00000014   Code   RO         3345    i.nrf_bitmask_bit_set  nrfx_gpiote.o
    0x0002d05a   0x00000022   Code   RO         1298    i.nrf_ble_gatt_init  nrf_ble_gatt.o
    0x0002d07c   0x00000150   Code   RO         1299    i.nrf_ble_gatt_on_ble_evt  nrf_ble_gatt.o
    0x0002d1cc   0x00000016   Code   RO         1393    i.nrf_ble_qwr_conn_handle_assign  nrf_ble_qwr.o
    0x0002d1e2   0x00000024   Code   RO         1394    i.nrf_ble_qwr_init  nrf_ble_qwr.o
    0x0002d206   0x000000b6   Code   RO         1395    i.nrf_ble_qwr_on_ble_evt  nrf_ble_qwr.o
    0x0002d2bc   0x00000006   Code   RO         7681    i.nrf_blk_dev_ioctl  diskio_blkdev.o
    0x0002d2c2   0x0000000e   Code   RO         3206    i.nrf_clock_event_check  nrfx_clock.o
    0x0002d2d0   0x00000010   Code   RO         3207    i.nrf_clock_event_clear  nrfx_clock.o
    0x0002d2e0   0x000000cc   Code   RO         8169    i.nrf_dfu_svci_vector_table_set  nrf_dfu_svci.o
    0x0002d3ac   0x000000a0   Code   RO         8170    i.nrf_dfu_svci_vector_table_unset  nrf_dfu_svci.o
    0x0002d44c   0x00000038   Code   RO         3012    i.nrf_drv_clock_init  nrf_drv_clock.o
    0x0002d484   0x00000030   Code   RO         3016    i.nrf_drv_clock_lfclk_release  nrf_drv_clock.o
    0x0002d4b4   0x00000070   Code   RO         4390    i.nrf_drv_spi_init  nrf_drv_spi.o
    0x0002d524   0x00000016   Code   RO         6404    i.nrf_drv_spi_transfer  app_sdcard.o
    0x0002d53a   0x0000001a   Code   RO         5500    i.nrf_fprintf       nrf_fprintf.o
    0x0002d554   0x00000018   Code   RO         5501    i.nrf_fprintf_buffer_flush  nrf_fprintf.o
    0x0002d56c   0x000001da   Code   RO         5541    i.nrf_fprintf_fmt   nrf_fprintf_format.o
    0x0002d746   0x00000002   PAD
    0x0002d748   0x00000138   Code   RO         6313    i.nrf_fstorage_erase  nrf_fstorage.o
    0x0002d880   0x00000094   Code   RO         6314    i.nrf_fstorage_init  nrf_fstorage.o
    0x0002d914   0x00000018   Code   RO         6604    i.nrf_fstorage_sdh_req_handler  nrf_fstorage_sd.o
    0x0002d92c   0x00000020   Code   RO         6605    i.nrf_fstorage_sdh_state_handler  nrf_fstorage_sd.o
    0x0002d94c   0x000000a4   Code   RO         6606    i.nrf_fstorage_sys_evt_handler  nrf_fstorage_sd.o
    0x0002d9f0   0x000001dc   Code   RO         6320    i.nrf_fstorage_write  nrf_fstorage.o
    0x0002dbcc   0x00000024   Code   RO          704    i.nrf_gpio_cfg      boards.o
    0x0002dbf0   0x00000024   Code   RO         3346    i.nrf_gpio_cfg      nrfx_gpiote.o
    0x0002dc14   0x00000024   Code   RO         4453    i.nrf_gpio_cfg      nrfx_spim.o
    0x0002dc38   0x00000024   Code   RO         6405    i.nrf_gpio_cfg      app_sdcard.o
    0x0002dc5c   0x00000010   Code   RO           20    i.nrf_gpio_cfg_output  main.o
    0x0002dc6c   0x00000014   Code   RO         4454    i.nrf_gpio_cfg_output  nrfx_spim.o
    0x0002dc80   0x00000022   Code   RO         3348    i.nrf_gpio_cfg_sense_set  nrfx_gpiote.o
    0x0002dca2   0x0000000e   Code   RO           21    i.nrf_gpio_pin_clear  main.o
    0x0002dcb0   0x0000000e   Code   RO         4455    i.nrf_gpio_pin_clear  nrfx_spim.o
    0x0002dcbe   0x0000000e   Code   RO           22    i.nrf_gpio_pin_set  main.o
    0x0002dccc   0x0000000e   Code   RO         4456    i.nrf_gpio_pin_set  nrfx_spim.o
    0x0002dcda   0x0000000e   Code   RO         6406    i.nrf_gpio_pin_set  app_sdcard.o
    0x0002dce8   0x00000016   Code   RO          705    i.nrf_gpio_pin_write  boards.o
    0x0002dcfe   0x00000002   PAD
    0x0002dd00   0x00000028   Code   RO         3349    i.nrf_gpio_ports_read  nrfx_gpiote.o
    0x0002dd28   0x00000014   Code   RO         3350    i.nrf_gpiote_event_clear  nrfx_gpiote.o
    0x0002dd3c   0x00000010   Code   RO         3351    i.nrf_gpiote_event_is_set  nrfx_gpiote.o
    0x0002dd4c   0x0000005c   Code   RO         6875    i.nrf_log_backend_add  nrf_log_frontend.o
    0x0002dda8   0x00000002   Code   RO         6712    i.nrf_log_backend_rtt_flush  nrf_log_backend_rtt.o
    0x0002ddaa   0x00000004   Code   RO         6713    i.nrf_log_backend_rtt_init  nrf_log_backend_rtt.o
    0x0002ddae   0x00000002   Code   RO         6714    i.nrf_log_backend_rtt_panic_set  nrf_log_backend_rtt.o
    0x0002ddb0   0x00000018   Code   RO         6715    i.nrf_log_backend_rtt_put  nrf_log_backend_rtt.o
    0x0002ddc8   0x000000c8   Code   RO         6781    i.nrf_log_backend_serial_put  nrf_log_backend_serial.o
    0x0002de90   0x00000030   Code   RO         6877    i.nrf_log_color_id_get  nrf_log_frontend.o
    0x0002dec0   0x0000001c   Code   RO         6833    i.nrf_log_default_backends_init  nrf_log_default_backends.o
    0x0002dedc   0x00000234   Code   RO         6878    i.nrf_log_frontend_dequeue  nrf_log_frontend.o
    0x0002e110   0x00000008   Code   RO         6880    i.nrf_log_frontend_std_0  nrf_log_frontend.o
    0x0002e118   0x0000000e   Code   RO         6881    i.nrf_log_frontend_std_1  nrf_log_frontend.o
    0x0002e126   0x00000010   Code   RO         6882    i.nrf_log_frontend_std_2  nrf_log_frontend.o
    0x0002e136   0x00000012   Code   RO         6883    i.nrf_log_frontend_std_3  nrf_log_frontend.o
    0x0002e148   0x0000001c   Code   RO         6885    i.nrf_log_frontend_std_5  nrf_log_frontend.o
    0x0002e164   0x000000ac   Code   RO         7055    i.nrf_log_hexdump_entry_process  nrf_log_str_formatter.o
    0x0002e210   0x0000003c   Code   RO         6887    i.nrf_log_init      nrf_log_frontend.o
    0x0002e24c   0x00000014   Code   RO         6888    i.nrf_log_module_cnt_get  nrf_log_frontend.o
    0x0002e260   0x0000001c   Code   RO         6891    i.nrf_log_module_name_get  nrf_log_frontend.o
    0x0002e27c   0x0000002c   Code   RO         6892    i.nrf_log_panic     nrf_log_frontend.o
    0x0002e2a8   0x000000b6   Code   RO         7056    i.nrf_log_std_entry_process  nrf_log_str_formatter.o
    0x0002e35e   0x00000060   Code   RO         5580    i.nrf_memobj_alloc  nrf_memobj.o
    0x0002e3be   0x00000032   Code   RO         5581    i.nrf_memobj_free   nrf_memobj.o
    0x0002e3f0   0x00000008   Code   RO         5582    i.nrf_memobj_get    nrf_memobj.o
    0x0002e3f8   0x00000004   Code   RO         5583    i.nrf_memobj_pool_init  nrf_memobj.o
    0x0002e3fc   0x0000001e   Code   RO         5584    i.nrf_memobj_put    nrf_memobj.o
    0x0002e41a   0x00000010   Code   RO         5585    i.nrf_memobj_read   nrf_memobj.o
    0x0002e42a   0x00000010   Code   RO         5586    i.nrf_memobj_write  nrf_memobj.o
    0x0002e43a   0x00000002   PAD
    0x0002e43c   0x00000028   Code   RO         5658    i.nrf_pwr_mgmt_init  nrf_pwr_mgmt.o
    0x0002e464   0x00000044   Code   RO         5659    i.nrf_pwr_mgmt_run  nrf_pwr_mgmt.o
    0x0002e4a8   0x0000003c   Code   RO         5660    i.nrf_pwr_mgmt_shutdown  nrf_pwr_mgmt.o
    0x0002e4e4   0x0000001c   Code   RO           23    i.nrf_qwr_error_handler  main.o
    0x0002e500   0x0000001c   Code   RO         5732    i.nrf_ringbuf_init  nrf_ringbuf.o
    0x0002e51c   0x0000000c   Code   RO         4571    i.nrf_rtc_event_clear  nrfx_rtc.o
    0x0002e528   0x00000010   Code   RO         4180    i.nrf_saadc_buffer_init  nrfx_saadc.o
    0x0002e538   0x00000014   Code   RO         4181    i.nrf_saadc_channel_input_set  nrfx_saadc.o
    0x0002e54c   0x00000010   Code   RO         4182    i.nrf_saadc_event_check  nrfx_saadc.o
    0x0002e55c   0x00000014   Code   RO         4183    i.nrf_saadc_event_clear  nrfx_saadc.o
    0x0002e570   0x00000014   Code   RO         7583    i.nrf_sdh_ble_app_ram_start_get  nrf_sdh_ble.o
    0x0002e584   0x00000134   Code   RO         7584    i.nrf_sdh_ble_default_cfg_set  nrf_sdh_ble.o
    0x0002e6b8   0x00000130   Code   RO         7585    i.nrf_sdh_ble_enable  nrf_sdh_ble.o
    0x0002e7e8   0x000000a8   Code   RO         7586    i.nrf_sdh_ble_evts_poll  nrf_sdh_ble.o
    0x0002e890   0x00000054   Code   RO         7464    i.nrf_sdh_disable_request  nrf_sdh.o
    0x0002e8e4   0x00000074   Code   RO         7465    i.nrf_sdh_enable_request  nrf_sdh.o
    0x0002e958   0x00000024   Code   RO         7466    i.nrf_sdh_evts_poll  nrf_sdh.o
    0x0002e97c   0x0000000c   Code   RO         7467    i.nrf_sdh_is_enabled  nrf_sdh.o
    0x0002e988   0x0000001c   Code   RO         7469    i.nrf_sdh_request_continue  nrf_sdh.o
    0x0002e9a4   0x00000080   Code   RO         7637    i.nrf_sdh_soc_evts_poll  nrf_sdh_soc.o
    0x0002ea24   0x0000000a   Code   RO         5790    i.nrf_section_iter_init  nrf_section_iter.o
    0x0002ea2e   0x00000024   Code   RO         5791    i.nrf_section_iter_item_set  nrf_section_iter.o
    0x0002ea52   0x00000020   Code   RO         5792    i.nrf_section_iter_next  nrf_section_iter.o
    0x0002ea72   0x0000000a   Code   RO         4457    i.nrf_spim_event_check  nrfx_spim.o
    0x0002ea7c   0x00000038   Code   RO         5825    i.nrf_strerror_find  nrf_strerror.o
    0x0002eab4   0x00000014   Code   RO         5826    i.nrf_strerror_get  nrf_strerror.o
    0x0002eac8   0x0000000c   Code   RO         4042    i.nrf_timer_event_clear  nrfx_timer.o
    0x0002ead4   0x00000030   Code   RO         3212    i.nrfx_clock_enable  nrfx_clock.o
    0x0002eb04   0x00000020   Code   RO         3215    i.nrfx_clock_init   nrfx_clock.o
    0x0002eb24   0x0000001c   Code   RO         3218    i.nrfx_clock_lfclk_stop  nrfx_clock.o
    0x0002eb40   0x00000010   Code   RO           24    i.nrfx_coredep_delay_us  main.o
    0x0002eb50   0x00000010   Code   RO         4185    i.nrfx_coredep_delay_us  nrfx_saadc.o
    0x0002eb60   0x00000010   Code   RO         4926    i.nrfx_coredep_delay_us  app_timer.o
    0x0002eb70   0x00000048   Code   RO         3355    i.nrfx_gpiote_in_event_disable  nrfx_gpiote.o
    0x0002ebb8   0x000000a4   Code   RO         3356    i.nrfx_gpiote_in_event_enable  nrfx_gpiote.o
    0x0002ec5c   0x000000d0   Code   RO         3357    i.nrfx_gpiote_in_init  nrfx_gpiote.o
    0x0002ed2c   0x00000014   Code   RO         3358    i.nrfx_gpiote_in_is_set  nrfx_gpiote.o
    0x0002ed40   0x00000070   Code   RO         3360    i.nrfx_gpiote_init  nrfx_gpiote.o
    0x0002edb0   0x00000014   Code   RO         3361    i.nrfx_gpiote_is_init  nrfx_gpiote.o
    0x0002edc4   0x00000010   Code   RO         4458    i.nrfx_is_in_ram    nrfx_spim.o
    0x0002edd4   0x0000003a   Code   RO         3640    i.nrfx_prs_acquire  nrfx_prs.o
    0x0002ee0e   0x00000012   Code   RO         3641    i.nrfx_prs_release  nrfx_prs.o
    0x0002ee20   0x00000018   Code   RO         4574    i.nrfx_rtc_disable  nrfx_rtc.o
    0x0002ee38   0x00000018   Code   RO         4575    i.nrfx_rtc_enable   nrfx_rtc.o
    0x0002ee50   0x0000008c   Code   RO         4576    i.nrfx_rtc_init     nrfx_rtc.o
    0x0002eedc   0x00000010   Code   RO         4580    i.nrfx_rtc_tick_disable  nrfx_rtc.o
    0x0002eeec   0x00000024   Code   RO         4581    i.nrfx_rtc_tick_enable  nrfx_rtc.o
    0x0002ef10   0x000000ac   Code   RO         4189    i.nrfx_saadc_channel_init  nrfx_saadc.o
    0x0002efbc   0x00000090   Code   RO         4191    i.nrfx_saadc_init   nrfx_saadc.o
    0x0002f04c   0x000000c0   Code   RO         4195    i.nrfx_saadc_sample_convert  nrfx_saadc.o
    0x0002f10c   0x00000178   Code   RO         4461    i.nrfx_spim_init    nrfx_spim.o
    0x0002f284   0x00000088   Code   RO         4463    i.nrfx_spim_uninit  nrfx_spim.o
    0x0002f30c   0x00000064   Code   RO         4464    i.nrfx_spim_xfer    nrfx_spim.o
    0x0002f370   0x0000003a   Code   RO         4045    i.nrfx_timer_compare  nrfx_timer.o
    0x0002f3aa   0x00000002   PAD
    0x0002f3ac   0x0000001c   Code   RO         4048    i.nrfx_timer_disable  nrfx_timer.o
    0x0002f3c8   0x0000001c   Code   RO         4049    i.nrfx_timer_enable  nrfx_timer.o
    0x0002f3e4   0x0000002a   Code   RO         4050    i.nrfx_timer_extended_compare  nrfx_timer.o
    0x0002f40e   0x00000002   PAD
    0x0002f410   0x000000c0   Code   RO         4052    i.nrfx_timer_init   nrfx_timer.o
    0x0002f4d0   0x00000034   Code   RO           25    i.on_conn_params_evt  main.o
    0x0002f504   0x000000a8   Code   RO         1300    i.on_connected_evt  nrf_ble_gatt.o
    0x0002f5ac   0x000000ac   Code   RO         1301    i.on_exchange_mtu_request_evt  nrf_ble_gatt.o
    0x0002f658   0x00000070   Code   RO         8019    i.on_rw_authorize_req  ble_dfu.o
    0x0002f6c8   0x00000024   Code   RO         5982    i.page_identify     fds.o
    0x0002f6ec   0x0000001c   Code   RO         5983    i.page_offsets_update  fds.o
    0x0002f708   0x0000006c   Code   RO         5984    i.page_scan         fds.o
    0x0002f774   0x0000001c   Code   RO         5985    i.page_tag_write_data  fds.o
    0x0002f790   0x00000024   Code   RO         5986    i.page_tag_write_swap  fds.o
    0x0002f7b4   0x0000011c   Code   RO         5987    i.pages_init        fds.o
    0x0002f8d0   0x0000000c   Code   RO         2653    i.pairing           security_dispatcher.o
    0x0002f8dc   0x00000074   Code   RO         2654    i.pairing_failure   security_dispatcher.o
    0x0002f950   0x0000002e   Code   RO         2655    i.pairing_success_evt_send  security_dispatcher.o
    0x0002f97e   0x00000006   Code   RO         2806    i.params_reply_pending_handle  security_manager.o
    0x0002f984   0x00000028   Code   RO         2807    i.params_req_send   security_manager.o
    0x0002f9ac   0x0000001c   Code   RO         1996    i.pdb_evt_send      peer_database.o
    0x0002f9c8   0x00000090   Code   RO         1997    i.pdb_init          peer_database.o
    0x0002fa58   0x0000007c   Code   RO         1998    i.pdb_pds_evt_handler  peer_database.o
    0x0002fad4   0x00000006   Code   RO         1999    i.pdb_peer_data_ptr_get  peer_database.o
    0x0002fada   0x00000002   PAD
    0x0002fadc   0x0000008c   Code   RO         2000    i.pdb_peer_free     peer_database.o
    0x0002fb68   0x000000dc   Code   RO         2001    i.pdb_write_buf_get  peer_database.o
    0x0002fc44   0x00000014   Code   RO         2002    i.pdb_write_buf_release  peer_database.o
    0x0002fc58   0x00000036   Code   RO         2003    i.pdb_write_buf_store  peer_database.o
    0x0002fc8e   0x00000002   PAD
    0x0002fc90   0x00000010   Code   RO         1858    i.pds_evt_send      peer_data_storage.o
    0x0002fca0   0x000000dc   Code   RO         1859    i.pds_init          peer_data_storage.o
    0x0002fd7c   0x00000004   Code   RO         1860    i.pds_next_deleted_peer_id_get  peer_data_storage.o
    0x0002fd80   0x00000004   Code   RO         1861    i.pds_next_peer_id_get  peer_data_storage.o
    0x0002fd84   0x00000058   Code   RO         1864    i.pds_peer_data_iterate  peer_data_storage.o
    0x0002fddc   0x00000010   Code   RO         1865    i.pds_peer_data_iterate_prepare  peer_data_storage.o
    0x0002fdec   0x00000072   Code   RO         1866    i.pds_peer_data_read  peer_data_storage.o
    0x0002fe5e   0x00000002   PAD
    0x0002fe60   0x000000a0   Code   RO         1867    i.pds_peer_data_store  peer_data_storage.o
    0x0002ff00   0x00000008   Code   RO         1868    i.pds_peer_id_allocate  peer_data_storage.o
    0x0002ff08   0x00000016   Code   RO         1869    i.pds_peer_id_free  peer_data_storage.o
    0x0002ff1e   0x00000004   Code   RO         1870    i.pds_peer_id_is_allocated  peer_data_storage.o
    0x0002ff22   0x00000002   PAD
    0x0002ff24   0x0000009c   Code   RO         1872    i.peer_data_delete_process  peer_data_storage.o
    0x0002ffc0   0x00000030   Code   RO         1873    i.peer_data_find    peer_data_storage.o
    0x0002fff0   0x00000024   Code   RO         1874    i.peer_data_id_is_valid  peer_data_storage.o
    0x00030014   0x0000001a   Code   RO         2004    i.peer_data_point_to_buffer  peer_database.o
    0x0003002e   0x00000002   PAD
    0x00030030   0x0000000c   Code   RO         2117    i.peer_id_allocate  peer_id.o
    0x0003003c   0x00000024   Code   RO         2118    i.peer_id_delete    peer_id.o
    0x00030060   0x0000001c   Code   RO         2119    i.peer_id_free      peer_id.o
    0x0003007c   0x0000000c   Code   RO         2120    i.peer_id_get_next_deleted  peer_id.o
    0x00030088   0x00000030   Code   RO         2121    i.peer_id_get_next_used  peer_id.o
    0x000300b8   0x0000000c   Code   RO         2122    i.peer_id_init      peer_id.o
    0x000300c4   0x00000014   Code   RO         2123    i.peer_id_is_allocated  peer_id.o
    0x000300d8   0x00000014   Code   RO         2124    i.peer_id_is_deleted  peer_id.o
    0x000300ec   0x00000084   Code   RO           26    i.peer_manager_init  main.o
    0x00030170   0x00000018   Code   RO         3377    i.pin_in_use_by_port  nrfx_gpiote.o
    0x00030188   0x00000018   Code   RO         3378    i.pin_in_use_by_te  nrfx_gpiote.o
    0x000301a0   0x00000064   Code   RO         2597    i.pm_buffer_block_acquire  pm_buffer.o
    0x00030204   0x00000024   Code   RO         2598    i.pm_buffer_init    pm_buffer.o
    0x00030228   0x00000028   Code   RO         2599    i.pm_buffer_ptr_get  pm_buffer.o
    0x00030250   0x00000032   Code   RO         2600    i.pm_buffer_release  pm_buffer.o
    0x00030282   0x0000000a   Code   RO         2209    i.pm_conn_sec_config_reply  peer_manager.o
    0x0003028c   0x00000134   Code   RO           27    i.pm_evt_handler    main.o
    0x000303c0   0x00000004   Code   RO         2214    i.pm_gcm_evt_handler  peer_manager.o
    0x000303c4   0x00000004   Code   RO         2217    i.pm_im_evt_handler  peer_manager.o
    0x000303c8   0x000001bc   Code   RO         2218    i.pm_init           peer_manager.o
    0x00030584   0x00000120   Code   RO         2222    i.pm_pdb_evt_handler  peer_manager.o
    0x000306a4   0x00000014   Code   RO         2233    i.pm_peer_delete    peer_manager.o
    0x000306b8   0x000000ec   Code   RO         2238    i.pm_peer_ranks_get  peer_manager.o
    0x000307a4   0x00000094   Code   RO         2239    i.pm_peers_delete   peer_manager.o
    0x00030838   0x0000002c   Code   RO         2242    i.pm_register       peer_manager.o
    0x00030864   0x00000014   Code   RO         2243    i.pm_sec_params_set  peer_manager.o
    0x00030878   0x0000000a   Code   RO         2244    i.pm_sm_evt_handler  peer_manager.o
    0x00030882   0x00000002   PAD
    0x00030884   0x0000003c   Code   RO         7058    i.postfix_process   nrf_log_str_formatter.o
    0x000308c0   0x00000098   Code   RO         7059    i.prefix_process    nrf_log_str_formatter.o
    0x00030958   0x00000018   Code   RO         3642    i.prs_box_get       nrfx_prs.o
    0x00030970   0x000000ea   Code   RO         7790    i.put_fat           ff.o
    0x00030a5a   0x00000002   PAD
    0x00030a5c   0x0000001c   Code   RO         5988    i.queue_buf_get     fds.o
    0x00030a78   0x00000010   Code   RO         5989    i.queue_buf_store   fds.o
    0x00030a88   0x00000014   Code   RO         6607    i.queue_free        nrf_fstorage_sd.o
    0x00030a9c   0x000000a0   Code   RO         5990    i.queue_process     fds.o
    0x00030b3c   0x000000a0   Code   RO         6608    i.queue_process     nrf_fstorage_sd.o
    0x00030bdc   0x0000001c   Code   RO         5991    i.queue_start       fds.o
    0x00030bf8   0x00000024   Code   RO         6609    i.queue_start       nrf_fstorage_sd.o
    0x00030c1c   0x00000028   Code   RO         2247    i.rank_vars_update  peer_manager.o
    0x00030c44   0x0000000e   Code   RO         6610    i.read              nrf_fstorage_sd.o
    0x00030c52   0x00000002   PAD
    0x00030c54   0x000000b0   Code   RO         2005    i.reattempt_previous_operations  peer_database.o
    0x00030d04   0x00000088   Code   RO         5992    i.record_find       fds.o
    0x00030d8c   0x000000a0   Code   RO         5993    i.record_find_by_desc  fds.o
    0x00030e2c   0x0000005c   Code   RO         5994    i.record_find_next  fds.o
    0x00030e88   0x00000038   Code   RO         5995    i.record_header_flag_dirty  fds.o
    0x00030ec0   0x00000010   Code   RO         2126    i.release           peer_id.o
    0x00030ed0   0x00000074   Code   RO         7791    i.remove_chain      ff.o
    0x00030f44   0x00000004   Code   RO         6611    i.rmap              nrf_fstorage_sd.o
    0x00030f48   0x0000003c   Code   RO         4927    i.rtc1_stop         app_timer.o
    0x00030f84   0x00000060   Code   RO          580    i.rtcCallbackFunc   board_rtc.o
    0x00030fe4   0x00000002   Code   RO           28    i.saadc_callback    main.o
    0x00030fe6   0x00000002   PAD
    0x00030fe8   0x00000050   Code   RO           29    i.saadc_init        main.o
    0x00031038   0x0000002c   Code   RO           30    i.saadc_sigle_end   main.o
    0x00031064   0x00000048   Code   RO           31    i.saadc_sigle_start  main.o
    0x000310ac   0x00000024   Code   RO         1451    i.sc_send_pending_handle  gatt_cache_manager.o
    0x000310d0   0x00000050   Code   RO         3019    i.sd_state_evt_handler  nrf_drv_clock.o
    0x00031120   0x000000b8   Code   RO         6407    i.sdc_cmd           app_sdcard.o
    0x000311d8   0x00000098   Code   RO         6541    i.sdc_handler       nrf_block_dev_sdc.o
    0x00031270   0x0000030c   Code   RO         6408    i.sdc_pt_identification  app_sdcard.o
    0x0003157c   0x000000c0   Code   RO         6409    i.sdc_pt_read       app_sdcard.o
    0x0003163c   0x0000015c   Code   RO         6410    i.sdc_pt_sub_data_read  app_sdcard.o
    0x00031798   0x00000240   Code   RO         6411    i.sdc_pt_write      app_sdcard.o
    0x000319d8   0x0000007c   Code   RO         6412    i.sdc_spi_transfer  app_sdcard.o
    0x00031a54   0x00000030   Code   RO         7472    i.sdh_request_observer_notify  nrf_sdh.o
    0x00031a84   0x0000002c   Code   RO         7473    i.sdh_state_observer_notify  nrf_sdh.o
    0x00031ab0   0x000000b4   Code   RO         2656    i.sec_info_request_process  security_dispatcher.o
    0x00031b64   0x000000f4   Code   RO         2657    i.sec_keyset_fill   security_dispatcher.o
    0x00031c58   0x00000076   Code   RO         2808    i.sec_params_verify  security_manager.o
    0x00031cce   0x00000002   PAD
    0x00031cd0   0x00000060   Code   RO         2658    i.sec_proc_start    security_dispatcher.o
    0x00031d30   0x00000036   Code   RO           32    i.select_loc        main.o
    0x00031d66   0x00000022   Code   RO         2659    i.send_config_req   security_dispatcher.o
    0x00031d88   0x00000010   Code   RO          994    i.send_error_evt    ble_conn_params.o
    0x00031d98   0x00000028   Code   RO         1452    i.send_unexpected_error  gatt_cache_manager.o
    0x00031dc0   0x00000028   Code   RO         2660    i.send_unexpected_error  security_dispatcher.o
    0x00031de8   0x00000050   Code   RO         6716    i.serial_tx         nrf_log_backend_rtt.o
    0x00031e38   0x00000014   Code   RO         1453    i.service_changed_pending_flags_check  gatt_cache_manager.o
    0x00031e4c   0x00000044   Code   RO         1608    i.service_changed_pending_set  gatts_cache_manager.o
    0x00031e90   0x000000f4   Code   RO         1454    i.service_changed_send_in_evt  gatt_cache_manager.o
    0x00031f84   0x00000088   Code   RO          870    i.service_data_encode  ble_advdata.o
    0x0003200c   0x00000084   Code   RO           33    i.services_init     main.o
    0x00032090   0x00000030   Code   RO         1235    i.set_security_req  ble_srv_common.o
    0x000320c0   0x0000007c   Code   RO         5661    i.shutdown_process  nrf_pwr_mgmt.o
    0x0003213c   0x0000002c   Code   RO         2809    i.sm_ble_evt_handler  security_manager.o
    0x00032168   0x00000004   Code   RO         2810    i.sm_conn_sec_config_reply  security_manager.o
    0x0003216c   0x00000058   Code   RO         2811    i.sm_init           security_manager.o
    0x000321c4   0x00000044   Code   RO         2814    i.sm_pdb_evt_handler  security_manager.o
    0x00032208   0x00000034   Code   RO         2816    i.sm_sec_params_set  security_manager.o
    0x0003223c   0x00000060   Code   RO         2817    i.sm_smd_evt_handler  security_manager.o
    0x0003229c   0x00000118   Code   RO         2661    i.smd_ble_evt_handler  security_dispatcher.o
    0x000323b4   0x00000010   Code   RO         2662    i.smd_conn_sec_config_reply  security_dispatcher.o
    0x000323c4   0x00000068   Code   RO         2663    i.smd_init          security_dispatcher.o
    0x0003242c   0x0000003a   Code   RO         2664    i.smd_link_secure   security_dispatcher.o
    0x00032466   0x00000002   PAD
    0x00032468   0x000000b0   Code   RO         2665    i.smd_params_reply  security_dispatcher.o
    0x00032518   0x00000040   Code   RO         2818    i.smd_params_reply_perform  security_manager.o
    0x00032558   0x00000018   Code   RO         3020    i.soc_evt_handler   nrf_drv_clock.o
    0x00032570   0x00000078   Code   RO         7474    i.softdevice_evt_irq_disable  nrf_sdh.o
    0x000325e8   0x00000098   Code   RO         7475    i.softdevices_evt_irq_enable  nrf_sdh.o
    0x00032680   0x00000220   Code   RO         6413    i.spi_handler       app_sdcard.o
    0x000328a0   0x00000038   Code   RO         4391    i.spim_evt_handler  nrf_drv_spi.o
    0x000328d8   0x000000bc   Code   RO         4465    i.spim_xfer         nrfx_spim.o
    0x00032994   0x00000028   Code   RO         7792    i.st_clust          ff.o
    0x000329bc   0x00000010   Code   RO         7793    i.st_dword          ff.o
    0x000329cc   0x00000008   Code   RO         7794    i.st_word           ff.o
    0x000329d4   0x0000008c   Code   RO         6894    i.std_n             nrf_log_frontend.o
    0x00032a60   0x00000058   Code   RO         1455    i.store_car_value   gatt_cache_manager.o
    0x00032ab8   0x00000088   Code   RO         7795    i.sync_fs           ff.o
    0x00032b40   0x00000052   Code   RO         7796    i.sync_window       ff.o
    0x00032b92   0x00000002   PAD
    0x00032b94   0x000000a8   Code   RO           34    i.thi_monitor_handler  main.o
    0x00032c3c   0x0000000c   Code   RO           35    i.thi_monitor_timeout_handler  main.o
    0x00032c48   0x0000032c   Code   RO           36    i.time_write_handler  main.o
    0x00032f74   0x00000080   Code   RO         4928    i.timer_list_handler  app_timer.o
    0x00032ff4   0x0000003c   Code   RO         4929    i.timer_list_insert  app_timer.o
    0x00033030   0x00000060   Code   RO         4930    i.timer_list_remove  app_timer.o
    0x00033090   0x00000048   Code   RO         4931    i.timer_stop_op_schedule  app_timer.o
    0x000330d8   0x00000074   Code   RO         4932    i.timer_timeouts_check  app_timer.o
    0x0003314c   0x0000000a   Code   RO          871    i.uint16_encode     ble_advdata.o
    0x00033156   0x00000002   PAD
    0x00033158   0x00000020   Code   RO         6612    i.uninit            nrf_fstorage_sd.o
    0x00033178   0x000000b4   Code   RO         5542    i.unsigned_print    nrf_fprintf_format.o
    0x0003322c   0x00000030   Code   RO         1456    i.update_pending_flags_check  gatt_cache_manager.o
    0x0003325c   0x00000068   Code   RO          995    i.update_timeout_handler  ble_conn_params.o
    0x000332c4   0x0000000c   Code   RO         1089    i.user_flag_is_acquired  ble_conn_state.o
    0x000332d0   0x00000024   Code   RO         1396    i.user_mem_reply    nrf_ble_qwr.o
    0x000332f4   0x00000030   Code   RO         4933    i.user_op_alloc     app_timer.o
    0x00033324   0x00000030   Code   RO          872    i.uuid_list_encode  ble_advdata.o
    0x00033354   0x0000009e   Code   RO          873    i.uuid_list_sized_encode  ble_advdata.o
    0x000333f2   0x00000032   Code   RO         7797    i.validate          ff.o
    0x00033424   0x00000004   Code   RO         6613    i.wmap              nrf_fstorage_sd.o
    0x00033428   0x00000050   Code   RO         6614    i.write             nrf_fstorage_sd.o
    0x00033478   0x0000014c   Code   RO         2006    i.write_buf_store   peer_database.o
    0x000335c4   0x00000034   Code   RO         2007    i.write_buffer_record_find  peer_database.o
    0x000335f8   0x00000030   Code   RO         2008    i.write_buffer_record_find_next  peer_database.o
    0x00033628   0x0000001c   Code   RO         2009    i.write_buffer_record_invalidate  peer_database.o
    0x00033644   0x0000002c   Code   RO         2010    i.write_buffer_record_release  peer_database.o
    0x00033670   0x000000e8   Code   RO         5997    i.write_enqueue     fds.o
    0x00033758   0x000000f4   Code   RO         5998    i.write_execute     fds.o
    0x0003384c   0x00000018   Code   RO         5999    i.write_space_free  fds.o
    0x00033864   0x0000005c   Code   RO         6000    i.write_space_reserve  fds.o
    0x000338c0   0x00000070   Data   RO           43    .constdata          main.o
    0x00033930   0x00000010   Data   RO          581    .constdata          board_rtc.o
    0x00033940   0x00000008   Data   RO          706    .constdata          boards.o
    0x00033948   0x00000016   Data   RO         1302    .constdata          nrf_ble_gatt.o
    0x0003395e   0x00000002   PAD
    0x00033960   0x00000074   Data   RO         1457    .constdata          gatt_cache_manager.o
    0x000339d4   0x00000004   Data   RO         1609    .constdata          gatts_cache_manager.o
    0x000339d8   0x00000010   Data   RO         1610    .constdata          gatts_cache_manager.o
    0x000339e8   0x00000004   Data   RO         1611    .constdata          gatts_cache_manager.o
    0x000339ec   0x00000008   Data   RO         1714    .constdata          id_manager.o
    0x000339f4   0x0000001c   Data   RO         1875    .constdata          peer_data_storage.o
    0x00033a10   0x00000010   Data   RO         2012    .constdata          peer_database.o
    0x00033a20   0x0000002c   Data   RO         2249    .constdata          peer_manager.o
    0x00033a4c   0x000000a4   Data   RO         2667    .constdata          security_dispatcher.o
    0x00033af0   0x00000004   Data   RO         2819    .constdata          security_manager.o
    0x00033af4   0x00000010   Data   RO         2957    .constdata          ble_lbs.o
    0x00033b04   0x00000004   Data   RO         3380    .constdata          nrfx_gpiote.o
    0x00033b08   0x00000008   PAD
    0x00033b10   0x00000006   Data   RO         4199    .constdata          nrfx_saadc.o
    0x00033b16   0x00000002   PAD
    0x00033b18   0x00000010   Data   RO         4393    .constdata          nrf_drv_spi.o
    0x00033b28   0x00000004   Data   RO         4468    .constdata          nrfx_spim.o
    0x00033b2c   0x00000008   Data   RO         4694    .constdata          app_button.o
    0x00033b34   0x0000000c   PAD
    0x00033b40   0x00000006   Data   RO         4935    .constdata          app_timer.o
    0x00033b46   0x00000010   Data   RO         5543    .constdata          nrf_fprintf_format.o
    0x00033b56   0x00000002   PAD
    0x00033b58   0x00000018   Data   RO         5663    .constdata          nrf_pwr_mgmt.o
    0x00033b70   0x0000000c   Data   RO         5664    .constdata          nrf_pwr_mgmt.o
    0x00033b7c   0x0000013c   Data   RO         5827    .constdata          nrf_strerror.o
    0x00033cb8   0x00000018   Data   RO         6003    .constdata          fds.o
    0x00033cd0   0x0000005e   Data   RO         6321    .constdata          nrf_fstorage.o
    0x00033d2e   0x00000002   PAD
    0x00033d30   0x00000020   Data   RO         6415    .constdata          app_sdcard.o
    0x00033d50   0x00000018   Data   RO         6542    .constdata          nrf_block_dev_sdc.o
    0x00033d68   0x00000048   Data   RO         6543    .constdata          nrf_block_dev_sdc.o
    0x00033db0   0x00000010   Data   RO         6617    .constdata          nrf_fstorage_sd.o
    0x00033dc0   0x00000020   Data   RO         6618    .constdata          nrf_fstorage_sd.o
    0x00033de0   0x0000000c   Data   RO         6718    .constdata          nrf_log_backend_rtt.o
    0x00033dec   0x00000004   PAD
    0x00033df0   0x00000006   Data   RO         6719    .constdata          nrf_log_backend_rtt.o
    0x00033df6   0x00000002   PAD
    0x00033df8   0x0000000c   Data   RO         6899    .constdata          nrf_log_frontend.o
    0x00033e04   0x00000010   Data   RO         7476    .constdata          nrf_sdh.o
    0x00033e14   0x00000028   Data   RO         7477    .constdata          nrf_sdh.o
    0x00033e3c   0x00000010   Data   RO         7478    .constdata          nrf_sdh.o
    0x00033e4c   0x00000010   Data   RO         7479    .constdata          nrf_sdh.o
    0x00033e5c   0x00000020   Data   RO         7587    .constdata          nrf_sdh_ble.o
    0x00033e7c   0x00000010   Data   RO         7588    .constdata          nrf_sdh_ble.o
    0x00033e8c   0x00000010   Data   RO         7638    .constdata          nrf_sdh_soc.o
    0x00033e9c   0x0000000c   Data   RO         7639    .constdata          nrf_sdh_soc.o
    0x00033ea8   0x00000010   Data   RO         8021    .constdata          ble_dfu.o
    0x00033eb8   0x00000081   Data   RO         8254    .constdata          mc_w.l(ctype_o.o)
    0x00033f39   0x00000003   PAD
    0x00033f3c   0x00000004   Data   RO         8255    .constdata          mc_w.l(ctype_o.o)
    0x00033f40   0x00000013   Data   RO           44    .conststring        main.o
    0x00033f53   0x00000001   PAD
    0x00033f54   0x000000a2   Data   RO         1303    .conststring        nrf_ble_gatt.o
    0x00033ff6   0x00000002   PAD
    0x00033ff8   0x000001a4   Data   RO         1458    .conststring        gatt_cache_manager.o
    0x0003419c   0x00000144   Data   RO         1612    .conststring        gatts_cache_manager.o
    0x000342e0   0x000000e8   Data   RO         1876    .conststring        peer_data_storage.o
    0x000343c8   0x00000180   Data   RO         2013    .conststring        peer_database.o
    0x00034548   0x00000090   Data   RO         2250    .conststring        peer_manager.o
    0x000345d8   0x00000296   Data   RO         2668    .conststring        security_dispatcher.o
    0x0003486e   0x00000002   PAD
    0x00034870   0x0000017b   Data   RO         2820    .conststring        security_manager.o
    0x000349eb   0x00000001   PAD
    0x000349ec   0x000003eb   Data   RO         5828    .conststring        nrf_strerror.o
    0x00034dd7   0x00000001   PAD
    0x00034dd8   0x0000004f   Data   RO         6322    .conststring        nrf_fstorage.o
    0x00034e27   0x00000001   PAD
    0x00034e28   0x00000049   Data   RO         6544    .conststring        nrf_block_dev_sdc.o
    0x00034e71   0x00000003   PAD
    0x00034e74   0x00000066   Data   RO         7060    .conststring        nrf_log_str_formatter.o
    0x00034eda   0x00000002   PAD
    0x00034edc   0x000001cf   Data   RO         7589    .conststring        nrf_sdh_ble.o
    0x000350ab   0x00000001   PAD
    0x000350ac   0x000000ce   Data   RO         8116    .conststring        ble_dfu_unbonded.o
    0x0003517a   0x00000002   PAD
    0x0003517c   0x0000000d   Data   RO         1304    .conststrlit        nrf_ble_gatt.o
    0x00035189   0x00000003   PAD
    0x0003518c   0x00000011   Data   RO         1459    .conststrlit        gatt_cache_manager.o
    0x0003519d   0x00000003   PAD
    0x000351a0   0x00000012   Data   RO         1613    .conststrlit        gatts_cache_manager.o
    0x000351b2   0x00000002   PAD
    0x000351b4   0x00000010   Data   RO         1716    .conststrlit        id_manager.o
    0x000351c4   0x00000011   Data   RO         1877    .conststrlit        peer_data_storage.o
    0x000351d5   0x00000003   PAD
    0x000351d8   0x00000011   Data   RO         2014    .conststrlit        peer_database.o
    0x000351e9   0x00000003   PAD
    0x000351ec   0x0000000d   Data   RO         2251    .conststrlit        peer_manager.o
    0x000351f9   0x00000003   PAD
    0x000351fc   0x00000015   Data   RO         2512    .conststrlit        peer_manager_handler.o
    0x00035211   0x00000003   PAD
    0x00035214   0x00000011   Data   RO         2669    .conststrlit        security_dispatcher.o
    0x00035225   0x00000003   PAD
    0x00035228   0x00000010   Data   RO         2821    .conststrlit        security_manager.o
    0x00035238   0x00000006   Data   RO         3026    .conststrlit        nrf_drv_clock.o
    0x0003523e   0x00000002   PAD
    0x00035240   0x00000006   Data   RO         3222    .conststrlit        nrfx_clock.o
    0x00035246   0x00000002   PAD
    0x00035248   0x00000007   Data   RO         3384    .conststrlit        nrfx_gpiote.o
    0x0003524f   0x00000001   PAD
    0x00035250   0x00000004   Data   RO         3644    .conststrlit        nrfx_prs.o
    0x00035254   0x00000005   Data   RO         3724    .conststrlit        nrfx_uart.o
    0x00035259   0x00000003   PAD
    0x0003525c   0x00000006   Data   RO         3910    .conststrlit        nrfx_uarte.o
    0x00035262   0x00000002   PAD
    0x00035264   0x00000006   Data   RO         4059    .conststrlit        nrfx_timer.o
    0x0003526a   0x00000002   PAD
    0x0003526c   0x00000006   Data   RO         4207    .conststrlit        nrfx_saadc.o
    0x00035272   0x00000002   PAD
    0x00035274   0x00000005   Data   RO         4471    .conststrlit        nrfx_spim.o
    0x00035279   0x00000003   PAD
    0x0003527c   0x00000004   Data   RO         4586    .conststrlit        nrfx_rtc.o
    0x00035280   0x00000009   Data   RO         5665    .conststrlit        nrf_pwr_mgmt.o
    0x00035289   0x00000003   PAD
    0x0003528c   0x0000000d   Data   RO         6323    .conststrlit        nrf_fstorage.o
    0x00035299   0x00000003   PAD
    0x0003529c   0x00000010   Data   RO         6834    .conststrlit        nrf_log_default_backends.o
    0x000352ac   0x00000004   Data   RO         6900    .conststrlit        nrf_log_frontend.o
    0x000352b0   0x00000008   Data   RO         7480    .conststrlit        nrf_sdh.o
    0x000352b8   0x0000000c   Data   RO         7590    .conststrlit        nrf_sdh_ble.o
    0x000352c4   0x0000000c   Data   RO         7640    .conststrlit        nrf_sdh_soc.o
    0x000352d0   0x00000020   Data   RO         8343    Region$$Table       anon$$obj.o
    0x000352f0   0x00000010   Data   RO         6836    log_backends        nrf_log_default_backends.o
    0x00035300   0x00000008   Data   RO         1305    log_const_data      nrf_ble_gatt.o
    0x00035308   0x00000008   Data   RO         1461    log_const_data      gatt_cache_manager.o
    0x00035310   0x00000008   Data   RO         1615    log_const_data      gatts_cache_manager.o
    0x00035318   0x00000008   Data   RO         1718    log_const_data      id_manager.o
    0x00035320   0x00000008   Data   RO         1879    log_const_data      peer_data_storage.o
    0x00035328   0x00000008   Data   RO         2016    log_const_data      peer_database.o
    0x00035330   0x00000008   Data   RO         2253    log_const_data      peer_manager.o
    0x00035338   0x00000008   Data   RO         2515    log_const_data      peer_manager_handler.o
    0x00035340   0x00000008   Data   RO         2671    log_const_data      security_dispatcher.o
    0x00035348   0x00000008   Data   RO         2823    log_const_data      security_manager.o
    0x00035350   0x00000008   Data   RO         3027    log_const_data      nrf_drv_clock.o
    0x00035358   0x00000008   Data   RO         3224    log_const_data      nrfx_clock.o
    0x00035360   0x00000008   Data   RO         3385    log_const_data      nrfx_gpiote.o
    0x00035368   0x00000008   Data   RO         3646    log_const_data      nrfx_prs.o
    0x00035370   0x00000008   Data   RO         3725    log_const_data      nrfx_uart.o
    0x00035378   0x00000008   Data   RO         3911    log_const_data      nrfx_uarte.o
    0x00035380   0x00000008   Data   RO         4060    log_const_data      nrfx_timer.o
    0x00035388   0x00000008   Data   RO         4208    log_const_data      nrfx_saadc.o
    0x00035390   0x00000008   Data   RO         4472    log_const_data      nrfx_spim.o
    0x00035398   0x00000008   Data   RO         4588    log_const_data      nrfx_rtc.o
    0x000353a0   0x00000008   Data   RO         5667    log_const_data      nrf_pwr_mgmt.o
    0x000353a8   0x00000008   Data   RO         6324    log_const_data      nrf_fstorage.o
    0x000353b0   0x00000008   Data   RO         6903    log_const_data      nrf_log_frontend.o
    0x000353b8   0x00000008   Data   RO         7482    log_const_data      nrf_sdh.o
    0x000353c0   0x00000008   Data   RO         7592    log_const_data      nrf_sdh_ble.o
    0x000353c8   0x00000008   Data   RO         7641    log_const_data      nrf_sdh_soc.o
    0x000353d0   0x00000014   Data   RO         6904    nrf_balloc          nrf_log_frontend.o
    0x000353e4   0x00000004   Data   RO           48    pwr_mgmt_data0      main.o
    0x000353e8   0x00000008   Data   RO         1091    sdh_ble_observers0  ble_conn_state.o
    0x000353f0   0x00000008   Data   RO           49    sdh_ble_observers1  main.o
    0x000353f8   0x00000008   Data   RO          998    sdh_ble_observers1  ble_conn_params.o
    0x00035400   0x00000008   Data   RO         2254    sdh_ble_observers1  peer_manager.o
    0x00035408   0x00000010   Data   RO           50    sdh_ble_observers2  main.o
    0x00035418   0x00000008   Data   RO         8022    sdh_ble_observers2  ble_dfu.o
    0x00035420   0x00000008   Data   RO           51    sdh_ble_observers3  main.o
    0x00035428   0x00000008   Data   RO         6620    sdh_req_observers0  nrf_fstorage_sd.o
    0x00035430   0x00000008   Data   RO         3028    sdh_soc_observers0  nrf_drv_clock.o
    0x00035438   0x00000008   Data   RO         6621    sdh_soc_observers0  nrf_fstorage_sd.o
    0x00035440   0x00000008   Data   RO         8118    sdh_soc_observers1  ble_dfu_unbonded.o
    0x00035448   0x00000008   Data   RO         7593    sdh_stack_observers0  nrf_sdh_ble.o
    0x00035450   0x00000008   Data   RO         7642    sdh_stack_observers0  nrf_sdh_soc.o
    0x00035458   0x00000008   Data   RO         3029    sdh_state_observers0  nrf_drv_clock.o
    0x00035460   0x00000008   Data   RO         6622    sdh_state_observers0  nrf_fstorage_sd.o


    Execution Region RW_IRAM1 (Base: 0x20002aa8, Size: 0x00005dc8, Max: 0x0000d558, ABSOLUTE, COMPRESSED[0x00000070])

    Base Addr    Size         Type   Attr      Idx    E Section Name        Object

    0x20002aa8   0x00000068   Data   RW           45    .data               main.o
    0x20002b10   0x0000000c   Data   RW          582    .data               board_rtc.o
    0x20002b1c   0x00000008   Data   RW          997    .data               ble_conn_params.o
    0x20002b24   0x00000010   Data   RW         1460    .data               gatt_cache_manager.o
    0x20002b34   0x00000006   Data   RW         1614    .data               gatts_cache_manager.o
    0x20002b3a   0x00000002   PAD
    0x20002b3c   0x0000000c   Data   RW         1878    .data               peer_data_storage.o
    0x20002b48   0x00000008   Data   RW         2015    .data               peer_database.o
    0x20002b50   0x00000010   Data   RW         2252    .data               peer_manager.o
    0x20002b60   0x00000005   Data   RW         2670    .data               security_dispatcher.o
    0x20002b65   0x00000003   PAD
    0x20002b68   0x00000015   Data   RW         2822    .data               security_manager.o
    0x20002b7d   0x00000003   PAD
    0x20002b80   0x00000008   Data   RW         3223    .data               nrfx_clock.o
    0x20002b88   0x00000008   Data   RW         3645    .data               nrfx_prs.o
    0x20002b90   0x00000008   Data   RW         4587    .data               nrfx_rtc.o
    0x20002b98   0x00000020   Data   RW         4695    .data               app_button.o
    0x20002bb8   0x00000014   Data   RW         4936    .data               app_timer.o
    0x20002bcc   0x00000008   Data   RW         5666    .data               nrf_pwr_mgmt.o
    0x20002bd4   0x00000030   Data   RW         6004    .data               fds.o
    0x20002c04   0x00000008   Data   RW         6545    .data               nrf_block_dev_sdc.o
    0x20002c0c   0x00000008   Data   RW         6619    .data               nrf_fstorage_sd.o
    0x20002c14   0x00000001   Data   RW         6720    .data               nrf_log_backend_rtt.o
    0x20002c15   0x00000003   PAD
    0x20002c18   0x00000008   Data   RW         6835    .data               nrf_log_default_backends.o
    0x20002c20   0x00000008   Data   RW         6901    .data               nrf_log_frontend.o
    0x20002c28   0x00000008   Data   RW         6902    .data               nrf_log_frontend.o
    0x20002c30   0x00000040   Data   RW         7061    .data               nrf_log_str_formatter.o
    0x20002c70   0x00000003   Data   RW         7481    .data               nrf_sdh.o
    0x20002c73   0x00000001   Data   RW         7591    .data               nrf_sdh_ble.o
    0x20002c74   0x00000008   Data   RW         7682    .data               diskio_blkdev.o
    0x20002c7c   0x00000008   Data   RW         7799    .data               ff.o
    0x20002c84   0x00000004   Data   RW         8117    .data               ble_dfu_unbonded.o
    0x20002c88   0x00000004   Data   RW         8208    .data               system_nrf52.o
    0x20002c8c   0x00000004   Data   RW         8338    .data               mc_w.l(mvars.o)
    0x20002c90   0x00000004   Data   RW         8339    .data               mc_w.l(mvars.o)
    0x20002c94   0x00000014   Data   RW         6005    fs_data             fds.o
    0x20002ca8   0x00000ae4   Zero   RW           37    .bss                main.o
    0x2000378c   0x0000001f   Zero   RW           38    .bss                main.o
    0x200037ab   0x0000001f   Zero   RW           39    .bss                main.o
    0x200037ca   0x00000002   PAD
    0x200037cc   0x0000001c   Zero   RW           42    .bss                main.o
    0x200037e8   0x00000050   Zero   RW          996    .bss                ble_conn_params.o
    0x20003838   0x00000078   Zero   RW         1090    .bss                ble_conn_state.o
    0x200038b0   0x000000d8   Zero   RW         1713    .bss                id_manager.o
    0x20003988   0x00000180   Zero   RW         2011    .bss                peer_database.o
    0x20003b08   0x00000040   Zero   RW         2127    .bss                peer_id.o
    0x20003b48   0x0000000c   Zero   RW         2248    .bss                peer_manager.o
    0x20003b54   0x00000040   Zero   RW         2666    .bss                security_dispatcher.o
    0x20003b94   0x00000014   Zero   RW         3021    .bss                nrf_drv_clock.o
    0x20003ba8   0x0000005c   Zero   RW         3379    .bss                nrfx_gpiote.o
    0x20003c04   0x00000018   Zero   RW         4057    .bss                nrfx_timer.o
    0x20003c1c   0x00000030   Zero   RW         4198    .bss                nrfx_saadc.o
    0x20003c4c   0x00000018   Zero   RW         4392    .bss                nrf_drv_spi.o
    0x20003c64   0x00000024   Zero   RW         4466    .bss                nrfx_spim.o
    0x20003c88   0x00000020   Zero   RW         4693    .bss                app_button.o
    0x20003ca8   0x00000020   Zero   RW         4760    .bss                app_error.o
    0x20003cc8   0x0000010c   Zero   RW         4934    .bss                app_timer.o
    0x20003dd4   0x0000000c   Zero   RW         5081    .bss                app_util_platform.o
    0x20003de0   0x0000000c   Zero   RW         5662    .bss                nrf_pwr_mgmt.o
    0x20003dec   0x00000010   Zero   RW         6001    .bss                fds.o
    0x20003dfc   0x000000e0   Zero   RW         6002    .bss                fds.o
    0x20003edc   0x0000005c   Zero   RW         6414    .bss                app_sdcard.o
    0x20003f38   0x00000010   Zero   RW         6615    .bss                nrf_fstorage_sd.o
    0x20003f48   0x000000a0   Zero   RW         6616    .bss                nrf_fstorage_sd.o
    0x20003fe8   0x00000040   Zero   RW         6717    .bss                nrf_log_backend_rtt.o
    0x20004028   0x000000c0   Zero   RW         6895    .bss                nrf_log_frontend.o
    0x200040e8   0x00000080   Zero   RW         6896    .bss                nrf_log_frontend.o
    0x20004168   0x00000018   Zero   RW         6897    .bss                nrf_log_frontend.o
    0x20004180   0x00000424   Zero   RW         6898    .bss                nrf_log_frontend.o
    0x200045a4   0x00000288   Zero   RW         7137    .bss                segger_rtt.o
    0x2000482c   0x0000001c   Zero   RW         8020    .bss                ble_dfu.o
    0x20004848   0x00000028   Zero   RW         8115    .bss                ble_dfu_unbonded.o
    0x20004870   0x00002000   Zero   RW         8197    HEAP                arm_startup_nrf52.o
    0x20006870   0x00002000   Zero   RW         8196    STACK               arm_startup_nrf52.o


==============================================================================

Image component sizes


      Code (inc. data)   RO Data    RW Data    ZI Data      Debug   Object Name

         0          0          0          0          0       1796   adg725.o
       488         46          8         32         32      18727   app_button.o
       100          4          0          0         32       4794   app_error.o
        26          0          0          0          0        628   app_error_handler_keil.o
       356        192          0          0          0       5058   app_error_weak.o
         0          0          0          0          0      36742   app_scheduler.o
      3560        564         32          0         92      43099   app_sdcard.o
      1506        118          6         20        268      49159   app_timer.o
       124         14          0          0         12       9870   app_util_platform.o
        36          8        512          0      16384        984   arm_startup_nrf52.o
      1236          0          0          0          0      97587   ble_advdata.o
       636         44          8          8         80      12755   ble_conn_params.o
       714        106          8          0        120      13363   ble_conn_state.o
       542         72         24          0         28       9660   ble_dfu.o
         0          0          0          0          0       4928   ble_dfu_bonded.o
       476         42        214          4         40       7882   ble_dfu_unbonded.o
       338          4         16          0          0       5808   ble_lbs.o
       464          6          0          0          0       4375   ble_srv_common.o
       292         94         16         12          0      45384   board_rtc.o
       192         16          8          0          0       9781   boards.o
       722         50          0          8          0      13893   diskio_blkdev.o
      3418        314         24         68        240      50715   fds.o
      4640         66          0          8          0      41961   ff.o
      1848        544        561         16          0      26823   gatt_cache_manager.o
       578         70        374          6          0      16123   gatts_cache_manager.o
       946         34         32          0        216      16016   id_manager.o
      6468       2426        167        104       2878     238402   main.o
       342          0          0          0          0       9190   nrf_atfifo.o
       170          0          0          0          0       5092   nrf_atflags.o
       332          0          0          0          0      10870   nrf_atomic.o
       164          0          0          0          0       3856   nrf_balloc.o
       926        272        205          0          0      37107   nrf_ble_gatt.o
       276          0          0          0          0       6537   nrf_ble_qwr.o
       636         50        169          8          0      12943   nrf_block_dev_sdc.o
       364        236          0          0          0       1758   nrf_dfu_svci.o
       276         34         30          0         20      39976   nrf_drv_clock.o
       168         18         16          0         24      14399   nrf_drv_spi.o
        50          0          0          0          0       3753   nrf_fprintf.o
       850          4         16          0          0       5758   nrf_fprintf_format.o
       972        432        194          0          0       8532   nrf_fstorage.o
       798         82         72          8        176      17019   nrf_fstorage_sd.o
       112         18         18          1         64       6633   nrf_log_backend_rtt.o
       200          0          0          0          0      11077   nrf_log_backend_serial.o
        28          4         32          8          0       3497   nrf_log_default_backends.o
      1520        114         44         16       1404      32688   nrf_log_frontend.o
       566        108        102         64          0       5964   nrf_log_str_formatter.o
       346          0          0          0          0      10075   nrf_memobj.o
       292         42         53          8         12      37630   nrf_pwr_mgmt.o
        28          0          0          0          0       2531   nrf_ringbuf.o
       680        180        104          3          0      42588   nrf_sdh.o
       800        298        539          1          0       6265   nrf_sdh_ble.o
       128         68         56          0          0       2640   nrf_sdh_soc.o
        78          0          0          0          0       3008   nrf_section_iter.o
        76         10       1319          0          0       2967   nrf_strerror.o
       226         30         14          8          0      42078   nrfx_clock.o
      1298         98         19          0         92      60998   nrfx_gpiote.o
       112         16         12          8          0       4824   nrfx_prs.o
       428         26         12          8          0      13514   nrfx_rtc.o
       924         70         20          0         48      19386   nrfx_saadc.o
       994         34         17          0         36      23357   nrfx_spim.o
       470         34         14          0         24      16996   nrfx_timer.o
         0          0         13          0          0      12412   nrfx_uart.o
         0          0         14          0          0      10454   nrfx_uarte.o
      1152        144        285         12          0      17074   peer_data_storage.o
      1442        260        425          8        384      20506   peer_database.o
       314         38          0          0         64       9875   peer_id.o
      1352        366        217         16         12      18295   peer_manager.o
         0          0         29          0          0       6824   peer_manager_handler.o
       234          0          0          0          0       5783   pm_buffer.o
      2244        284        851          5         64      32035   security_dispatcher.o
      1102        114        407         21          0      50932   security_manager.o
       378         34          0          0        648       9497   segger_rtt.o
       796         70          0          4          0      29718   system_nrf52.o

    ----------------------------------------------------------------------
     54442       8422       7456        504      23496    1535224   Object Totals
         0          0         32          0          0          0   (incl. Generated)
        92          0         96         11          2          0   (incl. Padding)

    ----------------------------------------------------------------------

      Code (inc. data)   RO Data    RW Data    ZI Data      Debug   Library Member Name

        86          0          0          0          0          0   __dczerorl2.o
         8          4        133          0          0         68   ctype_o.o
         0          0          0          0          0          0   entry.o
         0          0          0          0          0          0   entry10a.o
         0          0          0          0          0          0   entry11a.o
         8          4          0          0          0          0   entry2.o
         4          0          0          0          0          0   entry5.o
         0          0          0          0          0          0   entry7b.o
         0          0          0          0          0          0   entry8b.o
         8          4          0          0          0          0   entry9a.o
        30          0          0          0          0          0   handlers.o
        36          8          0          0          0         68   init.o
        30          0          0          0          0         68   llshl.o
       188         20          0          0          0        160   malloc.o
        26          0          0          0          0         80   memcmp.o
        36          0          0          0          0         68   memcpya.o
        36          0          0          0          0        108   memseta.o
         0          0          0          8          0          0   mvars.o
        18          0          0          0          0         68   strcpy.o
        14          0          0          0          0         68   strlen.o

    ----------------------------------------------------------------------
       534         40        136          8          0        756   Library Totals
         6          0          3          0          0          0   (incl. Padding)

    ----------------------------------------------------------------------

      Code (inc. data)   RO Data    RW Data    ZI Data      Debug   Library Name

       528         40        133          8          0        756   mc_w.l

    ----------------------------------------------------------------------
       534         40        136          8          0        756   Library Totals

    ----------------------------------------------------------------------

==============================================================================


      Code (inc. data)   RO Data    RW Data    ZI Data      Debug   

     54976       8462       7592        512      23496    1478052   Grand Totals
     54976       8462       7592        112      23496    1478052   ELF Image Totals (compressed)
     54976       8462       7592        112          0          0   ROM Totals

==============================================================================

    Total RO  Size (Code + RO Data)                62568 (  61.10kB)
    Total RW  Size (RW Data + ZI Data)             24008 (  23.45kB)
    Total ROM Size (Code + RO Data + RW Data)      62680 (  61.21kB)

==============================================================================

